--------- beginning of /dev/log/system
D/PicasaUploaderSyncManager(14960): battery info: true
I/iu.UploadsManager(12745): num queued entries: 0
I/iu.UploadsManager(12745): num updated entries: 0
I/iu.UploadsManager(12745): num queued entries: 0
I/iu.UploadsManager(12745): num updated entries: 0
I/iu.SyncManager(12745): NEXT; no task
D/dalvikvm(27700): Late-enabling CheckJNI
D/dalvikvm( 4820): GC_CONCURRENT freed 437K, 6% free 9408K/9924K, paused 1ms+2ms, total 22ms
I/ActivityManager(  533): Start proc com.google.android.apps.chrome for broadcast com.google.android.apps.chrome/org.chromium.base.PowerStatusReceiver: pid=27700 uid=10072 gids={50072, 1006, 3003, 1015, 1028}
I/ActivityManager(  533): No longer want com.android.providers.calendar (pid 22995): empty #17
D/dalvikvm(  786): GC_CONCURRENT freed 324K, 7% free 10288K/11016K, paused 2ms+4ms, total 31ms
D/dalvikvm(  659): GC_CONCURRENT freed 486K, 13% free 12636K/14432K, paused 3ms+4ms, total 22ms
D/MtpService(12559): updating state; isCurrentUser=true, mMtpLocked=false
D/MtpService(12559): addStorageLocked 65537 /storage/emulated/0
D/dalvikvm(12559): GC_FOR_ALLOC freed 354K, 7% free 9183K/9856K, paused 14ms, total 14ms
D/MtpService(12559): updating state; isCurrentUser=true, mMtpLocked=false
D/MtpService(12559): starting MTP server in MTP mode
D/MtpService(12559): addStorageLocked 65537 /storage/emulated/0
W/ContextImpl(  533): Calling a method in the system process without a qualified user: android.app.ContextImpl.startActivity:939 com.android.server.usb.UsbDebuggingManager.showConfirmationDialog:259 com.android.server.usb.UsbDebuggingManager.access$900:46 com.android.server.usb.UsbDebuggingManager$UsbDebuggingHandler.handleMessage:215 android.os.Handler.dispatchMessage:99 
W/ContextImpl(  533): Calling a method in the system process without a qualified user: android.app.ContextImpl.startActivity:951 android.app.ContextImpl.startActivity:940 com.android.server.usb.UsbDebuggingManager.showConfirmationDialog:259 com.android.server.usb.UsbDebuggingManager.access$900:46 com.android.server.usb.UsbDebuggingManager$UsbDebuggingHandler.handleMessage:215 
I/ActivityManager(  533): START u0 {flg=0x10000000 cmp=com.android.systemui/.usb.UsbDebuggingActivity (has extras)} from pid 533
D/dalvikvm(  533): GC_CONCURRENT freed 4274K, 19% free 22959K/28316K, paused 7ms+9ms, total 109ms
I/ActivityManager(  533): Displayed com.android.systemui/.usb.UsbDebuggingActivity: +115ms
D/Mms:app (14974): cancelNotification
D/PhoneStatusBar(  659): disable: < expand icons alerts ticker system_info BACK HOME recent* CLOCK search >
D/Mms     (14974): [1] mDeleteObsoleteThreadsRunnable calling asyncDeleteObsoleteThreads
D/NfcService(  843): NFC-C ON
I/USERIAL_LINUX(  843): USERIAL_Open(): enter
I/USERIAL_LINUX(  843): USERIAL_Open() device: /dev/bcm2079x-i2c port=5, uart_port=0 WAKE_DELAY(20) WRITE_DELAY(20) POWER_ON_DELAY(300) PRE_POWER_OFF_DELAY(10) POST_POWER_OFF_DELAY(0)
D/PhoneStatusBar(  659): disable: < expand icons alerts ticker system_info back* home* recent clock* search >
D/Mms     (14974): [1] onQueryComplete finished DELETE_OBSOLETE_THREADS_TOKEN
D/Mms:app (14974): cancelNotification
D/Mms:app (14974): cancelNotification
D/Mms:app (14974): cancelNotification
D/dalvikvm(  832): GC_CONCURRENT freed 387K, 5% free 9229K/9648K, paused 1ms+1ms, total 16ms
V/TAG     (  533): bug 7643792: fitSystemWindows([0,50][0,0])
I/USERIAL_LINUX(  843): USERIAL_Open(): exit
D/audio_hw_primary(  174): start_output_stream: enter: usecase(1: low-latency-playback) devices(0x2)
D/audio_hw_primary(  174): select_devices: out_snd_device(2: speaker) in_snd_device(0: none)
D/audio_hw_primary(  174): enable_snd_device: sending audio calibration for snd_device(2) acdb_id(14)
D/ACDB-LOADER(  174): ACDB -> send_afe_cal
D/audio_hw_primary(  174): enable_snd_device: snd_device(2: speaker)
D/audio_hw_primary(  174): enable_audio_route: apply mixer path: low-latency-playback
W/InputMethodManagerService(  533): Window already focused, ignoring focus gain of: com.android.internal.view.IInputMethodClient$Stub$Proxy@4247b1a8 attribute=android.view.inputmethod.EditorInfo@4245fcb8, token = android.os.BinderProxy@4252bcb0
D/audio_hw_primary(  174): start_output_stream: exit
D/dalvikvm(  533): JIT code cache reset in 1 ms (1048480 bytes 35/1)
D/dalvikvm(  533): GC_FOR_ALLOC freed 2956K, 24% free 21767K/28316K, paused 75ms, total 75ms
D/dalvikvm(  533): GC_FOR_ALLOC freed 44K, 22% free 22097K/28316K, paused 63ms, total 63ms
I/dalvikvm-heap(  533): Grow heap (frag case) to 21.969MB for 380496-byte allocation
D/dalvikvm(  533): GC_FOR_ALLOC freed <1K, 22% free 22468K/28688K, paused 59ms, total 59ms
D/dalvikvm(  533): GC_FOR_ALLOC freed 743K, 25% free 21725K/28688K, paused 58ms, total 59ms
D/dalvikvm(  659): GC_FOR_ALLOC freed 716K, 16% free 12240K/14432K, paused 18ms, total 18ms
I/dalvikvm-heap(  659): Grow heap (frag case) to 12.340MB for 380496-byte allocation
D/dalvikvm(  659): GC_FOR_ALLOC freed 9K, 15% free 12602K/14804K, paused 16ms, total 16ms
D/dalvikvm(  659): GC_FOR_ALLOC freed 84K, 16% free 12561K/14804K, paused 16ms, total 16ms
I/dalvikvm-heap(  659): Grow heap (frag case) to 12.654MB for 380496-byte allocation
D/dalvikvm(  659): GC_FOR_ALLOC freed 0K, 15% free 12932K/15176K, paused 16ms, total 16ms
D/dalvikvm(  533): GC_FOR_ALLOC freed 748K, 25% free 21724K/28688K, paused 65ms, total 66ms
D/dalvikvm(  659): GC_FOR_ALLOC freed 378K, 18% free 12560K/15176K, paused 16ms, total 16ms
I/ActivityManager(  533): START u0 {act=com.android.systemui.recent.action.TOGGLE_RECENTS flg=0x10800000 cmp=com.android.systemui/.recent.RecentsActivity (has extras)} from pid 659
D/dalvikvm(  533): GC_FOR_ALLOC freed 375K, 23% free 22100K/28688K, paused 58ms, total 59ms
I/ActivityManager(  533): Displayed com.android.systemui/.recent.RecentsActivity: +89ms
D/dalvikvm(  533): GC_FOR_ALLOC freed 1170K, 26% free 21368K/28688K, paused 76ms, total 77ms
I/ActivityManager(  533): Killing 14974:com.android.mms/u0a10044: remove task
D/CountryDetector(  533): No listener is left
I/WindowState(  533): WIN DEATH: Window{42226cb0 u0 com.android.mms/com.android.mms.ui.ConversationList}
W/ResourceType(  533): Skipping entry 0x7f05000e in package table 0 because it is not complex!
W/ResourceType(  533): Skipping entry 0x7f05000f in package table 0 because it is not complex!
I/ActivityManager(  533): START u0 {act=android.intent.action.MAIN cat=[android.intent.category.HOME] flg=0x10200000 cmp=com.android.launcher/com.android.launcher2.Launcher} from pid 533
D/android.widget.GridLayout(  862): horizontal constraints: x1-x0>=350, x2-x1>=390, x2-x0<=736 are inconsistent; permanently removing: x2-x0<=736. 
D/android.widget.GridLayout(  862): horizontal constraints: x1-x0>=350, x2-x1>=390, x2-x0<=736 are inconsistent; permanently removing: x2-x0<=736. 
D/android.widget.GridLayout(  862): horizontal constraints: x1-x0>=350, x2-x1>=390, x2-x0<=736 are inconsistent; permanently removing: x2-x0<=736. 
I/ActivityManager(  533): START u0 {act=android.intent.action.MAIN cat=[android.intent.category.LAUNCHER] flg=0x10200000 cmp=com.android.chrome/com.google.android.apps.chrome.Main} from pid 862
D/dalvikvm(  533): GC_FOR_ALLOC freed 1197K, 26% free 21433K/28688K, paused 62ms, total 62ms
W/ResourceType(27670): Failure getting entry for 0x7f040041 (t=3 e=65) in package 0 (error -75)
W/ResourceType(27670): Failure getting entry for 0x7f040015 (t=3 e=21) in package 0 (error -75)
D/libEGL  (27670): loaded /system/lib/egl/libEGL_adreno200.so
D/libEGL  (27670): loaded /system/lib/egl/libGLESv1_CM_adreno200.so
D/libEGL  (27670): loaded /system/lib/egl/libGLESv2_adreno200.so
I/Adreno200-EGL(27670): <qeglDrvAPI_eglInitialize:265>: EGL 1.4 QUALCOMM Build: Iabe52cfaeae4c5fab1acacfe6f056ba15fa93274
D/dalvikvm(27670): GC_CONCURRENT freed 233K, 3% free 9083K/9340K, paused 2ms+9ms, total 36ms
W/GLPreLoader(27670): eglCreateWindowSurface EGL_SUCCESS
D/OpenGLRenderer(27670): Enabling debug mode 0
I/Adreno200-ES20(27670): <validate_vertex_attrib_state:53>: validate_vertex_attrib_state: No vertex attrib is enabled in a draw call!
I/LibraryLoader(27670): loading: chromeview
I/ActivityManager(  533): Start proc com.android.chrome:sandboxed_process0 for service com.android.chrome/org.chromium.content.app.SandboxedProcessService0: pid=27786 uid=99108 gids={}
I/ChildProcessService(27786): Creating new ChildProcessService pid=27786
I/LibraryLoader(27786): loading: chromeview
I/ActivityManager(  533): Displayed com.android.chrome/com.google.android.apps.chrome.Main: +239ms
I/LibraryLoader(27670): loaded: chromeview
I/LibraryLoader(27786): loaded: chromeview
I/chromium(27670): [INFO:library_loader_hooks.cc(70)] Chromium logging enabled: level = 0, default verbosity = 0
E/TraceEvent(27670): setEnabledToMatchNative
E/TraceEvent(27670): java.lang.NoSuchFieldException: PROPERTY_TRACE_TAG_ENABLEFLAGS
E/TraceEvent(27670): 	at java.lang.Class.getField(Class.java:673)
E/TraceEvent(27670): 	at org.chromium.content.common.TraceEvent.setEnabledToMatchNative(Unknown Source)
E/TraceEvent(27670): 	at org.chromium.content.app.LibraryLoader.initializeAlreadyLocked(Unknown Source)
E/TraceEvent(27670): 	at org.chromium.content.app.LibraryLoader.ensureInitialized(Unknown Source)
E/TraceEvent(27670): 	at com.google.android.apps.chrome.Main$InitializerContinuation$1.run(Unknown Source)
E/TraceEvent(27670): 	at android.os.Handler.handleCallback(Handler.java:730)
E/TraceEvent(27670): 	at android.os.Handler.dispatchMessage(Handler.java:92)
E/TraceEvent(27670): 	at android.os.Looper.loop(Looper.java:137)
E/TraceEvent(27670): 	at android.os.HandlerThread.run(HandlerThread.java:61)
D/dalvikvm(27670): GC_CONCURRENT freed 98K, 2% free 9371K/9496K, paused 3ms+2ms, total 16ms
I/MemoryUsageMonitor(27670): Max active tabs = 24
W/BrowserProcessMain(27670): Excessive maxRendererProcesses value: 23
I/BrowserProcessMain(27670): Initializing chromium process, renderers=3
E/chromium(27670): [ERROR:content_main.cc(44)] Browser waiting for GDB because flag wait-for-debugger was supplied.
D/audio_hw_primary(  174): out_standby: enter: usecase(1: low-latency-playback)
D/audio_hw_primary(  174): stop_output_stream: enter: usecase(1: low-latency-playback)
D/audio_hw_primary(  174): disable_audio_route: reset mixer path: low-latency-playback
D/audio_hw_primary(  174): disable_snd_device: snd_device(2: speaker)
D/audio_hw_primary(  174): stop_output_stream: exit: status(0)
D/audio_hw_primary(  174): out_standby: exit
W/ActivityManager(  533): Launch timeout has expired, giving up wake lock!
W/ActivityManager(  533): Activity idle timeout for ActivityRecord{422a1fe8 u0 com.android.chrome/com.google.android.apps.chrome.Main}
I/InputDispatcher(  533): Dropped event because the current application is not responding and the user has started interacting with a different application.
I/InputDispatcher(  533): Dropped event because the current application is not responding and the user has started interacting with a different application.
I/InputDispatcher(  533): Dropped event because the current application is not responding and the user has started interacting with a different application.
I/InputDispatcher(  533): Dropped event because the current application is not responding and the user has started interacting with a different application.
I/InputDispatcher(  533): Dropped event because the current application is not responding and the user has started interacting with a different application.
I/InputDispatcher(  533): Dropped event because the current application is not responding and the user has started interacting with a different application.
I/InputDispatcher(  533): Dropped event because the current application is not responding and the user has started interacting with a different application.
W/InputDispatcher(  533): Asynchronous input event injection failed.
I/InputDispatcher(  533): Dropped event because the current application is not responding and the user has started interacting with a different application.
I/InputDispatcher(  533): Dropped event because the current application is not responding and the user has started interacting with a different application.
I/InputDispatcher(  533): Dropped event because the current application is not responding and the user has started interacting with a different application.
W/InputDispatcher(  533): Asynchronous input event injection failed.
I/InputDispatcher(  533): Dropped event because the current application is not responding and the user has started interacting with a different application.
W/InputDispatcher(  533): Asynchronous input event injection failed.
I/InputDispatcher(  533): Dropped event because the current application is not responding and the user has started interacting with a different application.
I/InputDispatcher(  533): Dropped event because the current application is not responding and the user has started interacting with a different application.
W/InputDispatcher(  533): Asynchronous input event injection failed.
I/InputDispatcher(  533): Dropped event because the current application is not responding and the user has started interacting with a different application.
I/InputDispatcher(  533): Dropped event because the current application is not responding and the user has started interacting with a different application.
I/InputDispatcher(  533): Dropped event because the current application is not responding and the user has started interacting with a different application.
W/InputDispatcher(  533): Asynchronous input event injection failed.
I/InputDispatcher(  533): Dropped event because the current application is not responding and the user has started interacting with a different application.
D/dalvikvm(  659): GC_FOR_ALLOC freed 310K, 12% free 13216K/14992K, paused 20ms, total 20ms
I/dalvikvm-heap(  659): Grow heap (frag case) to 13.117MB for 195380-byte allocation
D/dalvikvm(  659): GC_FOR_ALLOC freed 2K, 12% free 13404K/15184K, paused 19ms, total 19ms
I/ActivityManager(  533): START u0 {act=android.intent.action.MAIN cat=[android.intent.category.HOME] flg=0x10200000 cmp=com.android.launcher/com.android.launcher2.Launcher} from pid 533
D/audio_hw_primary(  174): start_output_stream: enter: usecase(1: low-latency-playback) devices(0x2)
D/audio_hw_primary(  174): select_devices: out_snd_device(2: speaker) in_snd_device(0: none)
D/audio_hw_primary(  174): enable_snd_device: sending audio calibration for snd_device(2) acdb_id(14)
D/ACDB-LOADER(  174): ACDB -> send_afe_cal
D/audio_hw_primary(  174): enable_snd_device: snd_device(2: speaker)
D/audio_hw_primary(  174): enable_audio_route: apply mixer path: low-latency-playback
D/audio_hw_primary(  174): start_output_stream: exit
D/dalvikvm(  533): GC_FOR_ALLOC freed 1240K, 26% free 21433K/28688K, paused 83ms, total 83ms
D/dalvikvm(  659): GC_FOR_ALLOC freed 1289K, 20% free 12164K/15184K, paused 19ms, total 19ms
D/dalvikvm(  659): GC_FOR_ALLOC freed 830K, 20% free 12158K/15184K, paused 22ms, total 22ms
I/ActivityManager(  533): START u0 {act=com.android.systemui.recent.action.TOGGLE_RECENTS flg=0x10800000 cmp=com.android.systemui/.recent.RecentsActivity (has extras)} from pid 659
D/dalvikvm(  533): GC_FOR_ALLOC freed 858K, 25% free 21735K/28688K, paused 62ms, total 62ms
W/ActivityManager(  533): Activity pause timeout for ActivityRecord{422a1fe8 u0 com.android.chrome/com.google.android.apps.chrome.Main}
I/ActivityManager(  533): Displayed com.android.systemui/.recent.RecentsActivity: +120ms
D/dalvikvm(  659): GC_CONCURRENT freed 71K, 14% free 13062K/15184K, paused 3ms+3ms, total 39ms
D/dalvikvm(  533): GC_FOR_ALLOC freed 780K, 25% free 21739K/28688K, paused 84ms, total 84ms
I/ActivityManager(  533): Killing 27786:com.android.chrome:sandboxed_process0/u0a10010i108: remove task
I/ActivityManager(  533): Killing 27670:com.android.chrome/u0a10010: remove task
I/WindowState(  533): WIN DEATH: Window{422d5988 u0 com.android.chrome/com.google.android.apps.chrome.Main}
W/WindowManager(  533): Force-removing child win Window{422f1368 u0 SurfaceView} from container Window{422d5988 u0 com.android.chrome/com.google.android.apps.chrome.Main}
W/WindowManager(  533): Failed looking up window
W/WindowManager(  533): java.lang.IllegalArgumentException: Requested window android.os.BinderProxy@4267a090 does not exist
W/WindowManager(  533): 	at com.android.server.wm.WindowManagerService.windowForClientLocked(WindowManagerService.java:7608)
W/WindowManager(  533): 	at com.android.server.wm.WindowManagerService.windowForClientLocked(WindowManagerService.java:7599)
W/WindowManager(  533): 	at com.android.server.wm.WindowState$DeathRecipient.binderDied(WindowState.java:1000)
W/WindowManager(  533): 	at android.os.BinderProxy.sendDeathNotice(Binder.java:470)
W/WindowManager(  533): 	at dalvik.system.NativeStart.run(Native Method)
I/WindowState(  533): WIN DEATH: null
D/audio_hw_primary(  174): out_standby: enter: usecase(1: low-latency-playback)
D/audio_hw_primary(  174): stop_output_stream: enter: usecase(1: low-latency-playback)
D/audio_hw_primary(  174): disable_audio_route: reset mixer path: low-latency-playback
D/audio_hw_primary(  174): disable_snd_device: snd_device(2: speaker)
D/audio_hw_primary(  174): stop_output_stream: exit: status(0)
D/audio_hw_primary(  174): out_standby: exit
D/audio_hw_primary(  174): start_output_stream: enter: usecase(1: low-latency-playback) devices(0x2)
D/audio_hw_primary(  174): select_devices: out_snd_device(2: speaker) in_snd_device(0: none)
D/audio_hw_primary(  174): enable_snd_device: sending audio calibration for snd_device(2) acdb_id(14)
D/ACDB-LOADER(  174): ACDB -> send_afe_cal
D/audio_hw_primary(  174): enable_snd_device: snd_device(2: speaker)
D/audio_hw_primary(  174): enable_audio_route: apply mixer path: low-latency-playback
D/audio_hw_primary(  174): start_output_stream: exit
I/ActivityManager(  533): START u0 {act=android.intent.action.MAIN cat=[android.intent.category.LAUNCHER] flg=0x10200000 cmp=com.android.chrome/com.google.android.apps.chrome.Main} from pid 862
D/dalvikvm(  533): GC_FOR_ALLOC freed 1216K, 26% free 21408K/28688K, paused 61ms, total 61ms
I/ActivityManager(  533): Start proc com.android.chrome for activity com.android.chrome/com.google.android.apps.chrome.Main: pid=27859 uid=10010 gids={50010, 1006, 3003, 1015, 1028}
D/dalvikvm(  172): GC_EXPLICIT freed 40K, 1% free 8867K/8936K, paused 1ms+2ms, total 35ms
D/dalvikvm(  172): GC_EXPLICIT freed <1K, 1% free 8867K/8936K, paused 1ms+2ms, total 18ms
D/dalvikvm(  172): GC_EXPLICIT freed <1K, 1% free 8867K/8936K, paused 1ms+2ms, total 17ms
W/ResourceType(27859): Failure getting entry for 0x7f040041 (t=3 e=65) in package 0 (error -75)
W/ResourceType(27859): Failure getting entry for 0x7f040015 (t=3 e=21) in package 0 (error -75)
D/libEGL  (27859): loaded /system/lib/egl/libEGL_adreno200.so
D/libEGL  (27859): loaded /system/lib/egl/libGLESv1_CM_adreno200.so
D/libEGL  (27859): loaded /system/lib/egl/libGLESv2_adreno200.so
I/Adreno200-EGL(27859): <qeglDrvAPI_eglInitialize:265>: EGL 1.4 QUALCOMM Build: Iabe52cfaeae4c5fab1acacfe6f056ba15fa93274
D/dalvikvm(27859): GC_CONCURRENT freed 238K, 3% free 9078K/9340K, paused 2ms+2ms, total 22ms
W/GLPreLoader(27859): eglCreateWindowSurface EGL_SUCCESS
D/OpenGLRenderer(27859): Enabling debug mode 0
I/Adreno200-ES20(27859): <validate_vertex_attrib_state:53>: validate_vertex_attrib_state: No vertex attrib is enabled in a draw call!
I/LibraryLoader(27859): loading: chromeview
I/ActivityManager(  533): Start proc com.android.chrome:sandboxed_process0 for service com.android.chrome/org.chromium.content.app.SandboxedProcessService0: pid=27887 uid=99109 gids={}
I/ChildProcessService(27887): Creating new ChildProcessService pid=27887
I/LibraryLoader(27887): loading: chromeview
I/ActivityManager(  533): Displayed com.android.chrome/com.google.android.apps.chrome.Main: +255ms
I/LibraryLoader(27859): loaded: chromeview
I/chromium(27859): [INFO:library_loader_hooks.cc(70)] Chromium logging enabled: level = 0, default verbosity = 0
E/TraceEvent(27859): setEnabledToMatchNative
E/TraceEvent(27859): java.lang.NoSuchFieldException: PROPERTY_TRACE_TAG_ENABLEFLAGS
E/TraceEvent(27859): 	at java.lang.Class.getField(Class.java:673)
E/TraceEvent(27859): 	at org.chromium.content.common.TraceEvent.setEnabledToMatchNative(Unknown Source)
E/TraceEvent(27859): 	at org.chromium.content.app.LibraryLoader.initializeAlreadyLocked(Unknown Source)
E/TraceEvent(27859): 	at org.chromium.content.app.LibraryLoader.ensureInitialized(Unknown Source)
E/TraceEvent(27859): 	at com.google.android.apps.chrome.Main$InitializerContinuation$1.run(Unknown Source)
E/TraceEvent(27859): 	at android.os.Handler.handleCallback(Handler.java:730)
E/TraceEvent(27859): 	at android.os.Handler.dispatchMessage(Handler.java:92)
E/TraceEvent(27859): 	at android.os.Looper.loop(Looper.java:137)
E/TraceEvent(27859): 	at android.os.HandlerThread.run(HandlerThread.java:61)
I/LibraryLoader(27887): loaded: chromeview
I/MemoryUsageMonitor(27859): Max active tabs = 24
W/BrowserProcessMain(27859): Excessive maxRendererProcesses value: 23
I/BrowserProcessMain(27859): Initializing chromium process, renderers=3
D/dalvikvm(27859): GC_CONCURRENT freed 106K, 2% free 9376K/9508K, paused 2ms+1ms, total 13ms
D/dalvikvm(27859): GC_CONCURRENT freed 473K, 6% free 9414K/9912K, paused 1ms+2ms, total 13ms
D/dalvikvm(27859): WAIT_FOR_CONCURRENT_GC blocked 9ms
D/dalvikvm(27859): WAIT_FOR_CONCURRENT_GC blocked 8ms
D/dalvikvm(27859): WAIT_FOR_CONCURRENT_GC blocked 8ms
D/dalvikvm(27859): GC_CONCURRENT freed 468K, 6% free 9410K/9944K, paused 1ms+2ms, total 14ms
D/dalvikvm(27859): WAIT_FOR_CONCURRENT_GC blocked 11ms
D/dalvikvm(27859): WAIT_FOR_CONCURRENT_GC blocked 11ms
D/dalvikvm(27859): GC_CONCURRENT freed 474K, 6% free 9415K/9944K, paused 1ms+1ms, total 13ms
D/dalvikvm(27859): WAIT_FOR_CONCURRENT_GC blocked 12ms
D/dalvikvm(27859): WAIT_FOR_CONCURRENT_GC blocked 12ms
D/dalvikvm(27859): GC_CONCURRENT freed 468K, 6% free 9418K/9952K, paused 2ms+2ms, total 14ms
D/dalvikvm(27859): WAIT_FOR_CONCURRENT_GC blocked 10ms
D/dalvikvm(27859): WAIT_FOR_CONCURRENT_GC blocked 4ms
D/dalvikvm(27859): GC_CONCURRENT freed 517K, 6% free 9412K/9956K, paused 2ms+3ms, total 23ms
D/dalvikvm(27859): WAIT_FOR_CONCURRENT_GC blocked 11ms
D/dalvikvm(27859): GC_CONCURRENT freed 475K, 6% free 9431K/9956K, paused 3ms+1ms, total 17ms
D/dalvikvm(27859): WAIT_FOR_CONCURRENT_GC blocked 12ms
D/ChildProcessLauncher(27859): Setting up connection to process: slot=0
D/ChildProcessLauncher(27859): on connect callback, pid=27887 context=1945466592
I/chromium(27887): [INFO:library_loader_hooks.cc(70)] Chromium logging enabled: level = 0, default verbosity = 0
E/TraceEvent(27887): setEnabledToMatchNative
E/TraceEvent(27887): java.lang.NoSuchFieldException: PROPERTY_TRACE_TAG_ENABLEFLAGS
E/TraceEvent(27887): 	at java.lang.Class.getField(Class.java:673)
E/TraceEvent(27887): 	at org.chromium.content.common.TraceEvent.setEnabledToMatchNative(Unknown Source)
E/TraceEvent(27887): 	at org.chromium.content.app.LibraryLoader.initializeAlreadyLocked(Unknown Source)
E/TraceEvent(27887): 	at org.chromium.content.app.LibraryLoader.initialize(Unknown Source)
E/TraceEvent(27887): 	at org.chromium.content.app.ChildProcessService$2.run(Unknown Source)
E/TraceEvent(27887): 	at java.lang.Thread.run(Thread.java:841)
D/GoogleServicesManager(27859): setState: sync = true, wantedSyncState = true
D/GoogleServicesManager(27859): Enabling sync
D/dalvikvm(27859): GC_CONCURRENT freed 318K, 4% free 9568K/9956K, paused 3ms+1ms, total 16ms
D/GoogleServicesManager(27859): Already registered with GCM
I/Choreographer(27859): Skipped 38 frames!  The application may be doing too much work on its main thread.
D/dalvikvm(27859): GC_FOR_ALLOC freed 249K, 5% free 9533K/10004K, paused 14ms, total 14ms
I/dalvikvm-heap(27859): Grow heap (frag case) to 9.758MB for 447576-byte allocation
D/dalvikvm(27859): GC_CONCURRENT freed <1K, 5% free 9969K/10444K, paused 2ms+2ms, total 15ms
D/dalvikvm(27859): WAIT_FOR_CONCURRENT_GC blocked 13ms
D/dalvikvm(27859): WAIT_FOR_CONCURRENT_GC blocked 11ms
D/dalvikvm(27859): GC_FOR_ALLOC freed 438K, 9% free 9532K/10444K, paused 13ms, total 13ms
D/dalvikvm(27859): GC_CONCURRENT freed <1K, 5% free 9962K/10444K, paused 3ms+1ms, total 17ms
D/dalvikvm(27859): WAIT_FOR_CONCURRENT_GC blocked 13ms
I/dalvikvm-heap(27859): Grow heap (frag case) to 10.079MB for 344080-byte allocation
D/dalvikvm(27859): GC_FOR_ALLOC freed 430K, 9% free 9867K/10784K, paused 15ms, total 15ms
I/chromium(27859): [INFO:gpu_command_buffer_stub.cc(470)] Created virtual GL context.
I/chromium(27859): [INFO:gpu_command_buffer_stub.cc(470)] Created virtual GL context.
I/chromium(27859): [INFO:gpu_command_buffer_stub.cc(470)] Created virtual GL context.
D/ProfileSyncService(27859): Successfully retrieved sync auth token.
D/dalvikvm(27859): GC_FOR_ALLOC freed 12K, 9% free 9873K/10784K, paused 14ms, total 14ms
I/dalvikvm-heap(27859): Grow heap (frag case) to 10.664MB for 1048592-byte allocation
D/dalvikvm(27859): GC_FOR_ALLOC freed 0K, 8% free 10897K/11812K, paused 15ms, total 15ms
D/dalvikvm(27859): GC_CONCURRENT freed 5K, 8% free 10898K/11812K, paused 2ms+1ms, total 18ms
D/dalvikvm(27859): GC_CONCURRENT freed 449K, 6% free 11131K/11812K, paused 1ms+13ms, total 75ms
D/dalvikvm(  752): GC_CONCURRENT freed 2680K, 28% free 10678K/14752K, paused 1ms+3ms, total 35ms
W/l       (27859): [TiclService] Skipping unknown enum class name ae
W/l       (27859): [TiclService] Skipping unknown enum class name ae
W/l       (27859): [TiclService] Skipping unknown enum class name ae
W/l       (27859): [TiclService] Skipping unknown enum class name ae
D/dalvikvm(27859): GC_CONCURRENT freed 659K, 6% free 11147K/11812K, paused 2ms+3ms, total 26ms
W/l       (27859): [TiclService] Skipping unknown enum class name ae
W/l       (27859): [TiclService] Skipping unknown enum class name ae
W/l       (27859): [TiclService] Skipping unknown enum class name ae
W/l       (27859): [TiclService] Skipping unknown enum class name ae
W/l       (27859): [TiclService] Skipping unknown enum class name ae
W/l       (27859): [TiclService] Skipping unknown enum class name ae
W/l       (27859): [TiclService] Skipping unknown enum class name ae
W/l       (27859): [TiclService] Skipping unknown enum class name ae
D/dalvikvm(  786): GC_CONCURRENT freed 492K, 8% free 10225K/11016K, paused 2ms+3ms, total 31ms
I/com.google.android.apps.chrome.crash.MinidumpUploadService(27859): Attempting to upload accumulated crash dumps.
D/dalvikvm(27859): GC_CONCURRENT freed 735K, 7% free 11149K/11908K, paused 2ms+5ms, total 34ms
I/ActivityManager(  533): Start proc com.google.android.partnersetup for content provider com.google.android.partnersetup/.RlzAppProvider: pid=27977 uid=10029 gids={50029, 3003, 1028}
D/CloudPrintService(27859): Syncing state with Cloud Print server
I/ActivityManager(  533): Start proc com.android.providers.partnerbookmarks for content provider com.android.providers.partnerbookmarks/.PartnerBookmarksProvider: pid=28003 uid=10051 gids={50051, 1028}
E/PartnerBookmarksReader(27859): ATTENTION: not using partner bookmarks as none were provided
W/chromium(27859): [WARNING:spdy_session.cc(1843)] Could not find "SpdyCwnd" in FieldTrialList
D/audio_hw_primary(  174): out_standby: enter: usecase(1: low-latency-playback)
D/audio_hw_primary(  174): stop_output_stream: enter: usecase(1: low-latency-playback)
D/audio_hw_primary(  174): disable_audio_route: reset mixer path: low-latency-playback
D/audio_hw_primary(  174): disable_snd_device: snd_device(2: speaker)
D/audio_hw_primary(  174): stop_output_stream: exit: status(0)
D/audio_hw_primary(  174): out_standby: exit
D/dalvikvm(27859): GC_CONCURRENT freed 518K, 6% free 11268K/11908K, paused 5ms+2ms, total 23ms
D/CloudPrintService(27859): Synchronization of state with Cloud Print server complete.
V/CloudPrintService(27859): Fetching external print jobs
E/CloudPrintClient(27859): Fetch print jobs failed: request failed: No print job available on specified printer.
W/l       (27859): [TiclService] Skipping unknown enum class name ae
D/dalvikvm(  752): GC_FOR_ALLOC freed 580K, 31% free 10214K/14752K, paused 20ms, total 20ms
I/dalvikvm-heap(  752): Grow heap (frag case) to 11.732MB for 1818640-byte allocation
D/dalvikvm(  752): GC_CONCURRENT freed 20K, 19% free 11969K/14752K, paused 3ms+2ms, total 18ms
D/dalvikvm(  752): WAIT_FOR_CONCURRENT_GC blocked 13ms
D/dalvikvm(  752): WAIT_FOR_CONCURRENT_GC blocked 12ms
D/dalvikvm(27859): GC_CONCURRENT freed 661K, 6% free 11284K/11976K, paused 7ms+2ms, total 26ms
V/GCMBroadcastReceiver(27859): onReceive: com.google.android.c2dm.intent.RECEIVE
V/GCMRegistrar(27859): Setting the name of retry receiver class to com.google.ipc.invalidation.external.client.contrib.MultiplexingGcmListener$GCMReceiver
V/GCMBroadcastReceiver(27859): GCM IntentService class: com.google.ipc.invalidation.external.client.contrib.MultiplexingGcmListener
V/GCMBaseIntentService(27859): Acquiring wakelock
V/GCMBaseIntentService(27859): Intent service name: GCMIntentService-DynamicSenderIds-1
V/GCMBaseIntentService(27859): Releasing wakelock
W/chromium(27859): [WARNING:spdy_session.cc(1843)] Could not find "SpdyCwnd" in FieldTrialList
W/l       (27859): [TiclService] Skipping unknown enum class name ah
W/l       (27859): [TiclService] Skipping unknown enum class name ah
W/l       (27859): [TiclService] Skipping unknown enum class name ag
W/l       (27859): [TiclService] Skipping unknown enum class name ag
D/ChromeBrowserSyncAdapter(27859): handling delayed sync
D/dalvikvm(27859): GC_CONCURRENT freed 749K, 7% free 11321K/12104K, paused 3ms+4ms, total 34ms
V/ChromeBrowserSyncAdapter(27859): Received sync tickle for all types in ChromeBrowserSyncAdapter
D/ChildProcessLauncher(27859): Setting up connection to process: slot=1
I/ActivityManager(  533): Start proc com.android.chrome:sandboxed_process1 for service com.android.chrome/org.chromium.content.app.SandboxedProcessService1: pid=28070 uid=99110 gids={}
I/ChildProcessService(28070): Creating new ChildProcessService pid=28070
I/LibraryLoader(28070): loading: chromeview
D/ChildProcessLauncher(27859): on connect callback, pid=28070 context=2103850256
I/LibraryLoader(28070): loaded: chromeview
I/chromium(28070): [INFO:library_loader_hooks.cc(70)] Chromium logging enabled: level = 0, default verbosity = 0
E/TraceEvent(28070): setEnabledToMatchNative
E/TraceEvent(28070): java.lang.NoSuchFieldException: PROPERTY_TRACE_TAG_ENABLEFLAGS
E/TraceEvent(28070): 	at java.lang.Class.getField(Class.java:673)
E/TraceEvent(28070): 	at org.chromium.content.common.TraceEvent.setEnabledToMatchNative(Unknown Source)
E/TraceEvent(28070): 	at org.chromium.content.app.LibraryLoader.initializeAlreadyLocked(Unknown Source)
E/TraceEvent(28070): 	at org.chromium.content.app.LibraryLoader.initialize(Unknown Source)
E/TraceEvent(28070): 	at org.chromium.content.app.ChildProcessService$2.run(Unknown Source)
E/TraceEvent(28070): 	at java.lang.Thread.run(Thread.java:841)
I/chromium(28070): [INFO:child_process_service.cc(132)] ChildProcessService: Exiting child process.
W/ChildProcessConnection(27859): onServiceDisconnected (crash?): pid=28070
D/ChildProcessLauncher(27859): stopping child connection: pid=28070
I/ActivityManager(  533): Process com.android.chrome:sandboxed_process1 (pid 28070) has died.
W/ActivityManager(  533): Scheduling restart of crashed service com.android.chrome/org.chromium.content.app.SandboxedProcessService1 in 5000ms
V/GCMBroadcastReceiver(27859): onReceive: com.google.android.c2dm.intent.RECEIVE
V/GCMBroadcastReceiver(27859): GCM IntentService class: com.google.ipc.invalidation.external.client.contrib.MultiplexingGcmListener
V/GCMBaseIntentService(27859): Acquiring wakelock
V/GCMBaseIntentService(27859): Intent service name: GCMIntentService-DynamicSenderIds-2
V/GCMBaseIntentService(27859): Releasing wakelock
D/dalvikvm(  533): GC_EXPLICIT freed 2362K, 25% free 21535K/28688K, paused 3ms+8ms, total 82ms
W/l       (27859): [TiclService] Skipping unknown enum class name ah
W/l       (27859): [TiclService] Skipping unknown enum class name ah
W/l       (27859): [TiclService] Skipping unknown enum class name ag
W/l       (27859): [TiclService] Skipping unknown enum class name ag
W/l       (27859): [TiclService] Skipping unknown enum class name ag
D/dalvikvm(27859): GC_CONCURRENT freed 715K, 7% free 11322K/12104K, paused 1ms+2ms, total 20ms
V/GCMBroadcastReceiver(27859): onReceive: com.google.android.c2dm.intent.RECEIVE
V/GCMBroadcastReceiver(27859): GCM IntentService class: com.google.ipc.invalidation.external.client.contrib.MultiplexingGcmListener
V/GCMBaseIntentService(27859): Acquiring wakelock
V/GCMBaseIntentService(27859): Intent service name: GCMIntentService-DynamicSenderIds-3
V/GCMBaseIntentService(27859): Releasing wakelock
W/l       (27859): [TiclService] Skipping unknown enum class name ah
W/l       (27859): [TiclService] Skipping unknown enum class name ah
W/InvalidationService(27859): Registration failure on Oid: <1004, NULL> ; transient = false: Could not translate object: source: 1004
W/InvalidationService(27859): name: "NULL"
D/dalvikvm(  786): GC_CONCURRENT freed 401K, 8% free 10210K/11016K, paused 2ms+3ms, total 33ms
W/l       (27859): [TiclService] Skipping unknown enum class name ag
W/l       (27859): [TiclService] Skipping unknown enum class name ag
D/dalvikvm(27859): GC_CONCURRENT freed 725K, 7% free 11305K/12096K, paused 2ms+2ms, total 45ms
V/GCMBroadcastReceiver(27859): onReceive: com.google.android.c2dm.intent.RECEIVE
V/GCMBroadcastReceiver(27859): GCM IntentService class: com.google.ipc.invalidation.external.client.contrib.MultiplexingGcmListener
V/GCMBaseIntentService(27859): Acquiring wakelock
V/GCMBaseIntentService(27859): Intent service name: GCMIntentService-DynamicSenderIds-4
V/GCMBaseIntentService(27859): Releasing wakelock
W/l       (27859): [TiclService] Skipping unknown enum class name ah
W/l       (27859): [TiclService] Skipping unknown enum class name ah
W/l       (27859): [TiclService] Skipping unknown enum class name ag
W/l       (27859): [TiclService] Skipping unknown enum class name ag
V/GCMBroadcastReceiver(27859): onReceive: com.google.android.c2dm.intent.RECEIVE
V/GCMBroadcastReceiver(27859): GCM IntentService class: com.google.ipc.invalidation.external.client.contrib.MultiplexingGcmListener
V/GCMBaseIntentService(27859): Acquiring wakelock
V/GCMBaseIntentService(27859): Intent service name: GCMIntentService-DynamicSenderIds-5
V/GCMBaseIntentService(27859): Releasing wakelock
W/l       (27859): [TiclService] Skipping unknown enum class name ah
W/l       (27859): [TiclService] Skipping unknown enum class name ah
D/InvalidationService(27859): Registration status for Oid: <1004, AUTOFILL>: REGISTERED
D/InvalidationService(27859): Registration status for Oid: <1004, FAVICON_IMAGE>: REGISTERED
D/InvalidationService(27859): Registration status for Oid: <1004, DEVICE_INFO>: REGISTERED
V/GCMBroadcastReceiver(27859): onReceive: com.google.android.c2dm.intent.RECEIVE
V/GCMBroadcastReceiver(27859): GCM IntentService class: com.google.ipc.invalidation.external.client.contrib.MultiplexingGcmListener
V/GCMBaseIntentService(27859): Acquiring wakelock
D/InvalidationService(27859): Registration status for Oid: <1004, SESSION>: REGISTERED
V/GCMBaseIntentService(27859): Intent service name: GCMIntentService-DynamicSenderIds-6
V/GCMBaseIntentService(27859): Releasing wakelock
D/dalvikvm(27859): GC_CONCURRENT freed 715K, 7% free 11331K/12096K, paused 3ms+2ms, total 22ms
D/InvalidationService(27859): Registration status for Oid: <1004, NIGORI>: REGISTERED
V/GCMBroadcastReceiver(27859): onReceive: com.google.android.c2dm.intent.RECEIVE
V/GCMBroadcastReceiver(27859): GCM IntentService class: com.google.ipc.invalidation.external.client.contrib.MultiplexingGcmListener
V/GCMBaseIntentService(27859): Acquiring wakelock
D/InvalidationService(27859): Registration status for Oid: <1004, FAVICON_TRACKING>: REGISTERED
W/l       (27859): [TiclService] Skipping unknown enum class name ag
V/GCMBaseIntentService(27859): Intent service name: GCMIntentService-DynamicSenderIds-7
V/GCMBaseIntentService(27859): Releasing wakelock
D/InvalidationService(27859): Registration status for Oid: <1004, EXPERIMENTS>: REGISTERED
W/l       (27859): [TiclService] Skipping unknown enum class name ag
W/l       (27859): [TiclService] Skipping unknown enum class name ag
D/InvalidationService(27859): Registration status for Oid: <1004, HISTORY_DELETE_DIRECTIVE>: REGISTERED
V/GCMBroadcastReceiver(27859): onReceive: com.google.android.c2dm.intent.RECEIVE
V/GCMBroadcastReceiver(27859): GCM IntentService class: com.google.ipc.invalidation.external.client.contrib.MultiplexingGcmListener
V/GCMBaseIntentService(27859): Acquiring wakelock
D/InvalidationService(27859): Registration status for Oid: <1004, PASSWORD>: REGISTERED
V/GCMBaseIntentService(27859): Intent service name: GCMIntentService-DynamicSenderIds-8
V/GCMBaseIntentService(27859): Releasing wakelock
D/InvalidationService(27859): Registration status for Oid: <1004, BOOKMARK>: REGISTERED
W/l       (27859): [TiclService] Skipping unknown enum class name ag
W/l       (27859): [TiclService] Skipping unknown enum class name ag
V/GCMBroadcastReceiver(27859): onReceive: com.google.android.c2dm.intent.RECEIVE
V/GCMBroadcastReceiver(27859): GCM IntentService class: com.google.ipc.invalidation.external.client.contrib.MultiplexingGcmListener
V/GCMBaseIntentService(27859): Acquiring wakelock
D/InvalidationService(27859): Registration status for Oid: <1004, AUTOFILL_PROFILE>: REGISTERED
V/GCMBaseIntentService(27859): Intent service name: GCMIntentService-DynamicSenderIds-9
V/GCMBaseIntentService(27859): Releasing wakelock
D/InvalidationService(27859): Registration status for Oid: <1004, TYPED_URL>: REGISTERED
W/l       (27859): [TiclService] Skipping unknown enum class name ag
W/l       (27859): [TiclService] Skipping unknown enum class name ag
D/dalvikvm(27859): GC_CONCURRENT freed 797K, 7% free 11341K/12164K, paused 3ms+3ms, total 23ms
D/InvalidationService(27859): Registration status for Oid: <1004, DEVICE_INFO>: REGISTERED
D/InvalidationService(27859): Registration status for Oid: <1004, FAVICON_TRACKING>: REGISTERED
V/GCMBroadcastReceiver(27859): onReceive: com.google.android.c2dm.intent.RECEIVE
V/GCMBroadcastReceiver(27859): GCM IntentService class: com.google.ipc.invalidation.external.client.contrib.MultiplexingGcmListener
V/GCMBaseIntentService(27859): Acquiring wakelock
D/InvalidationService(27859): Registration status for Oid: <1004, AUTOFILL>: REGISTERED
V/GCMBaseIntentService(27859): Intent service name: GCMIntentService-DynamicSenderIds-10
D/InvalidationService(27859): Registration status for Oid: <1004, EXPERIMENTS>: REGISTERED
V/GCMBaseIntentService(27859): Releasing wakelock
D/InvalidationService(27859): Registration status for Oid: <1004, PASSWORD>: REGISTERED
D/InvalidationService(27859): Registration status for Oid: <1004, HISTORY_DELETE_DIRECTIVE>: REGISTERED
D/InvalidationService(27859): Registration status for Oid: <1004, BOOKMARK>: REGISTERED
D/InvalidationService(27859): Registration status for Oid: <1004, TYPED_URL>: REGISTERED
D/InvalidationService(27859): Registration status for Oid: <1004, FAVICON_IMAGE>: REGISTERED
D/InvalidationService(27859): Registration status for Oid: <1004, AUTOFILL_PROFILE>: REGISTERED
D/InvalidationService(27859): Registration status for Oid: <1004, NIGORI>: REGISTERED
W/l       (27859): [TiclService] Skipping unknown enum class name ag
W/l       (27859): [TiclService] Skipping unknown enum class name ag
D/InvalidationService(27859): Registration status for Oid: <1004, SESSION>: REGISTERED
V/GCMBroadcastReceiver(27859): onReceive: com.google.android.c2dm.intent.RECEIVE
V/GCMBroadcastReceiver(27859): GCM IntentService class: com.google.ipc.invalidation.external.client.contrib.MultiplexingGcmListener
V/GCMBaseIntentService(27859): Acquiring wakelock
V/GCMBaseIntentService(27859): Intent service name: GCMIntentService-DynamicSenderIds-11
V/GCMBaseIntentService(27859): Releasing wakelock
W/l       (27859): [TiclService] Skipping unknown enum class name ag
W/l       (27859): [TiclService] Skipping unknown enum class name ag
V/ChromeBrowserSyncAdapter(27859): Received sync tickle for NIGORI in ChromeBrowserSyncAdapter
V/GCMBroadcastReceiver(27859): onReceive: com.google.android.c2dm.intent.RECEIVE
V/GCMBroadcastReceiver(27859): GCM IntentService class: com.google.ipc.invalidation.external.client.contrib.MultiplexingGcmListener
V/GCMBaseIntentService(27859): Acquiring wakelock
V/GCMBaseIntentService(27859): Intent service name: GCMIntentService-DynamicSenderIds-12
V/GCMBaseIntentService(27859): Releasing wakelock
W/l       (27859): [TiclService] Skipping unknown enum class name ag
W/l       (27859): [TiclService] Skipping unknown enum class name ag
W/l       (27859): [TiclService] Skipping unknown enum class name ae
V/ChromeBrowserSyncAdapter(27859): Received sync tickle for PASSWORD in ChromeBrowserSyncAdapter
W/l       (27859): [TiclService] Skipping unknown enum class name ae
V/GCMBroadcastReceiver(27859): onReceive: com.google.android.c2dm.intent.RECEIVE
V/GCMBroadcastReceiver(27859): GCM IntentService class: com.google.ipc.invalidation.external.client.contrib.MultiplexingGcmListener
V/GCMBaseIntentService(27859): Acquiring wakelock
V/ChromeBrowserSyncAdapter(27859): Received sync tickle for DEVICE_INFO in ChromeBrowserSyncAdapter
V/GCMBaseIntentService(27859): Intent service name: GCMIntentService-DynamicSenderIds-13
V/GCMBaseIntentService(27859): Releasing wakelock
W/l       (27859): [TiclService] Skipping unknown enum class name ae
D/dalvikvm(27859): GC_CONCURRENT freed 798K, 7% free 11355K/12164K, paused 1ms+2ms, total 23ms
W/l       (27859): [TiclService] Skipping unknown enum class name ae
V/ChromeBrowserSyncAdapter(27859): Received sync tickle for AUTOFILL_PROFILE in ChromeBrowserSyncAdapter
V/GCMBroadcastReceiver(27859): onReceive: com.google.android.c2dm.intent.RECEIVE
V/GCMBroadcastReceiver(27859): GCM IntentService class: com.google.ipc.invalidation.external.client.contrib.MultiplexingGcmListener
V/GCMBaseIntentService(27859): Acquiring wakelock
V/GCMBaseIntentService(27859): Intent service name: GCMIntentService-DynamicSenderIds-14
W/l       (27859): [TiclService] Skipping unknown enum class name ae
V/GCMBaseIntentService(27859): Releasing wakelock
D/dalvikvm(  533): GC_EXPLICIT freed 1279K, 25% free 21538K/28688K, paused 3ms+8ms, total 87ms
V/GCMBroadcastReceiver(27859): onReceive: com.google.android.c2dm.intent.RECEIVE
V/GCMBroadcastReceiver(27859): GCM IntentService class: com.google.ipc.invalidation.external.client.contrib.MultiplexingGcmListener
V/GCMBaseIntentService(27859): Acquiring wakelock
W/l       (27859): [TiclService] Skipping unknown enum class name ag
W/l       (27859): [TiclService] Skipping unknown enum class name ag
V/GCMBaseIntentService(27859): Intent service name: GCMIntentService-DynamicSenderIds-15
V/GCMBroadcastReceiver(27859): onReceive: com.google.android.c2dm.intent.RECEIVE
V/GCMBroadcastReceiver(27859): GCM IntentService class: com.google.ipc.invalidation.external.client.contrib.MultiplexingGcmListener
V/GCMBaseIntentService(27859): Acquiring wakelock
V/ChromeBrowserSyncAdapter(27859): Received sync tickle for FAVICON_TRACKING in ChromeBrowserSyncAdapter
V/GCMBaseIntentService(27859): Releasing wakelock
V/GCMBaseIntentService(27859): Releasing wakelock
W/l       (27859): [TiclService] Skipping unknown enum class name ag
W/l       (27859): [TiclService] Skipping unknown enum class name ag
V/GCMBroadcastReceiver(27859): onReceive: com.google.android.c2dm.intent.RECEIVE
V/GCMBroadcastReceiver(27859): GCM IntentService class: com.google.ipc.invalidation.external.client.contrib.MultiplexingGcmListener
V/GCMBaseIntentService(27859): Acquiring wakelock
V/ChromeBrowserSyncAdapter(27859): Received sync tickle for AUTOFILL in ChromeBrowserSyncAdapter
W/l       (27859): [TiclService] Skipping unknown enum class name ag
W/l       (27859): [TiclService] Skipping unknown enum class name ag
V/GCMBaseIntentService(27859): Intent service name: GCMIntentService-DynamicSenderIds-16
V/GCMBroadcastReceiver(27859): onReceive: com.google.android.c2dm.intent.RECEIVE
V/GCMBroadcastReceiver(27859): GCM IntentService class: com.google.ipc.invalidation.external.client.contrib.MultiplexingGcmListener
V/GCMBaseIntentService(27859): Acquiring wakelock
W/l       (27859): [TiclService] Skipping unknown enum class name ae
V/GCMBaseIntentService(27859): Releasing wakelock
V/GCMBaseIntentService(27859): Releasing wakelock
D/dalvikvm(27859): GC_CONCURRENT freed 775K, 7% free 11367K/12164K, paused 2ms+3ms, total 26ms
W/l       (27859): [TiclService] Skipping unknown enum class name ag
W/l       (27859): [TiclService] Skipping unknown enum class name ag
V/ChromeBrowserSyncAdapter(27859): Received sync tickle for HISTORY_DELETE_DIRECTIVE in ChromeBrowserSyncAdapter
W/l       (27859): [TiclService] Skipping unknown enum class name ae
V/ChromeBrowserSyncAdapter(27859): Received sync tickle for EXPERIMENTS in ChromeBrowserSyncAdapter
W/l       (27859): [TiclService] Skipping unknown enum class name ae
W/l       (27859): [TiclService] Skipping unknown enum class name ae
V/ChromeBrowserSyncAdapter(27859): Received sync tickle for TYPED_URL in ChromeBrowserSyncAdapter
W/l       (27859): [TiclService] Skipping unknown enum class name ag
W/l       (27859): [TiclService] Skipping unknown enum class name ag
V/ChromeBrowserSyncAdapter(27859): Received sync tickle for BOOKMARK in ChromeBrowserSyncAdapter
W/l       (27859): [TiclService] Skipping unknown enum class name ag
W/l       (27859): [TiclService] Skipping unknown enum class name ag
W/l       (27859): [TiclService] Skipping unknown enum class name ag
W/l       (27859): [TiclService] Skipping unknown enum class name ag
V/ChromeBrowserSyncAdapter(27859): Received sync tickle for FAVICON_IMAGE in ChromeBrowserSyncAdapter
W/l       (27859): [TiclService] Skipping unknown enum class name ae
D/dalvikvm(27859): GC_CONCURRENT freed 857K, 8% free 11347K/12228K, paused 1ms+2ms, total 22ms
D/dalvikvm(27859): WAIT_FOR_CONCURRENT_GC blocked 10ms
D/dalvikvm(27859): WAIT_FOR_CONCURRENT_GC blocked 8ms
D/dalvikvm(27859): WAIT_FOR_CONCURRENT_GC blocked 8ms
W/l       (27859): [TiclService] Skipping unknown enum class name ae
V/ChromeBrowserSyncAdapter(27859): Received sync tickle for SESSION in ChromeBrowserSyncAdapter
W/l       (27859): [TiclService] Skipping unknown enum class name ae
D/dalvikvm(17519): GC_CONCURRENT freed 397K, 5% free 9410K/9832K, paused 3ms+2ms, total 27ms
W/l       (27859): [TiclService] Skipping unknown enum class name ah
W/l       (27859): [TiclService] Skipping unknown enum class name ah
D/dalvikvm(27859): GC_FOR_ALLOC freed 497K, 8% free 11338K/12228K, paused 22ms, total 23ms
I/dalvikvm-heap(27859): Grow heap (frag case) to 11.129MB for 36880-byte allocation
D/dalvikvm(27859): GC_FOR_ALLOC freed 1K, 8% free 11372K/12268K, paused 24ms, total 24ms
I/dalvikvm(27859): Jit: resizing JitTable from 4096 to 8192
I/chromium(27859): [INFO:tab_android_impl.cc(1207)] Failed to prerender chrome://version/
I/chromium(27859): [INFO:tab_android_impl.cc(1207)] Failed to prerender chrome://version/
I/chromium(27859): [INFO:tab_android_impl.cc(1207)] Failed to prerender chrome://c/
I/chromium(27859): [INFO:tab_android_impl.cc(1207)] Failed to prerender chrome://cr/
I/chromium(27859): [INFO:tab_android_impl.cc(1207)] Failed to prerender chrome://cra/
I/chromium(27859): [INFO:tab_android_impl.cc(1207)] Failed to prerender chrome://cras/
I/chromium(27859): [INFO:tab_android_impl.cc(1207)] Failed to prerender chrome://crash/
W/IInputConnectionWrapper(27859): endBatchEdit on inactive InputConnection
W/google-breakpad(27887): ### ### ### ### ### ### ### ### ### ### ### ### ###
W/google-breakpad(27887): Chrome build fingerprint:
W/google-breakpad(27887): 27.0.1453.105
W/google-breakpad(27887): 1453106
W/google-breakpad(27887): b7247ee2-5177-40fd-8959-33bc2f793db9
W/google-breakpad(27887): ### ### ### ### ### ### ### ### ### ### ### ### ###
F/libc    (27887): Fatal signal 11 (SIGSEGV) at 0x00000000 (code=1), thread 27900 (ChildProcessMai)
I/DEBUG   ( 2636): *** *** *** *** *** *** *** *** *** *** *** *** *** *** *** ***
I/DEBUG   ( 2636): Build fingerprint: 'google/occam/mako:4.3/JWR53F/688492:userdebug/dev-keys'
I/DEBUG   ( 2636): Revision: '11'
I/DEBUG   ( 2636): pid: 27887, tid: 27900, name: ChildProcessMai  >>> com.android.chrome:sandboxed_process0 <<<
I/DEBUG   ( 2636): signal 11 (SIGSEGV), code 1 (SEGV_MAPERR), fault addr 00000000
I/DEBUG   ( 2636):     r0 7358874c  r1 00000000  r2 00000001  r3 00000000
I/DEBUG   ( 2636):     r4 73588980  r5 00000001  r6 401021f4  r7 73588990
I/DEBUG   ( 2636):     r8 7550eabc  r9 75d4c008  sl 71fde968  fp 401021f4
I/DEBUG   ( 2636):     ip 00000001  sp 735884b0  lr 747f20ad  pc 73c85e5a  cpsr 600b0030
I/DEBUG   ( 2636):     d0  2f3a656d6f72682f  d1  0000000000000063
I/DEBUG   ( 2636):     d2  0000000000000072  d3  0000000000000061
I/DEBUG   ( 2636):     d4  00010000676e702e  d5  0000005900000000
I/DEBUG   ( 2636):     d6  41d46dd3a330a44c  d7  4273f340ad5d8072
I/DEBUG   ( 2636):     d8  0000000000000000  d9  0000000000000000
I/DEBUG   ( 2636):     d10 0000000000000000  d11 0000000000000000
I/DEBUG   ( 2636):     d12 0000000000000000  d13 0000000000000000
I/DEBUG   ( 2636):     d14 0000000000000000  d15 0000000000000000
I/DEBUG   ( 2636):     d16 4000000000000000  d17 3fe62e42fee00000
I/DEBUG   ( 2636):     d18 4000000000000000  d19 bfce530efd08b9e0
I/DEBUG   ( 2636):     d20 3fc5503b3e20ba3d  d21 bf66b9a5fd0b0c53
I/DEBUG   ( 2636):     d22 bfcf854bd9268560  d23 4060000000000000
I/DEBUG   ( 2636):     d24 3f9a9877ff388083  d25 bf9a9877e845cf34
I/DEBUG   ( 2636):     d26 4012616719161d2b  d27 4000000000000000
I/DEBUG   ( 2636):     d28 4001f854bd926856  d29 3fcafffffffffffa
