Thread 0 ( * CRASHED * EXC_BAD_ACCESS / KERN_PROTECTION_FAILURE @ 0x30 )
0	 [Google Chrome Framework	 -	 Google Chrome Framework:36420092] Google_Chrome_Framework::Symbol_1()
1	 [Google Chrome Framework	 -	 Google Chrome Framework:35312912] Google_Chrome_Framework::Symbol_2()
2	 [Google Chrome Framework	 -	 Google Chrome Framework:30179431] Google_Chrome_Framework::Symbol_3()
3	 [Google Chrome Framework	 -	 Google Chrome Framework:30179070] Google_Chrome_Framework::Symbol_4()
4	 [Google Chrome Framework	 -	 Google Chrome Framework:35324317] Google_Chrome_Framework::Symbol_5()
5	 [Google Chrome Framework	 -	 Google Chrome Framework:30178960] Google_Chrome_Framework::Symbol_6()
6	 [Google Chrome Framework	 -	 Google Chrome Framework:30191931] Google_Chrome_Framework::Symbol_7()
7	 [Google Chrome Framework	 -	 Google Chrome Framework:30171466] Google_Chrome_Framework::Symbol_8()
8	 [Google Chrome Framework	 -	 Google Chrome Framework:30860374] Google_Chrome_Framework::Symbol_9()
9	 [Google Chrome Framework	 -	 Google Chrome Framework:30865744] Google_Chrome_Framework::Symbol_10()
10	 [Google Chrome Framework	 -	 Google Chrome Framework:30854483] Google_Chrome_Framework::Symbol_11()
11	 [Google Chrome Framework	 -	 Google Chrome Framework:30860998] Google_Chrome_Framework::Symbol_12()
12	 [Google Chrome Framework	 -	 Google Chrome Framework:30223563] Google_Chrome_Framework::Symbol_13()
13	 [Google Chrome Framework	 -	 Google Chrome Framework:30223269] Google_Chrome_Framework::Symbol_14()
14	 [Google Chrome Framework	 -	 Google Chrome Framework:41779984] Google_Chrome_Framework::Symbol_15()
15	 [Google Chrome Framework	 -	 Google Chrome Framework:15464233] Google_Chrome_Framework::Symbol_16()
16	 [Google Chrome Framework	 -	 Google Chrome Framework:15464293] Google_Chrome_Framework::Symbol_17()
17	 [Google Chrome Framework	 -	 Google Chrome Framework:15464560] Google_Chrome_Framework::Symbol_18()
18	 [Google Chrome Framework	 -	 Google Chrome Framework:15298405] Google_Chrome_Framework::Symbol_19()
19	 [Google Chrome Framework	 -	 Google Chrome Framework:15300015] Google_Chrome_Framework::Symbol_20()
20	 [Google Chrome Framework	 -	 Google Chrome Framework:15118246] Google_Chrome_Framework::Symbol_21()
21	 [CoreFoundation	 -	 CoreFoundation:73166] CoreFoundation::Symbol_1()
22	 [CoreFoundation	 -	 CoreFoundation:71672] CoreFoundation::Symbol_2()
23	 [CoreFoundation	 -	 CoreFoundation:226677] CoreFoundation::Symbol_3()
24	 [CoreFoundation	 -	 CoreFoundation:224617] CoreFoundation::Symbol_4()
25	 [CoreFoundation	 -	 CoreFoundation:224218] CoreFoundation::Symbol_5()
26	 [HIToolbox	 -	 HIToolbox:358569] HIToolbox::Symbol_1()
27	 [HIToolbox	 -	 HIToolbox:357912] HIToolbox::Symbol_2()
28	 [HIToolbox	 -	 HIToolbox:357523] HIToolbox::Symbol_3()
29	 [AppKit	 -	 AppKit:1456729] AppKit::Symbol_1()
30	 [AppKit	 -	 AppKit:1454731] AppKit::Symbol_2()
31	 [AppKit	 -	 AppKit:1414875] AppKit::Symbol_3()
32	 [Google Chrome Framework	 -	 Google Chrome Framework:15119168] Google_Chrome_Framework::Symbol_22()
33	 [Google Chrome Framework	 -	 Google Chrome Framework:15117947] Google_Chrome_Framework::Symbol_23()
34	 [Google Chrome Framework	 -	 Google Chrome Framework:15297231] Google_Chrome_Framework::Symbol_24()
35	 [Google Chrome Framework	 -	 Google Chrome Framework:15372944] Google_Chrome_Framework::Symbol_25()
36	 [Google Chrome Framework	 -	 Google Chrome Framework:15296585] Google_Chrome_Framework::Symbol_26()
37	 [Google Chrome Framework	 -	 Google Chrome Framework:9570134] Google_Chrome_Framework::Symbol_27()
38	 [Google Chrome Framework	 -	 Google Chrome Framework:14728698] Google_Chrome_Framework::Symbol_28()
39	 [Google Chrome Framework	 -	 Google Chrome Framework:14725279] Google_Chrome_Framework::Symbol_29()
40	 [Google Chrome Framework	 -	 Google Chrome Framework:10808] Google_Chrome_Framework::Symbol_30()
41	 [Google Chrome Helper	 -	 Google Chrome Helper:3959] Google_Chrome_Helper::Symbol_1()
42	 [Google Chrome Helper	 -	 Google Chrome Helper:3924] Google_Chrome_Helper::Symbol_2()
43	 [	 +	 0x6]

Thread 1
0	 [libsystem_kernel.dylib	 -	 libsystem_kernel.dylib:88494] libsystem_kernel.dylib::Symbol_1()
1	 [libdispatch.dylib	 -	 libdispatch.dylib:18428] libdispatch.dylib::Symbol_1()

Thread 2
0	 [libsystem_kernel.dylib	 -	 libsystem_kernel.dylib:88494] libsystem_kernel.dylib::Symbol_2()
1	 [Google Chrome Framework	 -	 Google Chrome Framework:15508493] Google_Chrome_Framework::Symbol_31()
2	 [Google Chrome Framework	 -	 Google Chrome Framework:15115294] Google_Chrome_Framework::Symbol_32()
3	 [Google Chrome Framework	 -	 Google Chrome Framework:15297231] Google_Chrome_Framework::Symbol_33()
4	 [Google Chrome Framework	 -	 Google Chrome Framework:15372944] Google_Chrome_Framework::Symbol_34()
5	 [Google Chrome Framework	 -	 Google Chrome Framework:15296585] Google_Chrome_Framework::Symbol_35()
6	 [Google Chrome Framework	 -	 Google Chrome Framework:15454064] Google_Chrome_Framework::Symbol_36()
7	 [Google Chrome Framework	 -	 Google Chrome Framework:15454202] Google_Chrome_Framework::Symbol_37()
8	 [Google Chrome Framework	 -	 Google Chrome Framework:15441176] Google_Chrome_Framework::Symbol_38()
9	 [libsystem_c.dylib	 -	 libsystem_c.dylib:91478] libsystem_c.dylib::Symbol_1()
10	 [libsystem_c.dylib	 -	 libsystem_c.dylib:3309] libsystem_c.dylib::Symbol_2()

Thread 3
0	 [libsystem_kernel.dylib	 -	 libsystem_kernel.dylib:84194] libsystem_kernel.dylib::Symbol_3()
1	 [libsystem_c.dylib	 -	 libsystem_c.dylib:659628] libsystem_c.dylib::Symbol_3()
2	 [Google Chrome Framework	 -	 Google Chrome Framework:15417127] Google_Chrome_Framework::Symbol_39()
3	 [Google Chrome Framework	 -	 Google Chrome Framework:15418330] Google_Chrome_Framework::Symbol_40()
4	 [Google Chrome Framework	 -	 Google Chrome Framework:15418069] Google_Chrome_Framework::Symbol_41()
5	 [Google Chrome Framework	 -	 Google Chrome Framework:15309819] Google_Chrome_Framework::Symbol_42()
6	 [Google Chrome Framework	 -	 Google Chrome Framework:15297231] Google_Chrome_Framework::Symbol_43()
7	 [Google Chrome Framework	 -	 Google Chrome Framework:15372944] Google_Chrome_Framework::Symbol_44()
8	 [Google Chrome Framework	 -	 Google Chrome Framework:15296585] Google_Chrome_Framework::Symbol_45()
9	 [Google Chrome Framework	 -	 Google Chrome Framework:15454064] Google_Chrome_Framework::Symbol_46()
10	 [Google Chrome Framework	 -	 Google Chrome Framework:15454202] Google_Chrome_Framework::Symbol_47()
11	 [Google Chrome Framework	 -	 Google Chrome Framework:15441176] Google_Chrome_Framework::Symbol_48()
12	 [libsystem_c.dylib	 -	 libsystem_c.dylib:91478] libsystem_c.dylib::Symbol_4()
13	 [libsystem_c.dylib	 -	 libsystem_c.dylib:3309] libsystem_c.dylib::Symbol_5()

Thread 4
0	 [libsystem_kernel.dylib	 -	 libsystem_kernel.dylib:75790] libsystem_kernel.dylib::Symbol_4()
1	 [Google Chrome Framework	 -	 Google Chrome Framework:21937947] Google_Chrome_Framework::Symbol_49()
2	 [Google Chrome Framework	 -	 Google Chrome Framework:23027944] Google_Chrome_Framework::Symbol_50()
3	 [Google Chrome Framework	 -	 Google Chrome Framework:23025764] Google_Chrome_Framework::Symbol_51()
4	 [libsystem_c.dylib	 -	 libsystem_c.dylib:91478] libsystem_c.dylib::Symbol_6()
5	 [libsystem_c.dylib	 -	 libsystem_c.dylib:3309] libsystem_c.dylib::Symbol_7()

Thread 5
0	 [libsystem_kernel.dylib	 -	 libsystem_kernel.dylib:84194] libsystem_kernel.dylib::Symbol_5()
1	 [libsystem_c.dylib	 -	 libsystem_c.dylib:659703] libsystem_c.dylib::Symbol_8()
2	 [Google Chrome Framework	 -	 Google Chrome Framework:15417350] Google_Chrome_Framework::Symbol_52()
3	 [Google Chrome Framework	 -	 Google Chrome Framework:15418383] Google_Chrome_Framework::Symbol_53()
4	 [Google Chrome Framework	 -	 Google Chrome Framework:15309877] Google_Chrome_Framework::Symbol_54()
5	 [Google Chrome Framework	 -	 Google Chrome Framework:15297231] Google_Chrome_Framework::Symbol_55()
6	 [Google Chrome Framework	 -	 Google Chrome Framework:15372944] Google_Chrome_Framework::Symbol_56()
7	 [Google Chrome Framework	 -	 Google Chrome Framework:15296585] Google_Chrome_Framework::Symbol_57()
8	 [Google Chrome Framework	 -	 Google Chrome Framework:15454064] Google_Chrome_Framework::Symbol_58()
9	 [Google Chrome Framework	 -	 Google Chrome Framework:15454202] Google_Chrome_Framework::Symbol_59()
10	 [Google Chrome Framework	 -	 Google Chrome Framework:15441176] Google_Chrome_Framework::Symbol_60()
11	 [libsystem_c.dylib	 -	 libsystem_c.dylib:91478] libsystem_c.dylib::Symbol_9()
12	 [libsystem_c.dylib	 -	 libsystem_c.dylib:3309] libsystem_c.dylib::Symbol_10()
