0x006fbe5a [libchromeview.so -	 libchromeview.so:7323226] Framework::Symbol_1()
0x012680ab [libchromeview.so -	 libchromeview.so:19300523] Framework::Symbol_2()
0x01267e35 [libchromeview.so -	 libchromeview.so:19299893] Framework::Symbol_3()
0x012642ab [libchromeview.so -	 libchromeview.so:19284651] Framework::Symbol_4()
0x01180725 [libchromeview.so -	 libchromeview.so:18351909] Framework::Symbol_5()
0x011f5995 [libchromeview.so -	 libchromeview.so:18831765] Framework::Symbol_6()
0x011796a7 [libchromeview.so -	 libchromeview.so:18323111] Framework::Symbol_7()
0x0117953d [libchromeview.so -	 libchromeview.so:18322749] Framework::Symbol_8()
0x01179481 [libchromeview.so -	 libchromeview.so:18322561] Framework::Symbol_9()
0x01131c5d [libchromeview.so -	 libchromeview.so:18029661] Framework::Symbol_10()
0x01131adf [libchromeview.so -	 libchromeview.so:18029279] Framework::Symbol_11()
0x011319e1 [libchromeview.so -	 libchromeview.so:18029025] Framework::Symbol_12()
0x011b5a57 [libchromeview.so -	 libchromeview.so:18569815] Framework::Symbol_13()
0x011317df [libchromeview.so -	 libchromeview.so:18028511] Framework::Symbol_14()
0x011317bb [libchromeview.so -	 libchromeview.so:18028475] Framework::Symbol_15()
0x011317a1 [libchromeview.so -	 libchromeview.so:18028449] Framework::Symbol_16()
0x01181903 [libchromeview.so -	 libchromeview.so:18356483] Framework::Symbol_17()
0x011116a9 [libchromeview.so -	 libchromeview.so:17897129] Framework::Symbol_18()
0x0111163f [libchromeview.so -	 libchromeview.so:17897023] Framework::Symbol_19()
0x0110fdd1 [libchromeview.so -	 libchromeview.so:17890769] Framework::Symbol_20()
0x0001dc4c [ 	 ] [/system/lib/libdvm.so] dvmPlatformInvoke+112
0x0004decf [ 	 ] [/system/lib/libdvm.so] dvmCallJNIMethod(unsigned int const*, JValue*, Method const*, Thread*)+398
0x00027060 [ 	 ] [/system/lib/libdvm.so] 
0x0002b5ec [ 	 ] [/system/lib/libdvm.so] dvmInterpret(Thread*, Method const*, JValue*)+184
0x0005ff21 [ 	 ] [/system/lib/libdvm.so] dvmCallMethodV(Thread*, Method const*, Object*, bool, JValue*, std::__va_list)+292
0x0005ff4b [ 	 ] [/system/lib/libdvm.so] dvmCallMethod(Thread*, Method const*, Object*, JValue*, ...)+20
0x00054ccb [ 	 ] [/system/lib/libdvm.so] 
0x0000ca58 [ 	 ] [/system/lib/libc.so] __thread_entry+72
0x0000cbd4 [ 	 ] [/system/lib/libc.so] pthread_create+208
