Incident Identifier: 8F5A5812-B5E9-4FD4-90AF-A882666A6CBE
CrashReporter Key:   c0c9e45f3a6385df4e9e0e7c8742d98fdd5030ee
Hardware Model:      iPhone5,1
Process:         Chrome [1519]
Path:            /var/mobile/Applications/3C85B968-47D9-412B-95F9-9FA218CF6DE8/beta.app/Chrome
Identifier:      Chrome
Version:         ??? (???)
Code Type:       ARM (Native)
Parent Process:  launchd [1]

Date/Time:       2013-05-01 15:04:11.690 -0400
OS Version:      iOS 6.1.3 (10B329)
Report Version:  104

Exception Type:  00000020
Exception Codes: 0x00000000deadfa11
Highlighted Thread:  11

Application Specific Information:
User initiated force quit of application

Thread 0 name:  CrBrowserMain  Dispatch queue: com.apple.main-thread
Thread 0:
0   libsystem_kernel.dylib        	0x39c86e30 0x39c86000 + 3632
1   libsystem_kernel.dylib        	0x39c86fd0 0x39c86000 + 4048
2   CoreFoundation                	0x31a7d2b6 0x319e6000 + 619190
3   CoreFoundation                	0x31a7bfd6 0x319e6000 + 614358
4   CoreFoundation                	0x319ef238 0x319e6000 + 37432
5   CoreFoundation                	0x319ef0c4 0x319e6000 + 37060
6   GraphicsServices              	0x355ce336 0x355c9000 + 21302
7   UIKit                         	0x3390b2b4 0x338b4000 + 357044
8   Chrome                        	0x0001950a ChromeiOS::Symbol_1() + Chrome:9482
9   Chrome                        	0x000193ec ChromeiOS::Symbol_2() + Chrome:9196

Thread 1 name:  Dispatch queue: com.apple.libdispatch-manager
Thread 1:
0   libsystem_kernel.dylib        	0x39c875d0 0x39c86000 + 5584
1   libdispatch.dylib             	0x39bc2d22 0x39bbc000 + 27938
2   libdispatch.dylib             	0x39bbe374 0x39bbc000 + 9076

Thread 2:
0   libsystem_kernel.dylib        	0x39c97d98 0x39c86000 + 73112
1   libsystem_c.dylib             	0x39be5ad6 0x39bdf000 + 27350
2   libsystem_c.dylib             	0x39be57f2 0x39bdf000 + 26610
3   libsystem_c.dylib             	0x39be5680 0x39bdf000 + 26240

Thread 3:
0   libsystem_kernel.dylib        	0x39c86e30 0x39c86000 + 3632
1   libsystem_kernel.dylib        	0x39c86fd0 0x39c86000 + 4048
2   Chrome                        	0x0036e62c ChromeiOS::Symbol_3() + Chrome:3503660
3   libsystem_c.dylib             	0x39bf00de 0x39bdf000 + 69854
4   libsystem_c.dylib             	0x39beffa4 0x39bdf000 + 69540

Thread 4 name:  WebThread
Thread 4:
0   libsystem_kernel.dylib        	0x39c86e30 0x39c86000 + 3632
1   libsystem_kernel.dylib        	0x39c86fd0 0x39c86000 + 4048
2   CoreFoundation                	0x31a7d2b6 0x319e6000 + 619190
3   CoreFoundation                	0x31a7c02c 0x319e6000 + 614444
4   CoreFoundation                	0x319ef238 0x319e6000 + 37432
5   CoreFoundation                	0x319ef0c4 0x319e6000 + 37060
6   WebCore                       	0x379f7390 0x379ed000 + 41872
7   libsystem_c.dylib             	0x39bf00de 0x39bdf000 + 69854
8   libsystem_c.dylib             	0x39beffa4 0x39bdf000 + 69540

Thread 5 name:  NetworkConfigWatcher
Thread 5:
0   libsystem_kernel.dylib        	0x39c86e30 0x39c86000 + 3632
1   libsystem_kernel.dylib        	0x39c86fd0 0x39c86000 + 4048
2   CoreFoundation                	0x31a7d2b6 0x319e6000 + 619190
3   CoreFoundation                	0x31a7c02c 0x319e6000 + 614444
4   CoreFoundation                	0x319ef238 0x319e6000 + 37432
5   CoreFoundation                	0x319ef0c4 0x319e6000 + 37060
6   Foundation                    	0x323135be 0x3230f000 + 17854
7   Chrome                        	0x00130bc4 ChromeiOS::Symbol_4() + Chrome:1153988
8   Chrome                        	0x001304fe ChromeiOS::Symbol_5() + Chrome:1152254
9   Chrome                        	0x0014dd7e ChromeiOS::Symbol_6() + Chrome:1273214
10  Chrome                        	0x001469ec ChromeiOS::Symbol_7() + Chrome:1243628
11  Chrome                        	0x00157da0 ChromeiOS::Symbol_8() + Chrome:1314208
12  Chrome                        	0x00155b22 ChromeiOS::Symbol_9() + Chrome:1305378
13  libsystem_c.dylib             	0x39bf00de 0x39bdf000 + 69854
14  libsystem_c.dylib             	0x39beffa4 0x39bdf000 + 69540

Thread 6 name:  DnsConfigService
Thread 6:
0   libsystem_kernel.dylib        	0x39c86e30 0x39c86000 + 3632
1   libsystem_kernel.dylib        	0x39c86fd0 0x39c86000 + 4048
2   CoreFoundation                	0x31a7d2b6 0x319e6000 + 619190
3   CoreFoundation                	0x31a7c02c 0x319e6000 + 614444
4   CoreFoundation                	0x319ef238 0x319e6000 + 37432
5   CoreFoundation                	0x319ef0c4 0x319e6000 + 37060
6   Foundation                    	0x323135be 0x3230f000 + 17854
7   Chrome                        	0x00130bc4 ChromeiOS::Symbol_10() + Chrome:1153988
8   Chrome                        	0x001304fe ChromeiOS::Symbol_11() + Chrome:1152254
9   Chrome                        	0x0014dd7e ChromeiOS::Symbol_12() + Chrome:1273214
10  Chrome                        	0x001469ec ChromeiOS::Symbol_13() + Chrome:1243628
11  Chrome                        	0x00157da0 ChromeiOS::Symbol_14() + Chrome:1314208
12  Chrome                        	0x00155b22 ChromeiOS::Symbol_15() + Chrome:1305378
13  libsystem_c.dylib             	0x39bf00de 0x39bdf000 + 69854
14  libsystem_c.dylib             	0x39beffa4 0x39bdf000 + 69540

Thread 7 name:  WorkerPool/19203
Thread 7:
0   libsystem_kernel.dylib        	0x39c9708c 0x39c86000 + 69772
1   libsystem_c.dylib             	0x39be8afc 0x39bdf000 + 39676
2   libsystem_c.dylib             	0x39be8870 0x39bdf000 + 39024
3   Chrome                        	0x0015402a ChromeiOS::Symbol_16() + Chrome:1298474
4   Chrome                        	0x00158abc ChromeiOS::Symbol_17() + Chrome:1317564
5   Chrome                        	0x00158d84 ChromeiOS::Symbol_18() + Chrome:1318276
6   Chrome                        	0x00155b22 ChromeiOS::Symbol_19() + Chrome:1305378
7   libsystem_c.dylib             	0x39bf00de 0x39bdf000 + 69854
8   libsystem_c.dylib             	0x39beffa4 0x39bdf000 + 69540

Thread 8 name:  WorkerPool/19459
Thread 8:
0   libsystem_kernel.dylib        	0x39c9708c 0x39c86000 + 69772
1   libsystem_c.dylib             	0x39be8afc 0x39bdf000 + 39676
2   libsystem_c.dylib             	0x39be8870 0x39bdf000 + 39024
3   Chrome                        	0x0015402a ChromeiOS::Symbol_20() + Chrome:1298474
4   Chrome                        	0x00158abc ChromeiOS::Symbol_21() + Chrome:1317564
5   Chrome                        	0x00158d84 ChromeiOS::Symbol_22() + Chrome:1318276
6   Chrome                        	0x00155b22 ChromeiOS::Symbol_23() + Chrome:1305378
7   libsystem_c.dylib             	0x39bf00de 0x39bdf000 + 69854
8   libsystem_c.dylib             	0x39beffa4 0x39bdf000 + 69540

Thread 9 name:  AudioThread
Thread 9:
0   libsystem_kernel.dylib        	0x39c86e30 0x39c86000 + 3632
1   libsystem_kernel.dylib        	0x39c86fd0 0x39c86000 + 4048
2   CoreFoundation                	0x31a7d2b6 0x319e6000 + 619190
3   CoreFoundation                	0x31a7c02c 0x319e6000 + 614444
4   CoreFoundation                	0x319ef238 0x319e6000 + 37432
5   CoreFoundation                	0x319ef0c4 0x319e6000 + 37060
6   Foundation                    	0x323135be 0x3230f000 + 17854
7   Chrome                        	0x00130bc4 ChromeiOS::Symbol_24() + Chrome:1153988
8   Chrome                        	0x001304fe ChromeiOS::Symbol_25() + Chrome:1152254
9   Chrome                        	0x0014dd7e ChromeiOS::Symbol_26() + Chrome:1273214
10  Chrome                        	0x001469ec ChromeiOS::Symbol_27() + Chrome:1243628
11  Chrome                        	0x00157da0 ChromeiOS::Symbol_28() + Chrome:1314208
12  Chrome                        	0x00155b22 ChromeiOS::Symbol_29() + Chrome:1305378
13  libsystem_c.dylib             	0x39bf00de 0x39bdf000 + 69854
14  libsystem_c.dylib             	0x39beffa4 0x39bdf000 + 69540

Thread 10 name:  Chrome_DBThread
Thread 10:
0   libsystem_kernel.dylib        	0x39c9708c 0x39c86000 + 69772
1   libsystem_c.dylib             	0x39be8afc 0x39bdf000 + 39676
2   libsystem_c.dylib             	0x39bf2cf8 0x39bdf000 + 81144
3   Chrome                        	0x00154320 ChromeiOS::Symbol_30() + Chrome:1299232
4   Chrome                        	0x00154218 ChromeiOS::Symbol_31() + Chrome:1298968
5   Chrome                        	0x00148b1e ChromeiOS::Symbol_32() + Chrome:1252126
6   Chrome                        	0x0014dd7e ChromeiOS::Symbol_33() + Chrome:1273214
7   Chrome                        	0x001469ec ChromeiOS::Symbol_34() + Chrome:1243628
8   Chrome                        	0x005c5ec2 ChromeiOS::Symbol_35() + Chrome:5959362
9   Chrome                        	0x005c5fb2 ChromeiOS::Symbol_36() + Chrome:5959602
10  Chrome                        	0x00157da0 ChromeiOS::Symbol_37() + Chrome:1314208
11  Chrome                        	0x00155b22 ChromeiOS::Symbol_38() + Chrome:1305378
12  libsystem_c.dylib             	0x39bf00de 0x39bdf000 + 69854
13  libsystem_c.dylib             	0x39beffa4 0x39bdf000 + 69540

Thread 11 name:  Chrome_FileThread
Thread 11:
0   libsystem_kernel.dylib        	0x39c86e30 0x39c86000 + 3632
1   libsystem_kernel.dylib        	0x39c86fd0 0x39c86000 + 4048
2   CoreFoundation                	0x31a7d2b6 0x319e6000 + 619190
3   CoreFoundation                	0x31a7c02c 0x319e6000 + 614444
4   CoreFoundation                	0x319ef238 0x319e6000 + 37432
5   CoreFoundation                	0x319ef0c4 0x319e6000 + 37060
6   Foundation                    	0x323135be 0x3230f000 + 17854
7   Chrome                        	0x00130bc4 ChromeiOS::Symbol_39() + Chrome:1153988
8   Chrome                        	0x001304fe ChromeiOS::Symbol_40() + Chrome:1152254
9   Chrome                        	0x0014dd7e ChromeiOS::Symbol_41() + Chrome:1273214
10  Chrome                        	0x001469ec ChromeiOS::Symbol_42() + Chrome:1243628
11  Chrome                        	0x005c5efa ChromeiOS::Symbol_43() + Chrome:5959418
12  Chrome                        	0x005c5fc6 ChromeiOS::Symbol_44() + Chrome:5959622
13  Chrome                        	0x00157da0 ChromeiOS::Symbol_45() + Chrome:1314208
14  Chrome                        	0x00155b22 ChromeiOS::Symbol_46() + Chrome:1305378
15  libsystem_c.dylib             	0x39bf00de 0x39bdf000 + 69854
16  libsystem_c.dylib             	0x39beffa4 0x39bdf000 + 69540

Thread 12 name:  Chrome_FileUserBlockingThread
Thread 12:
0   libsystem_kernel.dylib        	0x39c9708c 0x39c86000 + 69772
1   libsystem_c.dylib             	0x39be8afc 0x39bdf000 + 39676
2   libsystem_c.dylib             	0x39bf2cf8 0x39bdf000 + 81144
3   Chrome                        	0x00154320 ChromeiOS::Symbol_47() + Chrome:1299232
4   Chrome                        	0x00154218 ChromeiOS::Symbol_48() + Chrome:1298968
5   Chrome                        	0x00148b1e ChromeiOS::Symbol_49() + Chrome:1252126
6   Chrome                        	0x0014dd7e ChromeiOS::Symbol_50() + Chrome:1273214
7   Chrome                        	0x001469ec ChromeiOS::Symbol_51() + Chrome:1243628
8   Chrome                        	0x005c5f16 ChromeiOS::Symbol_52() + Chrome:5959446
9   Chrome                        	0x005c5fd0 ChromeiOS::Symbol_53() + Chrome:5959632
10  Chrome                        	0x00157da0 ChromeiOS::Symbol_54() + Chrome:1314208
11  Chrome                        	0x00155b22 ChromeiOS::Symbol_55() + Chrome:1305378
12  libsystem_c.dylib             	0x39bf00de 0x39bdf000 + 69854
13  libsystem_c.dylib             	0x39beffa4 0x39bdf000 + 69540

Thread 13 name:  Chrome_ProcessLauncherThread
Thread 13:
0   libsystem_kernel.dylib        	0x39c9708c 0x39c86000 + 69772
1   libsystem_c.dylib             	0x39be8afc 0x39bdf000 + 39676
2   libsystem_c.dylib             	0x39bf2cf8 0x39bdf000 + 81144
3   Chrome                        	0x00154320 ChromeiOS::Symbol_56() + Chrome:1299232
4   Chrome                        	0x00154218 ChromeiOS::Symbol_57() + Chrome:1298968
5   Chrome                        	0x00148b1e ChromeiOS::Symbol_58() + Chrome:1252126
6   Chrome                        	0x0014dd7e ChromeiOS::Symbol_59() + Chrome:1273214
7   Chrome                        	0x001469ec ChromeiOS::Symbol_60() + Chrome:1243628
8   Chrome                        	0x005c5f32 ChromeiOS::Symbol_61() + Chrome:5959474
9   Chrome                        	0x005c5fda ChromeiOS::Symbol_62() + Chrome:5959642
10  Chrome                        	0x00157da0 ChromeiOS::Symbol_63() + Chrome:1314208
11  Chrome                        	0x00155b22 ChromeiOS::Symbol_64() + Chrome:1305378
12  libsystem_c.dylib             	0x39bf00de 0x39bdf000 + 69854
13  libsystem_c.dylib             	0x39beffa4 0x39bdf000 + 69540

Thread 14 name:  Chrome_CacheThread
Thread 14:
0   libsystem_kernel.dylib        	0x39c86e30 0x39c86000 + 3632
1   libsystem_kernel.dylib        	0x39c86fd0 0x39c86000 + 4048
2   CoreFoundation                	0x31a7d2b6 0x319e6000 + 619190
3   CoreFoundation                	0x31a7c02c 0x319e6000 + 614444
4   CoreFoundation                	0x319ef238 0x319e6000 + 37432
5   CoreFoundation                	0x319ef0c4 0x319e6000 + 37060
6   Foundation                    	0x323135be 0x3230f000 + 17854
7   Chrome                        	0x00130bc4 ChromeiOS::Symbol_65() + Chrome:1153988
8   Chrome                        	0x001304fe ChromeiOS::Symbol_66() + Chrome:1152254
9   Chrome                        	0x0014dd7e ChromeiOS::Symbol_67() + Chrome:1273214
10  Chrome                        	0x001469ec ChromeiOS::Symbol_68() + Chrome:1243628
11  Chrome                        	0x005c5f4e ChromeiOS::Symbol_69() + Chrome:5959502
12  Chrome                        	0x005c5fe4 ChromeiOS::Symbol_70() + Chrome:5959652
13  Chrome                        	0x00157da0 ChromeiOS::Symbol_71() + Chrome:1314208
14  Chrome                        	0x00155b22 ChromeiOS::Symbol_72() + Chrome:1305378
15  libsystem_c.dylib             	0x39bf00de 0x39bdf000 + 69854
16  libsystem_c.dylib             	0x39beffa4 0x39bdf000 + 69540

Thread 15 name:  Chrome_IOThread
Thread 15:
0   libsystem_kernel.dylib        	0x39c86e30 0x39c86000 + 3632
1   libsystem_kernel.dylib        	0x39c86fd0 0x39c86000 + 4048
2   CoreFoundation                	0x31a7d2b6 0x319e6000 + 619190
3   CoreFoundation                	0x31a7c02c 0x319e6000 + 614444
4   CoreFoundation                	0x319ef238 0x319e6000 + 37432
5   CoreFoundation                	0x319ef0c4 0x319e6000 + 37060
6   Foundation                    	0x323135be 0x3230f000 + 17854
7   Chrome                        	0x00130bc4 ChromeiOS::Symbol_73() + Chrome:1153988
8   Chrome                        	0x001304fe ChromeiOS::Symbol_74() + Chrome:1152254
9   Chrome                        	0x0014dd7e ChromeiOS::Symbol_75() + Chrome:1273214
10  Chrome                        	0x001469ec ChromeiOS::Symbol_76() + Chrome:1243628
11  Chrome                        	0x005c5f6a ChromeiOS::Symbol_77() + Chrome:5959530
12  Chrome                        	0x005c5fee ChromeiOS::Symbol_78() + Chrome:5959662
13  Chrome                        	0x00157da0 ChromeiOS::Symbol_79() + Chrome:1314208
14  Chrome                        	0x00155b22 ChromeiOS::Symbol_80() + Chrome:1305378
15  libsystem_c.dylib             	0x39bf00de 0x39bdf000 + 69854
16  libsystem_c.dylib             	0x39beffa4 0x39bdf000 + 69540

Thread 16 name:  BrowserBlockingWorker1/25863
Thread 16:
0   libsystem_kernel.dylib        	0x39c9708c 0x39c86000 + 69772
1   libsystem_c.dylib             	0x39be8afc 0x39bdf000 + 39676
2   libsystem_c.dylib             	0x39bf2cf8 0x39bdf000 + 81144
3   Chrome                        	0x001564f8 ChromeiOS::Symbol_81() + Chrome:1307896
4   Chrome                        	0x00155e7c ChromeiOS::Symbol_82() + Chrome:1306236
5   Chrome                        	0x00157b0c ChromeiOS::Symbol_83() + Chrome:1313548
6   Chrome                        	0x00155b22 ChromeiOS::Symbol_84() + Chrome:1305378
7   libsystem_c.dylib             	0x39bf00de 0x39bdf000 + 69854
8   libsystem_c.dylib             	0x39beffa4 0x39bdf000 + 69540

Thread 17 name:  Chrome_HistoryThread
Thread 17:
0   libsystem_kernel.dylib        	0x39c9708c 0x39c86000 + 69772
1   libsystem_c.dylib             	0x39be8afc 0x39bdf000 + 39676
2   libsystem_c.dylib             	0x39be8870 0x39bdf000 + 39024
3   Chrome                        	0x0015402a ChromeiOS::Symbol_85() + Chrome:1298474
4   Chrome                        	0x00154318 ChromeiOS::Symbol_86() + Chrome:1299224
5   Chrome                        	0x00148b58 ChromeiOS::Symbol_87() + Chrome:1252184
6   Chrome                        	0x0014dd7e ChromeiOS::Symbol_88() + Chrome:1273214
7   Chrome                        	0x001469ec ChromeiOS::Symbol_89() + Chrome:1243628
8   Chrome                        	0x00157da0 ChromeiOS::Symbol_90() + Chrome:1314208
9   Chrome                        	0x00155b22 ChromeiOS::Symbol_91() + Chrome:1305378
10  libsystem_c.dylib             	0x39bf00de 0x39bdf000 + 69854
11  libsystem_c.dylib             	0x39beffa4 0x39bdf000 + 69540

Thread 18 name:  com.apple.NSURLConnectionLoader
Thread 18:
0   libsystem_kernel.dylib        	0x39c86e30 0x39c86000 + 3632
1   libsystem_kernel.dylib        	0x39c86fd0 0x39c86000 + 4048
2   CoreFoundation                	0x31a7d2b6 0x319e6000 + 619190
3   CoreFoundation                	0x31a7c02c 0x319e6000 + 614444
4   CoreFoundation                	0x319ef238 0x319e6000 + 37432
5   CoreFoundation                	0x319ef0c4 0x319e6000 + 37060
6   Foundation                    	0x3233c888 0x3230f000 + 186504
7   Foundation                    	0x323c022c 0x3230f000 + 725548
8   libsystem_c.dylib             	0x39bf00de 0x39bdf000 + 69854
9   libsystem_c.dylib             	0x39beffa4 0x39bdf000 + 69540

Thread 19 name:  Chrome_ChromeToDeviceThread
Thread 19:
0   libsystem_kernel.dylib        	0x39c9708c 0x39c86000 + 69772
1   libsystem_c.dylib             	0x39be8afc 0x39bdf000 + 39676
2   libsystem_c.dylib             	0x39bf2cf8 0x39bdf000 + 81144
3   Chrome                        	0x00154320 ChromeiOS::Symbol_92() + Chrome:1299232
4   Chrome                        	0x00154218 ChromeiOS::Symbol_93() + Chrome:1298968
5   Chrome                        	0x00148b1e ChromeiOS::Symbol_94() + Chrome:1252126
6   Chrome                        	0x0014dd7e ChromeiOS::Symbol_95() + Chrome:1273214
7   Chrome                        	0x001469ec ChromeiOS::Symbol_96() + Chrome:1243628
8   Chrome                        	0x00157da0 ChromeiOS::Symbol_97() + Chrome:1314208
9   Chrome                        	0x00155b22 ChromeiOS::Symbol_98() + Chrome:1305378
10  libsystem_c.dylib             	0x39bf00de 0x39bdf000 + 69854
11  libsystem_c.dylib             	0x39beffa4 0x39bdf000 + 69540

Thread 20:
0   libsystem_kernel.dylib        	0x39c97d98 0x39c86000 + 73112
1   libsystem_c.dylib             	0x39be5ad6 0x39bdf000 + 27350
2   libsystem_c.dylib             	0x39be57f2 0x39bdf000 + 26610
3   libsystem_c.dylib             	0x39be5680 0x39bdf000 + 26240

Thread 21 name:  BrowserBlockingWorker2/30987
Thread 21:
0   libsystem_kernel.dylib        	0x39c9708c 0x39c86000 + 69772
1   libsystem_c.dylib             	0x39be8afc 0x39bdf000 + 39676
2   libsystem_c.dylib             	0x39bf2cf8 0x39bdf000 + 81144
3   Chrome                        	0x001564f8 ChromeiOS::Symbol_99() + Chrome:1307896
4   Chrome                        	0x00155e7c ChromeiOS::Symbol_100() + Chrome:1306236
5   Chrome                        	0x00157b0c ChromeiOS::Symbol_101() + Chrome:1313548
6   Chrome                        	0x00155b22 ChromeiOS::Symbol_102() + Chrome:1305378
7   libsystem_c.dylib             	0x39bf00de 0x39bdf000 + 69854
8   libsystem_c.dylib             	0x39beffa4 0x39bdf000 + 69540

Thread 22 name:  Chrome_SyncThread
Thread 22:
0   libsystem_kernel.dylib        	0x39c9708c 0x39c86000 + 69772
1   libsystem_c.dylib             	0x39be8afc 0x39bdf000 + 39676
2   libsystem_c.dylib             	0x39be8870 0x39bdf000 + 39024
3   Chrome                        	0x0015402a ChromeiOS::Symbol_103() + Chrome:1298474
4   Chrome                        	0x00154318 ChromeiOS::Symbol_104() + Chrome:1299224
5   Chrome                        	0x00148b58 ChromeiOS::Symbol_105() + Chrome:1252184
6   Chrome                        	0x0014dd7e ChromeiOS::Symbol_106() + Chrome:1273214
7   Chrome                        	0x001469ec ChromeiOS::Symbol_107() + Chrome:1243628
8   Chrome                        	0x00157da0 ChromeiOS::Symbol_108() + Chrome:1314208
9   Chrome                        	0x00155b22 ChromeiOS::Symbol_109() + Chrome:1305378
10  libsystem_c.dylib             	0x39bf00de 0x39bdf000 + 69854
11  libsystem_c.dylib             	0x39beffa4 0x39bdf000 + 69540

Thread 23 name:  com.apple.coremedia.player.async
Thread 23:
0   libsystem_kernel.dylib        	0x39c9708c 0x39c86000 + 69772
1   libsystem_c.dylib             	0x39be8afc 0x39bdf000 + 39676
2   libsystem_c.dylib             	0x39bf2cf8 0x39bdf000 + 81144
3   CoreMedia                     	0x31fd57c4 0x31fd2000 + 14276
4   MediaToolbox                  	0x32ac794a 0x32ac4000 + 14666
5   CoreMedia                     	0x31ff3888 0x31fd2000 + 137352
6   libsystem_c.dylib             	0x39bf00de 0x39bdf000 + 69854
7   libsystem_c.dylib             	0x39beffa4 0x39bdf000 + 69540

Thread 24 name:  JavaScriptCore::BlockFree
Thread 24:
0   libsystem_kernel.dylib        	0x39c9708c 0x39c86000 + 69772
1   libsystem_c.dylib             	0x39be8afc 0x39bdf000 + 39676
2   libsystem_c.dylib             	0x39be8870 0x39bdf000 + 39024
3   JavaScriptCore                	0x359c4df6 0x35969000 + 376310
4   JavaScriptCore                	0x35ad7532 0x35969000 + 1500466
5   JavaScriptCore                	0x35aea030 0x35969000 + 1577008
6   libsystem_c.dylib             	0x39bf00de 0x39bdf000 + 69854
7   libsystem_c.dylib             	0x39beffa4 0x39bdf000 + 69540

Thread 25 name:  JavaScriptCore::Marking
Thread 25:
0   libsystem_kernel.dylib        	0x39c9708c 0x39c86000 + 69772
1   libsystem_c.dylib             	0x39be8afc 0x39bdf000 + 39676
2   libsystem_c.dylib             	0x39bf2cf8 0x39bdf000 + 81144
3   JavaScriptCore                	0x35a6a6dc 0x35969000 + 1054428
4   JavaScriptCore                	0x35a6a620 0x35969000 + 1054240
5   JavaScriptCore                	0x35aea030 0x35969000 + 1577008
6   libsystem_c.dylib             	0x39bf00de 0x39bdf000 + 69854
7   libsystem_c.dylib             	0x39beffa4 0x39bdf000 + 69540

Thread 26:
0   libsystem_kernel.dylib        	0x39c97d98 0x39c86000 + 73112
1   libsystem_c.dylib             	0x39be5ad6 0x39bdf000 + 27350
2   libsystem_c.dylib             	0x39be57f2 0x39bdf000 + 26610
3   libsystem_c.dylib             	0x39be5680 0x39bdf000 + 26240

Thread 27:
0   libsystem_kernel.dylib        	0x39c97d98 0x39c86000 + 73112
1   libsystem_c.dylib             	0x39be5ad6 0x39bdf000 + 27350
2   libsystem_c.dylib             	0x39be57f2 0x39bdf000 + 26610
3   libsystem_c.dylib             	0x39be5680 0x39bdf000 + 26240

Thread 28 name:  WebCore: CFNetwork Loader
Thread 28:
0   libsystem_kernel.dylib        	0x39c86e30 0x39c86000 + 3632
1   libsystem_kernel.dylib        	0x39c86fd0 0x39c86000 + 4048
2   CoreFoundation                	0x31a7d2b6 0x319e6000 + 619190
3   CoreFoundation                	0x31a7c02c 0x319e6000 + 614444
4   CoreFoundation                	0x319ef238 0x319e6000 + 37432
5   CoreFoundation                	0x319ef0c4 0x319e6000 + 37060
6   WebCore                       	0x37a91ccc 0x379ed000 + 675020
7   JavaScriptCore                	0x35aea030 0x35969000 + 1577008
8   libsystem_c.dylib             	0x39bf00de 0x39bdf000 + 69854
9   libsystem_c.dylib             	0x39beffa4 0x39bdf000 + 69540

Thread 29 name:  WebCore: LocalStorage
Thread 29:
0   libsystem_kernel.dylib        	0x39c9708c 0x39c86000 + 69772
1   libsystem_c.dylib             	0x39be8afc 0x39bdf000 + 39676
2   libsystem_c.dylib             	0x39bf2cf8 0x39bdf000 + 81144
3   JavaScriptCore                	0x359c4dc8 0x35969000 + 376264
4   WebCore                       	0x37c0be7c 0x379ed000 + 2223740
5   WebCore                       	0x37c0be30 0x379ed000 + 2223664
6   JavaScriptCore                	0x35aea030 0x35969000 + 1577008
7   libsystem_c.dylib             	0x39bf00de 0x39bdf000 + 69854
8   libsystem_c.dylib             	0x39beffa4 0x39bdf000 + 69540

Unknown thread crashed with unknown flavor: 5, state_count: 1

Binary Images:
   0x17000 -   0x9dcfff +Chrome armv7  <58931240268935af8f6db86a3c4d7885> /var/mobile/Applications/3C85B968-47D9-412B-95F9-9FA218CF6DE8/beta.app/Chrome
0x2feb8000 - 0x2fed8fff  dyld armv7s  <67efe80b9d863d6bb30fe51e6e17b070> /usr/lib/dyld
0x309ce000 - 0x30aa0fff  RawCamera armv7s  <3c08cb817a1132538a799beafa075302> /System/Library/CoreServices/RawCamera.bundle/RawCamera
0x30aa9000 - 0x30bb3fff  IMGSGX543RC2GLDriver armv7s  <ee5266444586360499110498d57e09f5> /System/Library/Extensions/IMGSGX543RC2GLDriver.bundle/IMGSGX543RC2GLDriver
0x30bbd000 - 0x30ca3fff  AVFoundation armv7s  <56f22385ccb73e31863f1fa9e0b621dd> /System/Library/Frameworks/AVFoundation.framework/AVFoundation
0x30ca4000 - 0x30ca4fff  Accelerate armv7s  <f4e8c4c464953429ab6bd3160aadd176> /System/Library/Frameworks/Accelerate.framework/Accelerate
0x30ca5000 - 0x30de2fff  vImage armv7s  <49d3cf19d0a23f4d836fc313e5fd6bab> /System/Library/Frameworks/Accelerate.framework/Frameworks/vImage.framework/vImage
0x30de3000 - 0x30ecffff  libBLAS.dylib armv7s  <584e045442be39fc847ffe1a5e4c99b2> /System/Library/Frameworks/Accelerate.framework/Frameworks/vecLib.framework/libBLAS.dylib
0x30ed0000 - 0x31186fff  libLAPACK.dylib armv7s  <30a3e7dd8c603a9d81b5e42704ba5971> /System/Library/Frameworks/Accelerate.framework/Frameworks/vecLib.framework/libLAPACK.dylib
0x31187000 - 0x311dffff  libvDSP.dylib armv7s  <936354553eb93d2dafa76ffcad65f9b7> /System/Library/Frameworks/Accelerate.framework/Frameworks/vecLib.framework/libvDSP.dylib
0x311e0000 - 0x311f2fff  libvMisc.dylib armv7s  <5fae8715a0403315bb1991b79677f916> /System/Library/Frameworks/Accelerate.framework/Frameworks/vecLib.framework/libvMisc.dylib
0x311f3000 - 0x311f3fff  vecLib armv7s  <30275ee8819331229ba21256d7b94596> /System/Library/Frameworks/Accelerate.framework/Frameworks/vecLib.framework/vecLib
0x311f4000 - 0x31205fff  Accounts armv7s  <df3255c62b0239f4995bc14ea79f106b> /System/Library/Frameworks/Accounts.framework/Accounts
0x31206000 - 0x31206fff  AdSupport armv7s  <928773d2118a3ed6bd9c5221240e3bb8> /System/Library/Frameworks/AdSupport.framework/AdSupport
0x31207000 - 0x3126bfff  AddressBook armv7s  <ea949de12ca93a6a96ef80d0cb4d9231> /System/Library/Frameworks/AddressBook.framework/AddressBook
0x3126c000 - 0x31326fff  AddressBookUI armv7s  <b25d9a6111d53dc48d8e5e9a30c362ad> /System/Library/Frameworks/AddressBookUI.framework/AddressBookUI
0x31327000 - 0x31335fff  AssetsLibrary armv7s  <7091433f62693f2c85b71242debab67c> /System/Library/Frameworks/AssetsLibrary.framework/AssetsLibrary
0x31473000 - 0x316fcfff  AudioToolbox armv7s  <3677935ece393dd7984f007a12f69d87> /System/Library/Frameworks/AudioToolbox.framework/AudioToolbox
0x316fd000 - 0x317c2fff  CFNetwork armv7s  <ef41814d8641319c96cdeb1264d2d150> /System/Library/Frameworks/CFNetwork.framework/CFNetwork
0x317c3000 - 0x31819fff  CoreAudio armv7s  <19aa715b19a93a5c8563dbc706e899be> /System/Library/Frameworks/CoreAudio.framework/CoreAudio
0x3182d000 - 0x319e5fff  CoreData armv7s  <dee36bfc0c213492983c73d7bd83a27d> /System/Library/Frameworks/CoreData.framework/CoreData
0x319e6000 - 0x31b18fff  CoreFoundation armv7s  <bd8e6c9f94b43e3d9af96a0f03ff3011> /System/Library/Frameworks/CoreFoundation.framework/CoreFoundation
0x31b19000 - 0x31c52fff  CoreGraphics armv7s  <ef057fe1c715314cabf133ec26fa718c> /System/Library/Frameworks/CoreGraphics.framework/CoreGraphics
0x31c54000 - 0x31c8ffff  libCGFreetype.A.dylib armv7s  <163d7f8309a6350399bbb1fef6cde32c> /System/Library/Frameworks/CoreGraphics.framework/Resources/libCGFreetype.A.dylib
0x31e73000 - 0x31e8efff  libRIP.A.dylib armv7s  <387d00a9ed55303b8936459a99869e07> /System/Library/Frameworks/CoreGraphics.framework/Resources/libRIP.A.dylib
0x31e8f000 - 0x31f44fff  CoreImage armv7s  <7d7cd7998a113ed9b483e7dc9f388b05> /System/Library/Frameworks/CoreImage.framework/CoreImage
0x31f45000 - 0x31f9dfff  CoreLocation armv7s  <24dab19c71e831d187b56fe095483c16> /System/Library/Frameworks/CoreLocation.framework/CoreLocation
0x31fd2000 - 0x32037fff  CoreMedia armv7s  <526b25ed6f4e31b790553bd80d46fec7> /System/Library/Frameworks/CoreMedia.framework/CoreMedia
0x32038000 - 0x320c0fff  CoreMotion armv7s  <dfa016b3689c3ac99f33a0d774a44f2d> /System/Library/Frameworks/CoreMotion.framework/CoreMotion
0x320c1000 - 0x32117fff  CoreTelephony armv7s  <930c89780b123ecea46cff85c4989982> /System/Library/Frameworks/CoreTelephony.framework/CoreTelephony
0x32118000 - 0x3217afff  CoreText armv7s  <a01bc990cb483e828f7c3e08cd446daf> /System/Library/Frameworks/CoreText.framework/CoreText
0x3217b000 - 0x3218afff  CoreVideo armv7s  <851591a704dc344aa2fc397094b4c622> /System/Library/Frameworks/CoreVideo.framework/CoreVideo
0x3218b000 - 0x3223ffff  EventKit armv7s  <6282cd57cf6233359489a46554a5bb15> /System/Library/Frameworks/EventKit.framework/EventKit
0x3230f000 - 0x324d2fff  Foundation armv7s  <0f73c35ada563c0bb2ce402d282faefd> /System/Library/Frameworks/Foundation.framework/Foundation
0x3268d000 - 0x326d6fff  IOKit armv7s  <4e5e55f27bbb35bab7af348997bfac17> /System/Library/Frameworks/IOKit.framework/Versions/A/IOKit
0x326d7000 - 0x328affff  ImageIO armv7s  <e04300f6e6b232ce8a02139d8f18dfdc> /System/Library/Frameworks/ImageIO.framework/ImageIO
0x32929000 - 0x32ac3fff  MediaPlayer armv7s  <3328573c20643b02806559249c749793> /System/Library/Frameworks/MediaPlayer.framework/MediaPlayer
0x32ac4000 - 0x32d3efff  MediaToolbox armv7s  <1b36b1b41eca35989d2e822240a769cf> /System/Library/Frameworks/MediaToolbox.framework/MediaToolbox
0x32d3f000 - 0x32dc5fff  MessageUI armv7s  <2fbfe798afe130cba7360b49d0ad487c> /System/Library/Frameworks/MessageUI.framework/MessageUI
0x32dc6000 - 0x32e1ffff  MobileCoreServices armv7s  <b0d1162a8ab03529bb90e416895b568a> /System/Library/Frameworks/MobileCoreServices.framework/MobileCoreServices
0x32e4c000 - 0x32f0efff  GLEngine armv7s  <0c748add2f663d76a29f23fa8a2b5fbc> /System/Library/Frameworks/OpenGLES.framework/GLEngine.bundle/GLEngine
0x32f0f000 - 0x32f16fff  OpenGLES armv7s  <c9c8f7cbfbe5397382286b878bdf143c> /System/Library/Frameworks/OpenGLES.framework/OpenGLES
0x32f18000 - 0x32f18fff  libCVMSPluginSupport.dylib armv7s  <b7d1ddfeb0db36d6af7293fa625b12be> /System/Library/Frameworks/OpenGLES.framework/libCVMSPluginSupport.dylib
0x32f19000 - 0x32f1bfff  libCoreFSCache.dylib armv7s  <07390837fcda347e827279534d046989> /System/Library/Frameworks/OpenGLES.framework/libCoreFSCache.dylib
0x32f1c000 - 0x32f1efff  libCoreVMClient.dylib armv7s  <8bcac434962435a895fa0b0a3a33b7a1> /System/Library/Frameworks/OpenGLES.framework/libCoreVMClient.dylib
0x32f1f000 - 0x32f23fff  libGFXShared.dylib armv7s  <272a9de67f6632c3aebbe2407cfe716b> /System/Library/Frameworks/OpenGLES.framework/libGFXShared.dylib
0x32f24000 - 0x32f63fff  libGLImage.dylib armv7s  <3a444257935236fab123e46e617c7a8d> /System/Library/Frameworks/OpenGLES.framework/libGLImage.dylib
0x32f64000 - 0x3308bfff  libGLProgrammability.dylib armv7s  <252e8c85f6f5374ba6b2690f7fc0e9c3> /System/Library/Frameworks/OpenGLES.framework/libGLProgrammability.dylib
0x3360f000 - 0x33662fff  PassKit armv7s  <0b1b40e8067f3aad9c97b91f7239db92> /System/Library/Frameworks/PassKit.framework/PassKit
0x33663000 - 0x33777fff  QuartzCore armv7s  <b28fd354be3c38a2965e6368fa35e0c7> /System/Library/Frameworks/QuartzCore.framework/QuartzCore
0x33778000 - 0x337c4fff  QuickLook armv7s  <2350b507fe1b3a1a94d2824e34649b36> /System/Library/Frameworks/QuickLook.framework/QuickLook
0x337c5000 - 0x337f3fff  Security armv7s  <e1fcc8913eba360c868f51558a01cf24> /System/Library/Frameworks/Security.framework/Security
0x337f4000 - 0x33861fff  Social armv7s  <39d091c33dc931b687332160d18a3d8d> /System/Library/Frameworks/Social.framework/Social
0x33862000 - 0x33871fff  StoreKit armv7s  <624bb332f87d3fe39f0ad65aad01e337> /System/Library/Frameworks/StoreKit.framework/StoreKit
0x33872000 - 0x338b1fff  SystemConfiguration armv7s  <0fb8d4a2fa8f30ce837e068a046e466b> /System/Library/Frameworks/SystemConfiguration.framework/SystemConfiguration
0x338b2000 - 0x338b3fff  Twitter armv7s  <80d9d647cf2536dabe4af2840673602b> /System/Library/Frameworks/Twitter.framework/Twitter
0x338b4000 - 0x33e07fff  UIKit armv7s  <62bee9294ca13738bd7ff14365dc8561> /System/Library/Frameworks/UIKit.framework/UIKit
0x33e08000 - 0x33e47fff  VideoToolbox armv7s  <57487f6e3c38304ab0aa14dd16043f5c> /System/Library/Frameworks/VideoToolbox.framework/VideoToolbox
0x340dd000 - 0x340e9fff  AccountSettings armv7s  <c4b7436e8ea33ffd9805905f262e4479> /System/Library/PrivateFrameworks/AccountSettings.framework/AccountSettings
0x34130000 - 0x34133fff  ActorKit armv7s  <3aa66a29d9343626baa9d63d1a6efc14> /System/Library/PrivateFrameworks/ActorKit.framework/ActorKit
0x34135000 - 0x34138fff  AggregateDictionary armv7s  <52b69c81243d3e7ea280defa4802aa0f> /System/Library/PrivateFrameworks/AggregateDictionary.framework/AggregateDictionary
0x34221000 - 0x34234fff  AirTraffic armv7s  <e2261ffe1d803bc6bbed23191c848bad> /System/Library/PrivateFrameworks/AirTraffic.framework/AirTraffic
0x34564000 - 0x3459ffff  AppSupport armv7s  <7d6122cb42363dc981247c926e637a34> /System/Library/PrivateFrameworks/AppSupport.framework/AppSupport
0x345a0000 - 0x345c4fff  AppleAccount armv7s  <668e780f91163aaca1c36294d702ae50> /System/Library/PrivateFrameworks/AppleAccount.framework/AppleAccount
0x345d1000 - 0x345defff  ApplePushService armv7s  <4638fab5719a3007beca5a798aa69e91> /System/Library/PrivateFrameworks/ApplePushService.framework/ApplePushService
0x34612000 - 0x3461bfff  AssetsLibraryServices armv7s  <ec78d21573a23c34b6cec05ba56928f1> /System/Library/PrivateFrameworks/AssetsLibraryServices.framework/AssetsLibraryServices
0x3461c000 - 0x34635fff  AssistantServices armv7s  <2c462750e071380b924dda7cd3d0fcb6> /System/Library/PrivateFrameworks/AssistantServices.framework/AssistantServices
0x3464b000 - 0x34662fff  BackBoardServices armv7s  <7fd28bde9e3b3a62a5758e9e859db9fb> /System/Library/PrivateFrameworks/BackBoardServices.framework/BackBoardServices
0x3466c000 - 0x34690fff  Bom armv7s  <f35bf1c1b24a3742847383801ac37505> /System/Library/PrivateFrameworks/Bom.framework/Bom
0x346a3000 - 0x346d2fff  BulletinBoard armv7s  <c8d53907f62f3e1cb8e445cec33eae30> /System/Library/PrivateFrameworks/BulletinBoard.framework/BulletinBoard
0x34710000 - 0x34717fff  CaptiveNetwork armv7s  <e308f6a4f4bf3749b56bd6ff4dd8b30a> /System/Library/PrivateFrameworks/CaptiveNetwork.framework/CaptiveNetwork
0x34718000 - 0x347e2fff  Celestial armv7s  <a2f7438cb5163307a04d78bc2b8a86a9> /System/Library/PrivateFrameworks/Celestial.framework/Celestial
0x347ef000 - 0x347f3fff  CertUI armv7s  <98e5a166bb473fa9b2840dfdad00580a> /System/Library/PrivateFrameworks/CertUI.framework/CertUI
0x34899000 - 0x348b2fff  ChunkingLibrary armv7s  <cddc1ecde9723802ae441d20fe604c7e> /System/Library/PrivateFrameworks/ChunkingLibrary.framework/ChunkingLibrary
0x348c6000 - 0x348cbfff  CommonUtilities armv7s  <eb0b7e85b57e32f38dc498c0ee97aa7e> /System/Library/PrivateFrameworks/CommonUtilities.framework/CommonUtilities
0x34950000 - 0x34980fff  ContentIndex armv7s  <7a304e48f6213864820081df620939e9> /System/Library/PrivateFrameworks/ContentIndex.framework/ContentIndex
0x349fc000 - 0x34ae4fff  CoreMediaStream armv7s  <8e681121a5b93a4585e3016d4320b989> /System/Library/PrivateFrameworks/CoreMediaStream.framework/CoreMediaStream
0x34b91000 - 0x34b92fff  CoreSurface armv7s  <55826212d8b4352b87d80f93bc9b25c6> /System/Library/PrivateFrameworks/CoreSurface.framework/CoreSurface
0x34bfa000 - 0x34bfefff  CoreTime armv7s  <d0735f1f1a7d3df495c84911a24f3786> /System/Library/PrivateFrameworks/CoreTime.framework/CoreTime
0x34bff000 - 0x34c04fff  CrashReporterSupport armv7s  <3b190badb14f3771b353fcd829719c80> /System/Library/PrivateFrameworks/CrashReporterSupport.framework/CrashReporterSupport
0x34c05000 - 0x34c41fff  DataAccess armv7s  <1e17dda3378b34989757d122cb70f8ad> /System/Library/PrivateFrameworks/DataAccess.framework/DataAccess
0x34dd6000 - 0x34de8fff  DataAccessExpress armv7s  <53ef646b265b3f5e944059baa19499c6> /System/Library/PrivateFrameworks/DataAccessExpress.framework/DataAccessExpress
0x34dfc000 - 0x34e11fff  DataDetectorsCore armv7s  <4c8d091a0b7f3260853ba0347236ee30> /System/Library/PrivateFrameworks/DataDetectorsCore.framework/DataDetectorsCore
0x34e13000 - 0x34e26fff  DataDetectorsUI armv7s  <1111beb447bb3fee9f49bed184793e2b> /System/Library/PrivateFrameworks/DataDetectorsUI.framework/DataDetectorsUI
0x34e27000 - 0x34e28fff  DataMigration armv7s  <5e7169ad01853bd0ba0f66648a67a010> /System/Library/PrivateFrameworks/DataMigration.framework/DataMigration
0x34e2b000 - 0x34e44fff  DictionaryServices armv7s  <27298e235f2c35938e1033517b1196a7> /System/Library/PrivateFrameworks/DictionaryServices.framework/DictionaryServices
0x34e4c000 - 0x34e64fff  EAP8021X armv7s  <25f0f325ef0c3c6f987b75b0bb6d1dd1> /System/Library/PrivateFrameworks/EAP8021X.framework/EAP8021X
0x34e73000 - 0x34e77fff  FTClientServices armv7s  <c158c4281a2e31d7913d9f8b0fb4417c> /System/Library/PrivateFrameworks/FTClientServices.framework/FTClientServices
0x34e78000 - 0x34eb6fff  FTServices armv7s  <71ca9253aee730eca6c4ca3210861a2c> /System/Library/PrivateFrameworks/FTServices.framework/FTServices
0x34eb7000 - 0x352cafff  FaceCoreLight armv7s  <432cbaeb84743441b9286532bc36c96d> /System/Library/PrivateFrameworks/FaceCoreLight.framework/FaceCoreLight
0x35317000 - 0x3531cfff  libGPUSupportMercury.dylib armv7s  <64ed3952bc683fef8a42a60ad7bf3f8c> /System/Library/PrivateFrameworks/GPUSupport.framework/libGPUSupportMercury.dylib
0x354c2000 - 0x354cefff  GenerationalStorage armv7s  <4e1afa8de682332ba6a042a6000c636e> /System/Library/PrivateFrameworks/GenerationalStorage.framework/GenerationalStorage
0x354cf000 - 0x355c8fff  GeoServices armv7s  <12d1626ed0f733d7bacca40380622f99> /System/Library/PrivateFrameworks/GeoServices.framework/GeoServices
0x355c9000 - 0x355d4fff  GraphicsServices armv7s  <44b33c403523309c9e930818c7fced34> /System/Library/PrivateFrameworks/GraphicsServices.framework/GraphicsServices
0x35643000 - 0x356befff  HomeSharing armv7s  <137c1fbc6a843d369038348255635111> /System/Library/PrivateFrameworks/HomeSharing.framework/HomeSharing
0x356bf000 - 0x356c9fff  IAP armv7s  <f43af100e43c3d1fac19a86cb7665c18> /System/Library/PrivateFrameworks/IAP.framework/IAP
0x35781000 - 0x357f9fff  IMCore armv7s  <a212f1303a4f3d47aaf21078f172e4bf> /System/Library/PrivateFrameworks/IMCore.framework/IMCore
0x358c0000 - 0x3590cfff  IMFoundation armv7s  <55151f53b10934c3a5faac54e354f3f1> /System/Library/PrivateFrameworks/IMFoundation.framework/IMFoundation
0x35913000 - 0x35914fff  IOAccelerator armv7s  <832913083f7f347fba1340263ff13b52> /System/Library/PrivateFrameworks/IOAccelerator.framework/IOAccelerator
0x35915000 - 0x3591afff  IOMobileFramebuffer armv7s  <828a36a2325738bb8f2d4b97730d253a> /System/Library/PrivateFrameworks/IOMobileFramebuffer.framework/IOMobileFramebuffer
0x3591b000 - 0x3591ffff  IOSurface armv7s  <9925fbc4a08d3a17b72ac807cbbba8ba> /System/Library/PrivateFrameworks/IOSurface.framework/IOSurface
0x35969000 - 0x35b10fff  JavaScriptCore armv7s  <f7be721eee903a93a7de361e5627445e> /System/Library/PrivateFrameworks/JavaScriptCore.framework/JavaScriptCore
0x35b41000 - 0x35b77fff  MIME armv7s  <bf92601800623ba2a30e465ca3eed60f> /System/Library/PrivateFrameworks/MIME.framework/MIME
0x35b78000 - 0x35baefff  MMCS armv7s  <9d17ce9507cd38c9b8246e9c96b6ba3e> /System/Library/PrivateFrameworks/MMCS.framework/MMCS
0x35bb6000 - 0x35bc0fff  MailServices armv7s  <737ace3c1c7c3ec6923095f3beadb4b2> /System/Library/PrivateFrameworks/MailServices.framework/MailServices
0x35bdc000 - 0x35c34fff  ManagedConfiguration armv7s  <b147c2d6f0283d988099706a2a404280> /System/Library/PrivateFrameworks/ManagedConfiguration.framework/ManagedConfiguration
0x35c35000 - 0x35c3afff  Marco armv7s  <53ab26b3197135a781d55819fd80f032> /System/Library/PrivateFrameworks/Marco.framework/Marco
0x35c4b000 - 0x35cc1fff  MediaControlSender armv7s  <29ff7ec2b02d36ec8bf6db33c3a4ba8e> /System/Library/PrivateFrameworks/MediaControlSender.framework/MediaControlSender
0x35cc2000 - 0x35ccbfff  MediaRemote armv7s  <0dc7c7c324d33af8b2f7d57f41123de9> /System/Library/PrivateFrameworks/MediaRemote.framework/MediaRemote
0x35ccc000 - 0x35ce0fff  MediaStream armv7s  <d1cdd61b29d23e818b5ee6014cfe5e77> /System/Library/PrivateFrameworks/MediaStream.framework/MediaStream
0x35d3e000 - 0x35df7fff  Message armv7s  <65a2ce3df80c32ca95304333d445d85a> /System/Library/PrivateFrameworks/Message.framework/Message
0x35e00000 - 0x35e02fff  MessageSupport armv7s  <486898b0125530959b21b7c38b1d0252> /System/Library/PrivateFrameworks/MessageSupport.framework/MessageSupport
0x35e0b000 - 0x35e38fff  MobileAsset armv7s  <e3217ead58d5390395de360b3ca3a10a> /System/Library/PrivateFrameworks/MobileAsset.framework/MobileAsset
0x35e65000 - 0x35e74fff  MobileDeviceLink armv7s  <ed43d4db46a43db0976eeac5f3bc77a1> /System/Library/PrivateFrameworks/MobileDeviceLink.framework/MobileDeviceLink
0x35e75000 - 0x35e7cfff  MobileIcons armv7s  <aaf5cfd5f8273d10803d0349905b07cd> /System/Library/PrivateFrameworks/MobileIcons.framework/MobileIcons
0x35e7d000 - 0x35e80fff  MobileInstallation armv7s  <7cbe167946123bbea56ae58208e09762> /System/Library/PrivateFrameworks/MobileInstallation.framework/MobileInstallation
0x35e81000 - 0x35e87fff  MobileKeyBag armv7s  <5c7d50e11eb537ae89ea12cb7ddd3935> /System/Library/PrivateFrameworks/MobileKeyBag.framework/MobileKeyBag
0x35ec0000 - 0x35ee3fff  MobileSync armv7s  <8ea08ca56ead3d77bba046811a917f79> /System/Library/PrivateFrameworks/MobileSync.framework/MobileSync
0x35ee4000 - 0x35ee7fff  MobileSystemServices armv7s  <5796fff2895f38e4b0f844269d4fbae5> /System/Library/PrivateFrameworks/MobileSystemServices.framework/MobileSystemServices
0x35eff000 - 0x35f08fff  MobileWiFi armv7s  <e9ae11c07476390d9598c861658cee7d> /System/Library/PrivateFrameworks/MobileWiFi.framework/MobileWiFi
0x35f22000 - 0x36066fff  MusicLibrary armv7s  <057b076c74fd31b590bccc9b64d7f5cb> /System/Library/PrivateFrameworks/MusicLibrary.framework/MusicLibrary
0x3607e000 - 0x36097fff  Notes armv7s  <de760fe287ee3346b61c4f4e701278f3> /System/Library/PrivateFrameworks/Notes.framework/Notes
0x36098000 - 0x3609afff  OAuth armv7s  <8e91174312e43ca9ac07d91d16b32d15> /System/Library/PrivateFrameworks/OAuth.framework/OAuth
0x367bf000 - 0x367e3fff  OpenCL armv7s  <9fb5ca4c594c3ae8baf7e0b0c299733b> /System/Library/PrivateFrameworks/OpenCL.framework/OpenCL
0x36b45000 - 0x36b62fff  PersistentConnection armv7s  <c5164e016fa6340fbce9251278385105> /System/Library/PrivateFrameworks/PersistentConnection.framework/PersistentConnection
0x36cd4000 - 0x36dbbfff  PhotoLibraryServices armv7s  <21e6076b32a33d24a298e1e611e4b965> /System/Library/PrivateFrameworks/PhotoLibraryServices.framework/PhotoLibraryServices
0x36dbf000 - 0x36df7fff  Preferences armv7s  <a096fb6fdd11373e812c8b78acdcdfa7> /System/Library/PrivateFrameworks/Preferences.framework/Preferences
0x36df8000 - 0x36e20fff  PrintKit armv7s  <7109f645a9ca3a4997b4172aed228723> /System/Library/PrivateFrameworks/PrintKit.framework/PrintKit
0x36e21000 - 0x36e95fff  ProofReader armv7s  <e391e8d141c5352d978e5fde23afaaad> /System/Library/PrivateFrameworks/ProofReader.framework/ProofReader
0x36e96000 - 0x36e9efff  ProtocolBuffer armv7s  <edc3f72bf38c3d81954ac85f489a17e8> /System/Library/PrivateFrameworks/ProtocolBuffer.framework/ProtocolBuffer
0x36ebb000 - 0x36f13fff  SAObjects armv7s  <d0a0ae2eeca234bc807c4f66896a4022> /System/Library/PrivateFrameworks/SAObjects.framework/SAObjects
0x36fda000 - 0x36febfff  SpringBoardServices armv7s  <bb92c069669b36959d3e82d4144f4264> /System/Library/PrivateFrameworks/SpringBoardServices.framework/SpringBoardServices
0x36fec000 - 0x37000fff  SpringBoardUI armv7s  <e4a4e532993d3f8f9e4a72d2f75f1d08> /System/Library/PrivateFrameworks/SpringBoardUI.framework/SpringBoardUI
0x3704d000 - 0x37128fff  StoreServices armv7s  <e465f24460ff3764b4fc95ebd44b2fe3> /System/Library/PrivateFrameworks/StoreServices.framework/StoreServices
0x37176000 - 0x37178fff  TCC armv7s  <95c2aa492cc03862bd7bbfae6fa62b1b> /System/Library/PrivateFrameworks/TCC.framework/TCC
0x37179000 - 0x37196fff  TelephonyUI armv7s  <2ed4ebd30fa3375fa4eddb13573855d2> /System/Library/PrivateFrameworks/TelephonyUI.framework/TelephonyUI
0x37197000 - 0x371a4fff  TelephonyUtilities armv7s  <aa759d908b903f978ab6803b7947e524> /System/Library/PrivateFrameworks/TelephonyUtilities.framework/TelephonyUtilities
0x375cc000 - 0x375fafff  ToneLibrary armv7s  <a55465c5d2133ebf92acb1fd635abd14> /System/Library/PrivateFrameworks/ToneLibrary.framework/ToneLibrary
0x37629000 - 0x376c9fff  UIFoundation armv7s  <e3a40cee28653c4485a4918016ff2b8e> /System/Library/PrivateFrameworks/UIFoundation.framework/UIFoundation
0x379a0000 - 0x379b6fff  VoiceServices armv7s  <f00d5d73bf3f3acfb7d0b1b0447f071b> /System/Library/PrivateFrameworks/VoiceServices.framework/VoiceServices
0x379cd000 - 0x379ecfff  WebBookmarks armv7s  <ab55332c13da33fd825ea6204338fe19> /System/Library/PrivateFrameworks/WebBookmarks.framework/WebBookmarks
0x379ed000 - 0x3831dfff  WebCore armv7s  <b87e1ce4e58231108043c9ae79bb01d4> /System/Library/PrivateFrameworks/WebCore.framework/WebCore
0x3831e000 - 0x383fafff  WebKit armv7s  <6bd57205f7a43f6eb49f3037b57cc5f6> /System/Library/PrivateFrameworks/WebKit.framework/WebKit
0x3849e000 - 0x384a4fff  XPCKit armv7s  <25b9d317096e354b885dce46498daa54> /System/Library/PrivateFrameworks/XPCKit.framework/XPCKit
0x384a5000 - 0x384acfff  XPCObjects armv7s  <e6846a96a21d382f9fffd6a4536c0aa7> /System/Library/PrivateFrameworks/XPCObjects.framework/XPCObjects
0x385ff000 - 0x3863afff  iCalendar armv7s  <bcc081bffdae3daea0f7d7db18ed80e8> /System/Library/PrivateFrameworks/iCalendar.framework/iCalendar
0x38751000 - 0x38789fff  iTunesStore armv7s  <10c8c7e5c9f43f75af5b30fc2389c1a2> /System/Library/PrivateFrameworks/iTunesStore.framework/iTunesStore
0x39017000 - 0x3901dfff  libAccessibility.dylib armv7s  <9111bc894a4f3ef683f5ef4d699a861b> /usr/lib/libAccessibility.dylib
0x3901e000 - 0x39034fff  libCRFSuite.dylib armv7s  <770ebb2f7d9a35749e6da5d1980c244f> /usr/lib/libCRFSuite.dylib
0x3904a000 - 0x3904bfff  libMobileCheckpoint.dylib armv7s  <1a85f881364934cb88fa6a38a1396cb0> /usr/lib/libMobileCheckpoint.dylib
0x3904c000 - 0x39058fff  libMobileGestalt.dylib armv7s  <7cf3ae0983a830d1a5dc91edb216b3f8> /usr/lib/libMobileGestalt.dylib
0x3906a000 - 0x3906afff  libSystem.B.dylib armv7s  <12daef214fd234158028c97c22dc5cca> /usr/lib/libSystem.B.dylib
0x3918c000 - 0x39198fff  libbsm.0.dylib armv7s  <0f4a8d65b05a364abca1a97e2ae72cb5> /usr/lib/libbsm.0.dylib
0x39199000 - 0x391a2fff  libbz2.1.0.dylib armv7s  <f54b70863d9c3751bb59253b1cb4c706> /usr/lib/libbz2.1.0.dylib
0x391a3000 - 0x391eefff  libc++.1.dylib armv7s  <3beff5a5233b3f51ab2fc748b68e9519> /usr/lib/libc++.1.dylib
0x391ef000 - 0x39202fff  libc++abi.dylib armv7s  <f47a5c7bc24c3e4fa73f11b61af635da> /usr/lib/libc++abi.dylib
0x39233000 - 0x39320fff  libiconv.2.dylib armv7s  <81d6972465103fa3b85b4125f0ad33f1> /usr/lib/libiconv.2.dylib
0x39321000 - 0x3946afff  libicucore.A.dylib armv7s  <642482cfc34a3a3b97bd731258dcdc6a> /usr/lib/libicucore.A.dylib
0x39472000 - 0x39472fff  liblangid.dylib armv7s  <ffb53baa33ba3642a55737311f17a672> /usr/lib/liblangid.dylib
0x39475000 - 0x3947cfff  liblockdown.dylib armv7s  <d484b93ed83c3b0bb5c6721134662453> /usr/lib/liblockdown.dylib
0x3975d000 - 0x39772fff  libmis.dylib armv7s  <8f0712b99e8e3f5e998f0240f75bb5ba> /usr/lib/libmis.dylib
0x3979b000 - 0x39899fff  libobjc.A.dylib armv7s  <1d499765d38c3c8fa92b363f529a02dd> /usr/lib/libobjc.A.dylib
0x3995d000 - 0x39972fff  libresolv.9.dylib armv7s  <3f7be9d397d63b8e931d21bd5f49b0eb> /usr/lib/libresolv.9.dylib
0x39997000 - 0x39a1dfff  libsqlite3.dylib armv7s  <758898189dca32a5a19e5200b8952110> /usr/lib/libsqlite3.dylib
0x39a1e000 - 0x39a6afff  libstdc++.6.dylib armv7s  <249e8ca1717b370287bb556bbd96e303> /usr/lib/libstdc++.6.dylib
0x39a6b000 - 0x39a91fff  libtidy.A.dylib armv7s  <96b463f0ffa0344699fce4d48aa623bc> /usr/lib/libtidy.A.dylib
0x39a95000 - 0x39b42fff  libxml2.2.dylib armv7s  <e87724e212573773a60bc56815cec706> /usr/lib/libxml2.2.dylib
0x39b43000 - 0x39b63fff  libxslt.1.dylib armv7s  <c52fbe01ce7b35c799630e97e8f1318b> /usr/lib/libxslt.1.dylib
0x39b64000 - 0x39b70fff  libz.1.dylib armv7s  <b64a5c1989ba3ba4aafae83d841f9496> /usr/lib/libz.1.dylib
0x39b71000 - 0x39b74fff  libcache.dylib armv7s  <911ce99a94623ef1ae1ea786055fd558> /usr/lib/system/libcache.dylib
0x39b75000 - 0x39b7bfff  libcommonCrypto.dylib armv7s  <33140a5fa3fb3e5e8c6bb19bc0e21c5c> /usr/lib/system/libcommonCrypto.dylib
0x39b7c000 - 0x39b7efff  libcompiler_rt.dylib armv7s  <cd17f0ee3dbc38f99910d12a6056bf5a> /usr/lib/system/libcompiler_rt.dylib
0x39b7f000 - 0x39b84fff  libcopyfile.dylib armv7s  <5e733170766430eeaa4e7784e3c7555c> /usr/lib/system/libcopyfile.dylib
0x39b85000 - 0x39bbbfff  libcorecrypto.dylib armv7s  <a15c807dcb003ad69810546a578774d9> /usr/lib/system/libcorecrypto.dylib
0x39bbc000 - 0x39bccfff  libdispatch.dylib armv7s  <247a388103633e17b24be038eac612c0> /usr/lib/system/libdispatch.dylib
0x39bcd000 - 0x39bcefff  libdnsinfo.dylib armv7s  <f873dd712561350096b9452bf1fc4078> /usr/lib/system/libdnsinfo.dylib
0x39bcf000 - 0x39bd0fff  libdyld.dylib armv7s  <d8d1e76c619b3a7cacfc4dc30a50d9bc> /usr/lib/system/libdyld.dylib
0x39bd1000 - 0x39bd1fff  libkeymgr.dylib armv7s  <b0a1a911d4853feba44133e9ce499bc9> /usr/lib/system/libkeymgr.dylib
0x39bd2000 - 0x39bd7fff  liblaunch.dylib armv7s  <69dd64aba1413e75967cd4ad0afa2c15> /usr/lib/system/liblaunch.dylib
0x39bd8000 - 0x39bdbfff  libmacho.dylib armv7s  <5905b311c6fb376388e56a991bb3193d> /usr/lib/system/libmacho.dylib
0x39bdc000 - 0x39bddfff  libremovefile.dylib armv7s  <b40e964d7c563296b38625bc7082d6a8> /usr/lib/system/libremovefile.dylib
0x39bde000 - 0x39bdefff  libsystem_blocks.dylib armv7s  <77a9976b82b73796a0bbc9783929a1e7> /usr/lib/system/libsystem_blocks.dylib
0x39bdf000 - 0x39c65fff  libsystem_c.dylib armv7s  <11bcf1060ec63c8b909a452e6f79be08> /usr/lib/system/libsystem_c.dylib
0x39c66000 - 0x39c6cfff  libsystem_dnssd.dylib armv7s  <94fab309ed9b35cdbc075cdda221bc70> /usr/lib/system/libsystem_dnssd.dylib
0x39c6d000 - 0x39c85fff  libsystem_info.dylib armv7s  <195d8eeb7c3f31bd916c0b5611abc0e7> /usr/lib/system/libsystem_info.dylib
0x39c86000 - 0x39c9cfff  libsystem_kernel.dylib armv7s  <a6afa72d4ec335d79b63aa47114cc24a> /usr/lib/system/libsystem_kernel.dylib
0x39c9d000 - 0x39cb9fff  libsystem_m.dylib armv7s  <faafc8292d4935c4a78233e1d0879e13> /usr/lib/system/libsystem_m.dylib
0x39cba000 - 0x39cc8fff  libsystem_network.dylib armv7s  <137f48e279a83d7496659c8e3d3729d4> /usr/lib/system/libsystem_network.dylib
0x39cc9000 - 0x39cd0fff  libsystem_notify.dylib armv7s  <df14146497cb3fa0a002eedbed49da65> /usr/lib/system/libsystem_notify.dylib
0x39cd1000 - 0x39cd2fff  libsystem_sandbox.dylib armv7s  <85e91e99abc03db88eddc665424090b4> /usr/lib/system/libsystem_sandbox.dylib
0x39cd3000 - 0x39cd3fff  libunwind.dylib armv7s  <3b7ec561dbec3a199f09ea08a64e76ee> /usr/lib/system/libunwind.dylib
0x39cd4000 - 0x39ce9fff  libxpc.dylib armv7s  <0562a59bdf8d3f7783e93f35d7e724a8> /usr/lib/system/libxpc.dylib
