Incident Identifier: 5D9C0C3C-3CDB-46C7-957F-8C24F16C7634
CrashReporter Key:   294a43580c4f22bfe86ec1912d849f0510b87154
Hardware Model:      iPhone5,1
Process:             Chrome [578]
Path:                /var/mobile/Applications/CB2DEE83-099C-4275-BCA3-3FDE7F89446D/stable.app/Chrome
Identifier:          com.google.chrome.ios
Version:             32.0.1700.20 (32.1700.20)
Code Type:           ARM (Native)
Parent Process:      launchd [1]

Date/Time:           2014-01-30 15:37:24.270 +0100
OS Version:          iOS 7.0.4 (11B554a)
Report Version:      104

Exception Type:  00000020
Exception Codes: 0x00000000deadfa11
Highlighted Thread:  7

Application Specific Information:
User initiated force quit of application

Thread 0 name:  CrBrowserMain
Thread 0:
0   libsystem_kernel.dylib        	0x3be0fa84 0x3be0f000 + 2692
1   libsystem_kernel.dylib        	0x3be0f87c 0x3be0f000 + 2172
2   CoreFoundation                	0x314e0554 0x31441000 + 652628
3   CoreFoundation                	0x314decba 0x31441000 + 646330
4   CoreFoundation                	0x3144946c 0x31441000 + 33900
5   CoreFoundation                	0x3144924e 0x31441000 + 33358
6   GraphicsServices              	0x361832e6 0x3617c000 + 29414
7   UIKit                         	0x33cfe840 0x33c8f000 + 456768
8   Chrome                        	0x0002939a ChromeiOS::Symbol_1() + Chrome:17306
9   libdyld.dylib                 	0x3bd6bab4 0x3bd6a000 + 6836

Thread 1:
0   libsystem_kernel.dylib        	0x3be0f838 0x3be0f000 + 2104
1   libdispatch.dylib             	0x3bd5e0d0 0x3bd56000 + 32976
2   libdispatch.dylib             	0x3bd5861e 0x3bd56000 + 9758

Thread 2:
0   libsystem_kernel.dylib        	0x3be0fa84 0x3be0f000 + 2692
1   libsystem_kernel.dylib        	0x3be0f87c 0x3be0f000 + 2172
2   Chrome                        	0x003a60cc ChromeiOS::Symbol_2() + Chrome:3674316
3   libsystem_pthread.dylib       	0x3be88c5a 0x3be86000 + 11354
4   libsystem_pthread.dylib       	0x3be88bca 0x3be86000 + 11210
5   libsystem_pthread.dylib       	0x3be86ccc 0x3be86000 + 3276

Thread 3 name:  NetworkConfigWatcher
Thread 3:
0   libsystem_kernel.dylib        	0x3be0fa84 0x3be0f000 + 2692
1   libsystem_kernel.dylib        	0x3be0f87c 0x3be0f000 + 2172
2   CoreFoundation                	0x314e0554 0x31441000 + 652628
3   CoreFoundation                	0x314dec74 0x31441000 + 646260
4   CoreFoundation                	0x3144946c 0x31441000 + 33900
5   CoreFoundation                	0x3144924e 0x31441000 + 33358
6   Foundation                    	0x31e37692 0x31e2c000 + 46738
7   Chrome                        	0x0016b18c ChromeiOS::Symbol_3() + Chrome:1335692
8   Chrome                        	0x0016ab3e ChromeiOS::Symbol_4() + Chrome:1334078
9   Chrome                        	0x0018db1a ChromeiOS::Symbol_5() + Chrome:1477402
10  Chrome                        	0x00184a84 ChromeiOS::Symbol_6() + Chrome:1440388
11  Chrome                        	0x00197a36 ChromeiOS::Symbol_7() + Chrome:1518134
12  Chrome                        	0x001955ea ChromeiOS::Symbol_8() + Chrome:1508842
13  libsystem_pthread.dylib       	0x3be88c5a 0x3be86000 + 11354
14  libsystem_pthread.dylib       	0x3be88bca 0x3be86000 + 11210
15  libsystem_pthread.dylib       	0x3be86ccc 0x3be86000 + 3276

Thread 4 name:  DnsConfigService
Thread 4:
0   libsystem_kernel.dylib        	0x3be0fa84 0x3be0f000 + 2692
1   libsystem_kernel.dylib        	0x3be0f87c 0x3be0f000 + 2172
2   CoreFoundation                	0x314e0554 0x31441000 + 652628
3   CoreFoundation                	0x314dec74 0x31441000 + 646260
4   CoreFoundation                	0x3144946c 0x31441000 + 33900
5   CoreFoundation                	0x3144924e 0x31441000 + 33358
6   Foundation                    	0x31e37692 0x31e2c000 + 46738
7   Chrome                        	0x0016b18c ChromeiOS::Symbol_9() + Chrome:1335692
8   Chrome                        	0x0016ab3e ChromeiOS::Symbol_10() + Chrome:1334078
9   Chrome                        	0x0018db1a ChromeiOS::Symbol_11() + Chrome:1477402
10  Chrome                        	0x00184a84 ChromeiOS::Symbol_12() + Chrome:1440388
11  Chrome                        	0x00197a36 ChromeiOS::Symbol_13() + Chrome:1518134
12  Chrome                        	0x001955ea ChromeiOS::Symbol_14() + Chrome:1508842
13  libsystem_pthread.dylib       	0x3be88c5a 0x3be86000 + 11354
14  libsystem_pthread.dylib       	0x3be88bca 0x3be86000 + 11210
15  libsystem_pthread.dylib       	0x3be86ccc 0x3be86000 + 3276

Thread 5 name:  WorkerPool/19459
Thread 5:
0   libsystem_kernel.dylib        	0x3be21f38 0x3be0f000 + 77624
1   libsystem_pthread.dylib       	0x3be8829e 0x3be86000 + 8862
2   libsystem_pthread.dylib       	0x3be88040 0x3be86000 + 8256
3   Chrome                        	0x0019426a ChromeiOS::Symbol_15() + Chrome:1503850
4   Chrome                        	0x00198a6c ChromeiOS::Symbol_16() + Chrome:1522284
5   Chrome                        	0x00198d22 ChromeiOS::Symbol_17() + Chrome:1522978
6   Chrome                        	0x001955ea ChromeiOS::Symbol_18() + Chrome:1508842
7   libsystem_pthread.dylib       	0x3be88c5a 0x3be86000 + 11354
8   libsystem_pthread.dylib       	0x3be88bca 0x3be86000 + 11210
9   libsystem_pthread.dylib       	0x3be86ccc 0x3be86000 + 3276

Thread 6 name:  Chrome_DBThread
Thread 6:
0   libsystem_kernel.dylib        	0x3be21f38 0x3be0f000 + 77624
1   libsystem_pthread.dylib       	0x3be88262 0x3be86000 + 8802
2   libsystem_pthread.dylib       	0x3be8903c 0x3be86000 + 12348
3   Chrome                        	0x00194538 ChromeiOS::Symbol_19() + Chrome:1504568
4   Chrome                        	0x00194428 ChromeiOS::Symbol_20() + Chrome:1504296
5   Chrome                        	0x00186b2e ChromeiOS::Symbol_21() + Chrome:1448750
6   Chrome                        	0x0018db1a ChromeiOS::Symbol_22() + Chrome:1477402
7   Chrome                        	0x00184a84 ChromeiOS::Symbol_23() + Chrome:1440388
8   Chrome                        	0x007499f2 ChromeiOS::Symbol_24() + Chrome:7490034
9   Chrome                        	0x00749ac4 ChromeiOS::Symbol_25() + Chrome:7490244
10  Chrome                        	0x00197a36 ChromeiOS::Symbol_26() + Chrome:1518134
11  Chrome                        	0x001955ea ChromeiOS::Symbol_27() + Chrome:1508842
12  libsystem_pthread.dylib       	0x3be88c5a 0x3be86000 + 11354
13  libsystem_pthread.dylib       	0x3be88bca 0x3be86000 + 11210
14  libsystem_pthread.dylib       	0x3be86ccc 0x3be86000 + 3276

Thread 7 name:  Chrome_FileThread
Thread 7:
0   libsystem_kernel.dylib        	0x3be0fa84 0x3be0f000 + 2692
1   libsystem_kernel.dylib        	0x3be0f87c 0x3be0f000 + 2172
2   CoreFoundation                	0x314e0554 0x31441000 + 652628
3   CoreFoundation                	0x314dec74 0x31441000 + 646260
4   CoreFoundation                	0x3144946c 0x31441000 + 33900
5   CoreFoundation                	0x3144924e 0x31441000 + 33358
6   Foundation                    	0x31e37692 0x31e2c000 + 46738
7   Chrome                        	0x0016b18c ChromeiOS::Symbol_28() + Chrome:1335692
8   Chrome                        	0x0016ab3e ChromeiOS::Symbol_29() + Chrome:1334078
9   Chrome                        	0x0018db1a ChromeiOS::Symbol_30() + Chrome:1477402
10  Chrome                        	0x00184a84 ChromeiOS::Symbol_31() + Chrome:1440388
11  Chrome                        	0x00749a0e ChromeiOS::Symbol_32() + Chrome:7490062
12  Chrome                        	0x00749ace ChromeiOS::Symbol_33() + Chrome:7490254
13  Chrome                        	0x00197a36 ChromeiOS::Symbol_34() + Chrome:1518134
14  Chrome                        	0x001955ea ChromeiOS::Symbol_35() + Chrome:1508842
15  libsystem_pthread.dylib       	0x3be88c5a 0x3be86000 + 11354
16  libsystem_pthread.dylib       	0x3be88bca 0x3be86000 + 11210
17  libsystem_pthread.dylib       	0x3be86ccc 0x3be86000 + 3276

Thread 8 name:  Chrome_FileUserBlockingThread
Thread 8:
0   libsystem_kernel.dylib        	0x3be21f38 0x3be0f000 + 77624
1   libsystem_pthread.dylib       	0x3be88262 0x3be86000 + 8802
2   libsystem_pthread.dylib       	0x3be8903c 0x3be86000 + 12348
3   Chrome                        	0x00194538 ChromeiOS::Symbol_36() + Chrome:1504568
4   Chrome                        	0x00194428 ChromeiOS::Symbol_37() + Chrome:1504296
5   Chrome                        	0x00186b2e ChromeiOS::Symbol_38() + Chrome:1448750
6   Chrome                        	0x0018db1a ChromeiOS::Symbol_39() + Chrome:1477402
7   Chrome                        	0x00184a84 ChromeiOS::Symbol_40() + Chrome:1440388
8   Chrome                        	0x00749a2a ChromeiOS::Symbol_41() + Chrome:7490090
9   Chrome                        	0x00749ad8 ChromeiOS::Symbol_42() + Chrome:7490264
10  Chrome                        	0x00197a36 ChromeiOS::Symbol_43() + Chrome:1518134
11  Chrome                        	0x001955ea ChromeiOS::Symbol_44() + Chrome:1508842
12  libsystem_pthread.dylib       	0x3be88c5a 0x3be86000 + 11354
13  libsystem_pthread.dylib       	0x3be88bca 0x3be86000 + 11210
14  libsystem_pthread.dylib       	0x3be86ccc 0x3be86000 + 3276

Thread 9 name:  Chrome_ProcessLauncherThread
Thread 9:
0   libsystem_kernel.dylib        	0x3be21f38 0x3be0f000 + 77624
1   libsystem_pthread.dylib       	0x3be88262 0x3be86000 + 8802
2   libsystem_pthread.dylib       	0x3be8903c 0x3be86000 + 12348
3   Chrome                        	0x00194538 ChromeiOS::Symbol_45() + Chrome:1504568
4   Chrome                        	0x00194428 ChromeiOS::Symbol_46() + Chrome:1504296
5   Chrome                        	0x00186b2e ChromeiOS::Symbol_47() + Chrome:1448750
6   Chrome                        	0x0018db1a ChromeiOS::Symbol_48() + Chrome:1477402
7   Chrome                        	0x00184a84 ChromeiOS::Symbol_49() + Chrome:1440388
8   Chrome                        	0x00749a46 ChromeiOS::Symbol_50() + Chrome:7490118
9   Chrome                        	0x00749ae2 ChromeiOS::Symbol_51() + Chrome:7490274
10  Chrome                        	0x00197a36 ChromeiOS::Symbol_52() + Chrome:1518134
11  Chrome                        	0x001955ea ChromeiOS::Symbol_53() + Chrome:1508842
12  libsystem_pthread.dylib       	0x3be88c5a 0x3be86000 + 11354
13  libsystem_pthread.dylib       	0x3be88bca 0x3be86000 + 11210
14  libsystem_pthread.dylib       	0x3be86ccc 0x3be86000 + 3276

Thread 10 name:  Chrome_CacheThread
Thread 10:
0   libsystem_kernel.dylib        	0x3be0fa84 0x3be0f000 + 2692
1   libsystem_kernel.dylib        	0x3be0f87c 0x3be0f000 + 2172
2   CoreFoundation                	0x314e0554 0x31441000 + 652628
3   CoreFoundation                	0x314dec74 0x31441000 + 646260
4   CoreFoundation                	0x3144946c 0x31441000 + 33900
5   CoreFoundation                	0x3144924e 0x31441000 + 33358
6   Foundation                    	0x31e37692 0x31e2c000 + 46738
7   Chrome                        	0x0016b18c ChromeiOS::Symbol_54() + Chrome:1335692
8   Chrome                        	0x0016ab3e ChromeiOS::Symbol_55() + Chrome:1334078
9   Chrome                        	0x0018db1a ChromeiOS::Symbol_56() + Chrome:1477402
10  Chrome                        	0x00184a84 ChromeiOS::Symbol_57() + Chrome:1440388
11  Chrome                        	0x00749a62 ChromeiOS::Symbol_58() + Chrome:7490146
12  Chrome                        	0x00749aec ChromeiOS::Symbol_59() + Chrome:7490284
13  Chrome                        	0x00197a36 ChromeiOS::Symbol_60() + Chrome:1518134
14  Chrome                        	0x001955ea ChromeiOS::Symbol_61() + Chrome:1508842
15  libsystem_pthread.dylib       	0x3be88c5a 0x3be86000 + 11354
16  libsystem_pthread.dylib       	0x3be88bca 0x3be86000 + 11210
17  libsystem_pthread.dylib       	0x3be86ccc 0x3be86000 + 3276

Thread 11 name:  Chrome_IOThread
Thread 11:
0   libsystem_kernel.dylib        	0x3be0fa84 0x3be0f000 + 2692
1   libsystem_kernel.dylib        	0x3be0f87c 0x3be0f000 + 2172
2   CoreFoundation                	0x314e0554 0x31441000 + 652628
3   CoreFoundation                	0x314dec74 0x31441000 + 646260
4   CoreFoundation                	0x3144946c 0x31441000 + 33900
5   CoreFoundation                	0x3144924e 0x31441000 + 33358
6   Foundation                    	0x31e37692 0x31e2c000 + 46738
7   Chrome                        	0x0016b18c ChromeiOS::Symbol_62() + Chrome:1335692
8   Chrome                        	0x0016ab3e ChromeiOS::Symbol_63() + Chrome:1334078
9   Chrome                        	0x0018db1a ChromeiOS::Symbol_64() + Chrome:1477402
10  Chrome                        	0x00184a84 ChromeiOS::Symbol_65() + Chrome:1440388
11  Chrome                        	0x00749a7e ChromeiOS::Symbol_66() + Chrome:7490174
12  Chrome                        	0x00749af6 ChromeiOS::Symbol_67() + Chrome:7490294
13  Chrome                        	0x00197a36 ChromeiOS::Symbol_68() + Chrome:1518134
14  Chrome                        	0x001955ea ChromeiOS::Symbol_69() + Chrome:1508842
15  libsystem_pthread.dylib       	0x3be88c5a 0x3be86000 + 11354
16  libsystem_pthread.dylib       	0x3be88bca 0x3be86000 + 11210
17  libsystem_pthread.dylib       	0x3be86ccc 0x3be86000 + 3276

Thread 12 name:  BrowserBlockingWorker1/24839
Thread 12:
0   libsystem_kernel.dylib        	0x3be21f38 0x3be0f000 + 77624
1   libsystem_pthread.dylib       	0x3be88262 0x3be86000 + 8802
2   libsystem_pthread.dylib       	0x3be8903c 0x3be86000 + 12348
3   Chrome                        	0x0019600e ChromeiOS::Symbol_70() + Chrome:1511438
4   Chrome                        	0x0019597c ChromeiOS::Symbol_71() + Chrome:1509756
5   Chrome                        	0x0019778a ChromeiOS::Symbol_72() + Chrome:1517450
6   Chrome                        	0x001955ea ChromeiOS::Symbol_73() + Chrome:1508842
7   libsystem_pthread.dylib       	0x3be88c5a 0x3be86000 + 11354
8   libsystem_pthread.dylib       	0x3be88bca 0x3be86000 + 11210
9   libsystem_pthread.dylib       	0x3be86ccc 0x3be86000 + 3276

Thread 13 name:  com.apple.NSURLConnectionLoader
Thread 13:
0   libsystem_kernel.dylib        	0x3be0fa84 0x3be0f000 + 2692
1   libsystem_kernel.dylib        	0x3be0f87c 0x3be0f000 + 2172
2   CoreFoundation                	0x314e0554 0x31441000 + 652628
3   CoreFoundation                	0x314dec74 0x31441000 + 646260
4   CoreFoundation                	0x3144946c 0x31441000 + 33900
5   CoreFoundation                	0x3144924e 0x31441000 + 33358
6   Foundation                    	0x31e844bc 0x31e2c000 + 361660
7   Foundation                    	0x31ef9c32 0x31e2c000 + 842802
8   libsystem_pthread.dylib       	0x3be88c5a 0x3be86000 + 11354
9   libsystem_pthread.dylib       	0x3be88bca 0x3be86000 + 11210
10  libsystem_pthread.dylib       	0x3be86ccc 0x3be86000 + 3276

Thread 14 name:  Chrome_ChromeToDeviceThread
Thread 14:
0   libsystem_kernel.dylib        	0x3be21f38 0x3be0f000 + 77624
1   libsystem_pthread.dylib       	0x3be88262 0x3be86000 + 8802
2   libsystem_pthread.dylib       	0x3be8903c 0x3be86000 + 12348
3   Chrome                        	0x00194538 ChromeiOS::Symbol_74() + Chrome:1504568
4   Chrome                        	0x00194428 ChromeiOS::Symbol_75() + Chrome:1504296
5   Chrome                        	0x00186b2e ChromeiOS::Symbol_76() + Chrome:1448750
6   Chrome                        	0x0018db1a ChromeiOS::Symbol_77() + Chrome:1477402
7   Chrome                        	0x00184a84 ChromeiOS::Symbol_78() + Chrome:1440388
8   Chrome                        	0x00197a36 ChromeiOS::Symbol_79() + Chrome:1518134
9   Chrome                        	0x001955ea ChromeiOS::Symbol_80() + Chrome:1508842
10  libsystem_pthread.dylib       	0x3be88c5a 0x3be86000 + 11354
11  libsystem_pthread.dylib       	0x3be88bca 0x3be86000 + 11210
12  libsystem_pthread.dylib       	0x3be86ccc 0x3be86000 + 3276

Thread 15 name:  BrowserBlockingWorker2/33803
Thread 15:
0   libsystem_kernel.dylib        	0x3be21f38 0x3be0f000 + 77624
1   libsystem_pthread.dylib       	0x3be88262 0x3be86000 + 8802
2   libsystem_pthread.dylib       	0x3be8903c 0x3be86000 + 12348
3   Chrome                        	0x0019600e ChromeiOS::Symbol_81() + Chrome:1511438
4   Chrome                        	0x0019597c ChromeiOS::Symbol_82() + Chrome:1509756
5   Chrome                        	0x0019778a ChromeiOS::Symbol_83() + Chrome:1517450
6   Chrome                        	0x001955ea ChromeiOS::Symbol_84() + Chrome:1508842
7   libsystem_pthread.dylib       	0x3be88c5a 0x3be86000 + 11354
8   libsystem_pthread.dylib       	0x3be88bca 0x3be86000 + 11210
9   libsystem_pthread.dylib       	0x3be86ccc 0x3be86000 + 3276

Thread 16 name:  WebThread
Thread 16:
0   libsystem_kernel.dylib        	0x3be0fa84 0x3be0f000 + 2692
1   libsystem_kernel.dylib        	0x3be0f87c 0x3be0f000 + 2172
2   CoreFoundation                	0x314e0554 0x31441000 + 652628
3   CoreFoundation                	0x314dec74 0x31441000 + 646260
4   CoreFoundation                	0x3144946c 0x31441000 + 33900
5   CoreFoundation                	0x3144924e 0x31441000 + 33358
6   WebCore                       	0x394160c0 0x39356000 + 786624
7   libsystem_pthread.dylib       	0x3be88c5a 0x3be86000 + 11354
8   libsystem_pthread.dylib       	0x3be88bca 0x3be86000 + 11210
9   libsystem_pthread.dylib       	0x3be86ccc 0x3be86000 + 3276

Thread 17 name:  Chrome_HistoryThread
Thread 17:
0   libsystem_kernel.dylib        	0x3be21f38 0x3be0f000 + 77624
1   libsystem_pthread.dylib       	0x3be8829e 0x3be86000 + 8862
2   libsystem_pthread.dylib       	0x3be88040 0x3be86000 + 8256
3   Chrome                        	0x0019426a ChromeiOS::Symbol_85() + Chrome:1503850
4   Chrome                        	0x00194530 ChromeiOS::Symbol_86() + Chrome:1504560
5   Chrome                        	0x00186b68 ChromeiOS::Symbol_87() + Chrome:1448808
6   Chrome                        	0x0018db1a ChromeiOS::Symbol_88() + Chrome:1477402
7   Chrome                        	0x00184a84 ChromeiOS::Symbol_89() + Chrome:1440388
8   Chrome                        	0x00197a36 ChromeiOS::Symbol_90() + Chrome:1518134
9   Chrome                        	0x001955ea ChromeiOS::Symbol_91() + Chrome:1508842
10  libsystem_pthread.dylib       	0x3be88c5a 0x3be86000 + 11354
11  libsystem_pthread.dylib       	0x3be88bca 0x3be86000 + 11210
12  libsystem_pthread.dylib       	0x3be86ccc 0x3be86000 + 3276

Thread 18 name:  Chrome_SyncThread
Thread 18:
0   libsystem_kernel.dylib        	0x3be21f38 0x3be0f000 + 77624
1   libsystem_pthread.dylib       	0x3be8829e 0x3be86000 + 8862
2   libsystem_pthread.dylib       	0x3be88040 0x3be86000 + 8256
3   Chrome                        	0x0019426a ChromeiOS::Symbol_92() + Chrome:1503850
4   Chrome                        	0x00194530 ChromeiOS::Symbol_93() + Chrome:1504560
5   Chrome                        	0x00186b68 ChromeiOS::Symbol_94() + Chrome:1448808
6   Chrome                        	0x0018db1a ChromeiOS::Symbol_95() + Chrome:1477402
7   Chrome                        	0x00184a84 ChromeiOS::Symbol_96() + Chrome:1440388
8   Chrome                        	0x00197a36 ChromeiOS::Symbol_97() + Chrome:1518134
9   Chrome                        	0x001955ea ChromeiOS::Symbol_98() + Chrome:1508842
10  libsystem_pthread.dylib       	0x3be88c5a 0x3be86000 + 11354
11  libsystem_pthread.dylib       	0x3be88bca 0x3be86000 + 11210
12  libsystem_pthread.dylib       	0x3be86ccc 0x3be86000 + 3276

Thread 19:
0   libsystem_kernel.dylib        	0x3be0fa84 0x3be0f000 + 2692
1   libsystem_kernel.dylib        	0x3be0f87c 0x3be0f000 + 2172
2   CoreFoundation                	0x314e0554 0x31441000 + 652628
3   CoreFoundation                	0x314dec74 0x31441000 + 646260
4   CoreFoundation                	0x3144946c 0x31441000 + 33900
5   CoreFoundation                	0x3144924e 0x31441000 + 33358
6   libAVFAudio.dylib             	0x304b85ae 0x304a7000 + 71086
7   libAVFAudio.dylib             	0x304acafc 0x304a7000 + 23292
8   libsystem_pthread.dylib       	0x3be88c5a 0x3be86000 + 11354
9   libsystem_pthread.dylib       	0x3be88bca 0x3be86000 + 11210
10  libsystem_pthread.dylib       	0x3be86ccc 0x3be86000 + 3276

Thread 20 name:  com.apple.coremedia.player.async
Thread 20:
0   libsystem_kernel.dylib        	0x3be0fad4 0x3be0f000 + 2772
1   libdispatch.dylib             	0x3bd5cde0 0x3bd56000 + 28128
2   MediaToolbox                  	0x32938a0a 0x32934000 + 18954
3   CoreMedia                     	0x31a75214 0x31a50000 + 152084
4   libsystem_pthread.dylib       	0x3be88c5a 0x3be86000 + 11354
5   libsystem_pthread.dylib       	0x3be88bca 0x3be86000 + 11210
6   libsystem_pthread.dylib       	0x3be86ccc 0x3be86000 + 3276

Thread 21 name:  JavaScriptCore::BlockFree
Thread 21:
0   libsystem_kernel.dylib        	0x3be21f38 0x3be0f000 + 77624
1   libsystem_pthread.dylib       	0x3be88262 0x3be86000 + 8802
2   libsystem_pthread.dylib       	0x3be8903c 0x3be86000 + 12348
3   JavaScriptCore                	0x3246d400 0x3245c000 + 70656
4   JavaScriptCore                	0x3246aa68 0x3245c000 + 60008
5   libsystem_pthread.dylib       	0x3be88c5a 0x3be86000 + 11354
6   libsystem_pthread.dylib       	0x3be88bca 0x3be86000 + 11210
7   libsystem_pthread.dylib       	0x3be86ccc 0x3be86000 + 3276

Thread 22 name:  JavaScriptCore::Marking
Thread 22:
0   libsystem_kernel.dylib        	0x3be21f38 0x3be0f000 + 77624
1   libsystem_pthread.dylib       	0x3be88262 0x3be86000 + 8802
2   libsystem_pthread.dylib       	0x3be8903c 0x3be86000 + 12348
3   JavaScriptCore                	0x3260baea 0x3245c000 + 1768170
4   JavaScriptCore                	0x3260bb44 0x3245c000 + 1768260
5   JavaScriptCore                	0x3246aa68 0x3245c000 + 60008
6   libsystem_pthread.dylib       	0x3be88c5a 0x3be86000 + 11354
7   libsystem_pthread.dylib       	0x3be88bca 0x3be86000 + 11210
8   libsystem_pthread.dylib       	0x3be86ccc 0x3be86000 + 3276

Thread 23 name:  BrowserBlockingWorker3/47119
Thread 23:
0   libsystem_kernel.dylib        	0x3be21f38 0x3be0f000 + 77624
1   libsystem_pthread.dylib       	0x3be88262 0x3be86000 + 8802
2   libsystem_pthread.dylib       	0x3be8903c 0x3be86000 + 12348
3   Chrome                        	0x0019600e ChromeiOS::Symbol_99() + Chrome:1511438
4   Chrome                        	0x0019597c ChromeiOS::Symbol_100() + Chrome:1509756
5   Chrome                        	0x0019778a ChromeiOS::Symbol_101() + Chrome:1517450
6   Chrome                        	0x001955ea ChromeiOS::Symbol_102() + Chrome:1508842
7   libsystem_pthread.dylib       	0x3be88c5a 0x3be86000 + 11354
8   libsystem_pthread.dylib       	0x3be88bca 0x3be86000 + 11210
9   libsystem_pthread.dylib       	0x3be86ccc 0x3be86000 + 3276

Thread 24:
0   libsystem_kernel.dylib        	0x3be22c7c 0x3be0f000 + 81020
1   libsystem_pthread.dylib       	0x3be86e06 0x3be86000 + 3590
2   libsystem_pthread.dylib       	0x3be86cc0 0x3be86000 + 3264

Thread 25:
0   libsystem_kernel.dylib        	0x3be22c7c 0x3be0f000 + 81020
1   libsystem_pthread.dylib       	0x3be86e06 0x3be86000 + 3590
2   libsystem_pthread.dylib       	0x3be86cc0 0x3be86000 + 3264

Thread 26 name:  WorkerPool/29199
Thread 26:
0   libsystem_kernel.dylib        	0x3be21f38 0x3be0f000 + 77624
1   libsystem_pthread.dylib       	0x3be8829e 0x3be86000 + 8862
2   libsystem_pthread.dylib       	0x3be88040 0x3be86000 + 8256
3   Chrome                        	0x0019426a ChromeiOS::Symbol_103() + Chrome:1503850
4   Chrome                        	0x00198a6c ChromeiOS::Symbol_104() + Chrome:1522284
5   Chrome                        	0x00198d22 ChromeiOS::Symbol_105() + Chrome:1522978
6   Chrome                        	0x001955ea ChromeiOS::Symbol_106() + Chrome:1508842
7   libsystem_pthread.dylib       	0x3be88c5a 0x3be86000 + 11354
8   libsystem_pthread.dylib       	0x3be88bca 0x3be86000 + 11210
9   libsystem_pthread.dylib       	0x3be86ccc 0x3be86000 + 3276

No thread state (register information) available
Binary Images:
0x25000 - 0xcf0fff Chrome armv7  <25dc0101590430fb8034dbc749d6ab6b> /var/mobile/Applications/CB2DEE83-099C-4275-BCA3-3FDE7F89446D/stable.app/Chrome
0x2be8a000 - 0x2beadfff dyld armv7s  <fd7cb81f388f39cbac4f71338b669c24> /usr/lib/dyld
0x30190000 - 0x30279fff RawCamera armv7s  <bf399f99756e3fa992c2c0d7f2eb0049> /System/Library/CoreServices/RawCamera.bundle/RawCamera
0x303a5000 - 0x304a6fff AVFoundation armv7s  <759b362f09e53f37a2ec82372a95d1de> /System/Library/Frameworks/AVFoundation.framework/AVFoundation
0x304a7000 - 0x304cffff libAVFAudio.dylib armv7s  <0925efab4dd338e382aa5b10cdbed33f> /System/Library/Frameworks/AVFoundation.framework/libAVFAudio.dylib
0x304d0000 - 0x304d0fff Accelerate armv7s  <9340338f3cdf347abe4a88c2f59b5b12> /System/Library/Frameworks/Accelerate.framework/Accelerate
0x304d1000 - 0x304d9fff libCGInterfaces.dylib armv7s  <9b03896ead3c32c2bcea906d58ecc9ec> /System/Library/Frameworks/Accelerate.framework/Frameworks/vImage.framework/Resources/libCGInterfaces.dylib
0x304da000 - 0x306a7fff vImage armv7s  <479b5c4701833284ab587a1d2fdb5627> /System/Library/Frameworks/Accelerate.framework/Frameworks/vImage.framework/vImage
0x306a8000 - 0x3078afff libBLAS.dylib armv7s  <da4fa367557d3028b02458e2cdf6d84d> /System/Library/Frameworks/Accelerate.framework/Frameworks/vecLib.framework/libBLAS.dylib
0x3078b000 - 0x30a46fff libLAPACK.dylib armv7s  <066ea8372dd23f6d89011f9a4a872d6f> /System/Library/Frameworks/Accelerate.framework/Frameworks/vecLib.framework/libLAPACK.dylib
0x30a47000 - 0x30ab5fff libvDSP.dylib armv7s  <a5dcfe68199839b989c7be120c14ccb4> /System/Library/Frameworks/Accelerate.framework/Frameworks/vecLib.framework/libvDSP.dylib
0x30ab6000 - 0x30ac8fff libvMisc.dylib armv7s  <ea636bbda5ee33119a4e731aed02fa31> /System/Library/Frameworks/Accelerate.framework/Frameworks/vecLib.framework/libvMisc.dylib
0x30ac9000 - 0x30ac9fff vecLib armv7s  <663aefa25bc5367baa72ca144ac26d18> /System/Library/Frameworks/Accelerate.framework/Frameworks/vecLib.framework/vecLib
0x30aca000 - 0x30ae9fff Accounts armv7s  <811f7e5dcd353c57af6d6de859848774> /System/Library/Frameworks/Accounts.framework/Accounts
0x30aea000 - 0x30aeafff AdSupport armv7s  <fa30d96d0a333568826efd5aad83097a> /System/Library/Frameworks/AdSupport.framework/AdSupport
0x30aeb000 - 0x30b50fff AddressBook armv7s  <cc733c2c249e3161a9af19a44aeb1577> /System/Library/Frameworks/AddressBook.framework/AddressBook
0x30b51000 - 0x30c62fff AddressBookUI armv7s  <8f681556d73d3ee5b9bfead2a124927c> /System/Library/Frameworks/AddressBookUI.framework/AddressBookUI
0x30c63000 - 0x30c74fff AssetsLibrary armv7s  <4c426c7f5e3930f0bd01d3e1f17f0392> /System/Library/Frameworks/AssetsLibrary.framework/AssetsLibrary
0x30db9000 - 0x310d5fff AudioToolbox armv7s  <f49f28790aa036c08e5573071a7e2870> /System/Library/Frameworks/AudioToolbox.framework/AudioToolbox
0x310d6000 - 0x311dbfff CFNetwork armv7s  <36562cff956f38a09956da9218198ccf> /System/Library/Frameworks/CFNetwork.framework/CFNetwork
0x311dc000 - 0x31237fff CoreAudio armv7s  <34f47ad0c4d530249298888a1217316f> /System/Library/Frameworks/CoreAudio.framework/CoreAudio
0x31238000 - 0x3124efff CoreBluetooth armv7s  <0211d5169d0d3838a9cbb9dd5086a312> /System/Library/Frameworks/CoreBluetooth.framework/CoreBluetooth
0x3124f000 - 0x31440fff CoreData armv7s  <4ed490c5fd693fefac89d75a47eab553> /System/Library/Frameworks/CoreData.framework/CoreData
0x31441000 - 0x31584ff0 CoreFoundation armv7s  <37c6b3b7abca3774bec8fecf79f07013> /System/Library/Frameworks/CoreFoundation.framework/CoreFoundation
0x31585000 - 0x316a9fff CoreGraphics armv7s  <e13cbd4115dc3113b875de88b92744f8> /System/Library/Frameworks/CoreGraphics.framework/CoreGraphics
0x316ab000 - 0x316e6fff libCGFreetype.A.dylib armv7s  <4be02e4373903a7d8295e4e0859326ab> /System/Library/Frameworks/CoreGraphics.framework/Resources/libCGFreetype.A.dylib
0x316e8000 - 0x316f2fff libCMSBuiltin.A.dylib armv7s  <23411d17163a35269e923c9d1a21f1b6> /System/Library/Frameworks/CoreGraphics.framework/Resources/libCMSBuiltin.A.dylib
0x318d7000 - 0x318f1fff libRIP.A.dylib armv7s  <40d9d1ad277338ac900b7d97b26c6575> /System/Library/Frameworks/CoreGraphics.framework/Resources/libRIP.A.dylib
0x318f2000 - 0x319cafff CoreImage armv7s  <5cb9106c864730e8b36ba1f7f14d9c7f> /System/Library/Frameworks/CoreImage.framework/CoreImage
0x319cb000 - 0x31a18fff CoreLocation armv7s  <bc1a8b9c9f5d3b9db79e345d4c3a361a> /System/Library/Frameworks/CoreLocation.framework/CoreLocation
0x31a19000 - 0x31a4ffff CoreMIDI armv7s  <52a1eceb591c302bb7a55a87c41f56cc> /System/Library/Frameworks/CoreMIDI.framework/CoreMIDI
0x31a50000 - 0x31ac7fff CoreMedia armv7s  <7a5f55d144f73dc594127c6469e49587> /System/Library/Frameworks/CoreMedia.framework/CoreMedia
0x31ac8000 - 0x31b70fff CoreMotion armv7s  <ee2294341f253fefba6317b85a34eef6> /System/Library/Frameworks/CoreMotion.framework/CoreMotion
0x31b71000 - 0x31bc9fff CoreTelephony armv7s  <53697e7196f637cba3234d37798635b2> /System/Library/Frameworks/CoreTelephony.framework/CoreTelephony
0x31bca000 - 0x31c59fff CoreText armv7s  <7eaf2f4eaadf382daff13c72e6f1f3b6> /System/Library/Frameworks/CoreText.framework/CoreText
0x31c5a000 - 0x31c69fff CoreVideo armv7s  <cff4151001e439739cf0cc00e83bc254> /System/Library/Frameworks/CoreVideo.framework/CoreVideo
0x31c6a000 - 0x31d28fff EventKit armv7s  <7bd8adb87a313533958c9c56ff251fe8> /System/Library/Frameworks/EventKit.framework/EventKit
0x31e2c000 - 0x32016fff Foundation armv7s  <19e2d0f6233d3765adecfb5ba59d9b7e> /System/Library/Frameworks/Foundation.framework/Foundation
0x32017000 - 0x32041fff GLKit armv7s  <7b7dcca6ac763977a541c749928b6612> /System/Library/Frameworks/GLKit.framework/GLKit
0x321f4000 - 0x3224afff IOKit armv7s  <2c6e904057f13394b4008615454063b7> /System/Library/Frameworks/IOKit.framework/Versions/A/IOKit
0x3224b000 - 0x3245bfff ImageIO armv7s  <a913973d7cc33c0fb4cfdb479caccb66> /System/Library/Frameworks/ImageIO.framework/ImageIO
0x3245c000 - 0x326a4fff JavaScriptCore armv7s  <54f2231ea9e43666befddcdc18a910eb> /System/Library/Frameworks/JavaScriptCore.framework/JavaScriptCore
0x32749000 - 0x3274dfff MediaAccessibility armv7s  <6b18e226cdae3e4dbfb3b6b826e26f8f> /System/Library/Frameworks/MediaAccessibility.framework/MediaAccessibility
0x3274e000 - 0x32933fff MediaPlayer armv7s  <00c5c4487727301f93968f4861ed71f7> /System/Library/Frameworks/MediaPlayer.framework/MediaPlayer
0x32934000 - 0x32bedfff MediaToolbox armv7s  <80730d8eae0338d0a992404f584240bf> /System/Library/Frameworks/MediaToolbox.framework/MediaToolbox
0x32bee000 - 0x32c89fff MessageUI armv7s  <59211a0f56ac39a79543d01429ea88e2> /System/Library/Frameworks/MessageUI.framework/MessageUI
0x32c8a000 - 0x32cedfff MobileCoreServices armv7s  <4e4cc0e2dc763d5f8f9c5ed5cbc704fb> /System/Library/Frameworks/MobileCoreServices.framework/MobileCoreServices
0x33721000 - 0x33729fff OpenGLES armv7s  <cba26f9f5c9134c98bfc1b2953bf8b66> /System/Library/Frameworks/OpenGLES.framework/OpenGLES
0x3372b000 - 0x3372bfff libCVMSPluginSupport.dylib armv7s  <5c255052c907399eb0201ea98dd2855a> /System/Library/Frameworks/OpenGLES.framework/libCVMSPluginSupport.dylib
0x3372f000 - 0x33732fff libCoreVMClient.dylib armv7s  <0a471be053a43e1ca78e79defaa47ad1> /System/Library/Frameworks/OpenGLES.framework/libCoreVMClient.dylib
0x33733000 - 0x3373afff libGFXShared.dylib armv7s  <61521d6895eb360b9587478aa39a149d> /System/Library/Frameworks/OpenGLES.framework/libGFXShared.dylib
0x3373b000 - 0x3377bfff libGLImage.dylib armv7s  <cd3aca6ff56c330ab7032d420e0017ca> /System/Library/Frameworks/OpenGLES.framework/libGLImage.dylib
0x338cc000 - 0x33913fff PassKit armv7s  <3fa62a4bda013f7dafb4a7542b6496b6> /System/Library/Frameworks/PassKit.framework/PassKit
0x33914000 - 0x33a59fff QuartzCore armv7s  <723bf8706f6f3fe28a714ed9466c54aa> /System/Library/Frameworks/QuartzCore.framework/QuartzCore
0x33a5a000 - 0x33ab0fff QuickLook armv7s  <68ed4805c8b536109fcc1683e01bb5a6> /System/Library/Frameworks/QuickLook.framework/QuickLook
0x33ab3000 - 0x33af4fff Security armv7s  <8d356745d35b357e9c08dc578f8b2044> /System/Library/Frameworks/Security.framework/Security
0x33af5000 - 0x33b69fff Social armv7s  <0c4738b6b6d93cdea2f13b3954a5c97b> /System/Library/Frameworks/Social.framework/Social
0x33c29000 - 0x33c3cfff StoreKit armv7s  <8ea275c5fb683ff39aecb0bbf2e3ca77> /System/Library/Frameworks/StoreKit.framework/StoreKit
0x33c3d000 - 0x33c8cfff SystemConfiguration armv7s  <ee18863e6fb3310b8f9dbca4f6ba6483> /System/Library/Frameworks/SystemConfiguration.framework/SystemConfiguration
0x33c8d000 - 0x33c8efff Twitter armv7s  <ba1eb3eb55b03e6999c273f46f117759> /System/Library/Frameworks/Twitter.framework/Twitter
0x33c8f000 - 0x343b0fff UIKit armv7s  <baf6a06bf43d38b6a5cd265571b38343> /System/Library/Frameworks/UIKit.framework/UIKit
0x343b1000 - 0x343fffff VideoToolbox armv7s  <d492aa96c2943eac8778e41f740527aa> /System/Library/Frameworks/VideoToolbox.framework/VideoToolbox
0x34673000 - 0x3467cfff AOSNotification armv7s  <e046709c9dcf397baf74853c24016e3d> /System/Library/PrivateFrameworks/AOSNotification.framework/AOSNotification
0x3479e000 - 0x347a2fff AggregateDictionary armv7s  <d271b13eb5c03c8dacb154bb867e39f7> /System/Library/PrivateFrameworks/AggregateDictionary.framework/AggregateDictionary
0x349a0000 - 0x349b4fff AirTraffic armv7s  <802751bb2f21301aaa846b7af966a257> /System/Library/PrivateFrameworks/AirTraffic.framework/AirTraffic
0x34d25000 - 0x34d62fff AppSupport armv7s  <f085b254be9c37d8ac8529e677ec6f73> /System/Library/PrivateFrameworks/AppSupport.framework/AppSupport
0x34d63000 - 0x34d9afff AppleAccount armv7s  <2c7dff573d623d5fad64d1218a6d3d45> /System/Library/PrivateFrameworks/AppleAccount.framework/AppleAccount
0x34e3a000 - 0x34e4afff ApplePushService armv7s  <f773ba9a776e3551b2ff49f656afc9ec> /System/Library/PrivateFrameworks/ApplePushService.framework/ApplePushService
0x34e82000 - 0x34e8ffff AssetsLibraryServices armv7s  <b1da50d989d83bc58e0a932471d82c1d> /System/Library/PrivateFrameworks/AssetsLibraryServices.framework/AssetsLibraryServices
0x34e90000 - 0x34eabfff AssistantServices armv7s  <08e48b48a3f8360fa244cd195b246d97> /System/Library/PrivateFrameworks/AssistantServices.framework/AssistantServices
0x34ecc000 - 0x34ecffff BTLEAudioController armv7s  <616f9b31be713911a95796404a700035> /System/Library/PrivateFrameworks/BTLEAudioController.framework/BTLEAudioController
0x34ed0000 - 0x34ef3fff BackBoardServices armv7s  <851e6a2fca27396a901cadb1dd564305> /System/Library/PrivateFrameworks/BackBoardServices.framework/BackBoardServices
0x34ef6000 - 0x34efbfff BluetoothManager armv7s  <c3ed062e34c03ec299d5779a97d2df24> /System/Library/PrivateFrameworks/BluetoothManager.framework/BluetoothManager
0x34efc000 - 0x34f20fff Bom armv7s  <f94bbc499d1a3c13a96614a0dc2a8e62> /System/Library/PrivateFrameworks/Bom.framework/Bom
0x34f33000 - 0x34f7bfff BulletinBoard armv7s  <8f36dc0cc40a352e8734c81f6a4eccf2> /System/Library/PrivateFrameworks/BulletinBoard.framework/BulletinBoard
0x34fbf000 - 0x34fc7fff CaptiveNetwork armv7s  <d1b431c5e918342b95e6f89cae386684> /System/Library/PrivateFrameworks/CaptiveNetwork.framework/CaptiveNetwork
0x34fc8000 - 0x350a2fff Celestial armv7s  <e21cabfecf2d32c6a1bb6dc116b23481> /System/Library/PrivateFrameworks/Celestial.framework/Celestial
0x350af000 - 0x350b4fff CertUI armv7s  <da95bee5fff13f049a1d5ca4c137f6e6> /System/Library/PrivateFrameworks/CertUI.framework/CertUI
0x3517d000 - 0x3519dfff ChunkingLibrary armv7s  <9c0f1f682d4f38e5904eb1309f522e53> /System/Library/PrivateFrameworks/ChunkingLibrary.framework/ChunkingLibrary
0x351a6000 - 0x351eafff ColorSync armv7s  <5fe3dc1b7f12349bbef80970670cba28> /System/Library/PrivateFrameworks/ColorSync.framework/ColorSync
0x351ee000 - 0x351f9fff CommonUtilities armv7s  <38e170cdcb583bc7b0918a9fd2d56189> /System/Library/PrivateFrameworks/CommonUtilities.framework/CommonUtilities
0x351fa000 - 0x351fefff CommunicationsFilter armv7s  <aa60717294d63ce8b3d6ce3e62350308> /System/Library/PrivateFrameworks/CommunicationsFilter.framework/CommunicationsFilter
0x35295000 - 0x352c5fff ContentIndex armv7s  <5022d05f42f33597847379f7669774b4> /System/Library/PrivateFrameworks/ContentIndex.framework/ContentIndex
0x352c6000 - 0x352c8fff CoreAUC armv7s  <be171f81db453c5680ee38b862362f83> /System/Library/PrivateFrameworks/CoreAUC.framework/CoreAUC
0x352d5000 - 0x35329fff CoreDAV armv7s  <096f501a43b23126bccb0154954e66da> /System/Library/PrivateFrameworks/CoreDAV.framework/CoreDAV
0x3536a000 - 0x35468fff CoreMediaStream armv7s  <444e19f3c43d32aaaad0f4050a876844> /System/Library/PrivateFrameworks/CoreMediaStream.framework/CoreMediaStream
0x35502000 - 0x3550cfff CoreRecents armv7s  <42095bc33bc8335a9398ff3cef2d3340> /System/Library/PrivateFrameworks/CoreRecents.framework/CoreRecents
0x3550d000 - 0x35540fff CoreRecognition armv7s  <c97042e60aac32a5886ade4d65738217> /System/Library/PrivateFrameworks/CoreRecognition.framework/CoreRecognition
0x3555a000 - 0x35578fff CoreServicesInternal armv7s  <9c1c34613680340cb8b7ee3b8f12a08f> /System/Library/PrivateFrameworks/CoreServicesInternal.framework/CoreServicesInternal
0x35579000 - 0x3557afff CoreSurface armv7s  <c9312d9c3c473019835a71b356145c9a> /System/Library/PrivateFrameworks/CoreSurface.framework/CoreSurface
0x3561c000 - 0x35620fff CoreTime armv7s  <2571d3d4300733e8965903ad4b55aac0> /System/Library/PrivateFrameworks/CoreTime.framework/CoreTime
0x35621000 - 0x3567bfff CoreUI armv7s  <40d696324564353e981f4f8ba480586f> /System/Library/PrivateFrameworks/CoreUI.framework/CoreUI
0x3567c000 - 0x356c9fff CoreUtils armv7s  <d07e0341714e369fba980e2e16702831> /System/Library/PrivateFrameworks/CoreUtils.framework/CoreUtils
0x356ca000 - 0x356cffff CrashReporterSupport armv7s  <bc6c1698be993d0b9be9016cf2a89a8a> /System/Library/PrivateFrameworks/CrashReporterSupport.framework/CrashReporterSupport
0x356d0000 - 0x35706fff DataAccess armv7s  <c5260f7d4eac39f88bdcf08e06e8646c> /System/Library/PrivateFrameworks/DataAccess.framework/DataAccess
0x35898000 - 0x358adfff DataAccessExpress armv7s  <16e4c6b2b55e3644b4bcc9ef328153a8> /System/Library/PrivateFrameworks/DataAccessExpress.framework/DataAccessExpress
0x358b7000 - 0x358cdfff DataDetectorsCore armv7s  <fb76f79902b9331ca68166b93935564e> /System/Library/PrivateFrameworks/DataDetectorsCore.framework/DataDetectorsCore
0x358cf000 - 0x358e7fff DataDetectorsUI armv7s  <99d0ac88d77937248b0b339ebdc41dc9> /System/Library/PrivateFrameworks/DataDetectorsUI.framework/DataDetectorsUI
0x358e8000 - 0x358ebfff DataMigration armv7s  <167a3e3059a4355ab50f4b6f6cfa06a3> /System/Library/PrivateFrameworks/DataMigration.framework/DataMigration
0x358f0000 - 0x358f1fff DiagnosticLogCollection armv7s  <bd1b516e30aa337b92cb086936b93d6a> /System/Library/PrivateFrameworks/DiagnosticLogCollection.framework/DiagnosticLogCollection
0x358f2000 - 0x3590cfff DictionaryServices armv7s  <f74a317e4672339babc6103959df3472> /System/Library/PrivateFrameworks/DictionaryServices.framework/DictionaryServices
0x35928000 - 0x35945fff EAP8021X armv7s  <460bfb71241d33ea9d9e191ec0cb69c7> /System/Library/PrivateFrameworks/EAP8021X.framework/EAP8021X
0x3594e000 - 0x35959fff ExFAT armv7s  <0f2de9eb7f6139de8a51ba3eccbec8d2> /System/Library/PrivateFrameworks/ExFAT.framework/ExFAT
0x3595a000 - 0x3596afff FTAWD armv7s  <b296410b745f3bd1a66b3339bd067dbc> /System/Library/PrivateFrameworks/FTAWD.framework/FTAWD
0x3596b000 - 0x3596dfff FTClientServices armv7s  <dc622c6e65533d199f7b20494596c202> /System/Library/PrivateFrameworks/FTClientServices.framework/FTClientServices
0x3596e000 - 0x35997fff FTServices armv7s  <e1835ecd46eb3fc8945374ba7d5997aa> /System/Library/PrivateFrameworks/FTServices.framework/FTServices
0x35998000 - 0x35db3fff FaceCore armv7s  <e767863dac8a3d798877de0a07624ba9> /System/Library/PrivateFrameworks/FaceCore.framework/FaceCore
0x35fd6000 - 0x35fe2fff GenerationalStorage armv7s  <02b0c943f582373cbca3c0881d9b172c> /System/Library/PrivateFrameworks/GenerationalStorage.framework/GenerationalStorage
0x35fe3000 - 0x3617bfff GeoServices armv7s  <84b62d5c98ac3914bf90cb356d0fe875> /System/Library/PrivateFrameworks/GeoServices.framework/GeoServices
0x3617c000 - 0x3618afff GraphicsServices armv7s  <963e9b456da7301cb752303a69f27d10> /System/Library/PrivateFrameworks/GraphicsServices.framework/GraphicsServices
0x36219000 - 0x3629ffff HomeSharing armv7s  <deb893f5c4d93457aae2a2da054dbd35> /System/Library/PrivateFrameworks/HomeSharing.framework/HomeSharing
0x362a0000 - 0x362acfff IAP armv7s  <45b9fd8abac334e7adc617a75acbedb3> /System/Library/PrivateFrameworks/IAP.framework/IAP
0x36312000 - 0x36346fff IDS armv7s  <b0e8f70f8cc135d3a964e505323c8481> /System/Library/PrivateFrameworks/IDS.framework/IDS
0x363b3000 - 0x363c4fff IDSFoundation armv7s  <4802c0e94fa2345195b318824bf0fbae> /System/Library/PrivateFrameworks/IDSFoundation.framework/IDSFoundation
0x363c5000 - 0x36429fff IMAVCore armv7s  <c6fdd7cf8e6b34e298eadaea859e47ba> /System/Library/PrivateFrameworks/IMAVCore.framework/IMAVCore
0x3642a000 - 0x364b6fff IMCore armv7s  <dafc2e13a75630178d29cbef36104aa3> /System/Library/PrivateFrameworks/IMCore.framework/IMCore
0x36536000 - 0x36590fff IMFoundation armv7s  <2e56e96350c733ed8fc9eb2dc065d718> /System/Library/PrivateFrameworks/IMFoundation.framework/IMFoundation
0x3659a000 - 0x365a1fff IOMobileFramebuffer armv7s  <c66dabcbbc533cfd9b28f2544b71b8cd> /System/Library/PrivateFrameworks/IOMobileFramebuffer.framework/IOMobileFramebuffer
0x365a2000 - 0x365a7fff IOSurface armv7s  <c734ca27e347327ba351c6c6deab91f7> /System/Library/PrivateFrameworks/IOSurface.framework/IOSurface
0x365f4000 - 0x365f9fff IncomingCallFilter armv7s  <8005f7c5feec39ae8a789d8e4fb5e537> /System/Library/PrivateFrameworks/IncomingCallFilter.framework/IncomingCallFilter
0x36619000 - 0x36625fff Librarian armv7s  <83cb00b6af823b69b66fef04a2b921bb> /System/Library/PrivateFrameworks/Librarian.framework/Librarian
0x36626000 - 0x3665ffff MIME armv7s  <95be12e7eeb63d12a06c3726fa32bc60> /System/Library/PrivateFrameworks/MIME.framework/MIME
0x36660000 - 0x3669dfff MMCS armv7s  <a7bee5263b62370c82ac8a8125f8bc18> /System/Library/PrivateFrameworks/MMCS.framework/MMCS
0x366a6000 - 0x366b1fff MailServices armv7s  <e89b7abc027c3994b956836330d4e709> /System/Library/PrivateFrameworks/MailServices.framework/MailServices
0x366e5000 - 0x3675efff ManagedConfiguration armv7s  <bfa7a99d236d3196b7adc1d9fda6c48e> /System/Library/PrivateFrameworks/ManagedConfiguration.framework/ManagedConfiguration
0x3675f000 - 0x36760fff Marco armv7s  <b76d261fa68b3008bf161559012e8a9a> /System/Library/PrivateFrameworks/Marco.framework/Marco
0x36761000 - 0x367d9fff MediaControlSender armv7s  <ff3941956263313fbba34757305dbcb0> /System/Library/PrivateFrameworks/MediaControlSender.framework/MediaControlSender
0x36811000 - 0x3681bfff MediaRemote armv7s  <5f6dc798e39b32c1ab4cf554668ce7ea> /System/Library/PrivateFrameworks/MediaRemote.framework/MediaRemote
0x3681c000 - 0x36834fff MediaStream armv7s  <20fb650d829f321ea9a9a1f48789015e> /System/Library/PrivateFrameworks/MediaStream.framework/MediaStream
0x36899000 - 0x3696bfff Message armv7s  <27616c0cfe2c37abb470339564f221f8> /System/Library/PrivateFrameworks/Message.framework/Message
0x36970000 - 0x36972fff MessageSupport armv7s  <d23da1866a543eec82065617c4bccad2> /System/Library/PrivateFrameworks/MessageSupport.framework/MessageSupport
0x3697e000 - 0x36989fff MobileAsset armv7s  <5129443f89f937238576308808e62124> /System/Library/PrivateFrameworks/MobileAsset.framework/MobileAsset
0x369ad000 - 0x369b5fff MobileBluetooth armv7s  <4d8e6011aca13a058fe6a7988ab3e1d4> /System/Library/PrivateFrameworks/MobileBluetooth.framework/MobileBluetooth
0x369c8000 - 0x369cffff MobileIcons armv7s  <c0246ac9408734c29dc022efa399222a> /System/Library/PrivateFrameworks/MobileIcons.framework/MobileIcons
0x369d0000 - 0x369d3fff MobileInstallation armv7s  <a81c3c35bce5399d9f1308ff85aeaa73> /System/Library/PrivateFrameworks/MobileInstallation.framework/MobileInstallation
0x369d4000 - 0x369dcfff MobileKeyBag armv7s  <6a7ed5c70f603339bb2b7fe8d3446d0c> /System/Library/PrivateFrameworks/MobileKeyBag.framework/MobileKeyBag
0x36a04000 - 0x36a07fff MobileSystemServices armv7s  <708039aee4ec32899e4bbf817407798f> /System/Library/PrivateFrameworks/MobileSystemServices.framework/MobileSystemServices
0x36a26000 - 0x36a31fff MobileWiFi armv7s  <59c298c093e63ac8ade746aa2ad0fe44> /System/Library/PrivateFrameworks/MobileWiFi.framework/MobileWiFi
0x36a68000 - 0x36bebfff MusicLibrary armv7s  <d32405f16040365e9fa95fc9c38d9014> /System/Library/PrivateFrameworks/MusicLibrary.framework/MusicLibrary
0x36ca0000 - 0x36ca5fff Netrb armv7s  <d5383e33b9c33ce39ed248c251c65848> /System/Library/PrivateFrameworks/Netrb.framework/Netrb
0x36ca6000 - 0x36cabfff NetworkStatistics armv7s  <28a54cc525333d80a2d0e882a8e63243> /System/Library/PrivateFrameworks/NetworkStatistics.framework/NetworkStatistics
0x36cac000 - 0x36cc9fff Notes armv7s  <edd5bd4898d23bb7bb64c93c41a36ec4> /System/Library/PrivateFrameworks/Notes.framework/Notes
0x36cca000 - 0x36cccfff OAuth armv7s  <4726833fd7d9357a8bbdd3487dcfa9c9> /System/Library/PrivateFrameworks/OAuth.framework/OAuth
0x37424000 - 0x3745ffff OpenCL armv7s  <d7ea5f75fc103fe28436f1180ffa98a6> /System/Library/PrivateFrameworks/OpenCL.framework/OpenCL
0x379d9000 - 0x37a04fff PassKitCore armv7s  <f69fe578552b3efda5eceb531e65a9b9> /System/Library/PrivateFrameworks/PassKitCore.framework/PassKitCore
0x37a05000 - 0x37a2bfff PersistentConnection armv7s  <1137f9d6610337be8d208465d7caea23> /System/Library/PrivateFrameworks/PersistentConnection.framework/PersistentConnection
0x37b8f000 - 0x37d07fff PhotoLibraryServices armv7s  <bb5b6bdd49e636fbbeac1e8fad45a41c> /System/Library/PrivateFrameworks/PhotoLibraryServices.framework/PhotoLibraryServices
0x37e46000 - 0x37e73fff PhysicsKit armv7s  <8fa2fcdc554d387fa59ea688840048d0> /System/Library/PrivateFrameworks/PhysicsKit.framework/PhysicsKit
0x37e74000 - 0x37e77fff PowerLog armv7s  <fd8a01d8756038d786cecf1bb73d8881> /System/Library/PrivateFrameworks/PowerLog.framework/PowerLog
0x37f62000 - 0x37f99fff PrintKit armv7s  <6bc12fe7b63739e79d7dba91a4f2560c> /System/Library/PrivateFrameworks/PrintKit.framework/PrintKit
0x37f9d000 - 0x38024fff ProofReader armv7s  <fb8e397448fe3cf7b6559afd96572cb2> /System/Library/PrivateFrameworks/ProofReader.framework/ProofReader
0x38025000 - 0x3802ffff ProtocolBuffer armv7s  <5b4e6b3fda35338582564205c2124948> /System/Library/PrivateFrameworks/ProtocolBuffer.framework/ProtocolBuffer
0x38030000 - 0x38060fff PrototypeTools armv7s  <20f984d5c691322792685361651c3ab0> /System/Library/PrivateFrameworks/PrototypeTools.framework/PrototypeTools
0x38061000 - 0x380d5fff Quagga armv7s  <f8c175157b1f3e598ea6036cb4e0fd97> /System/Library/PrivateFrameworks/Quagga.framework/Quagga
0x380d6000 - 0x38176fff Radio armv7s  <38a2966e2ae4324681fbbfc0b8ee7af4> /System/Library/PrivateFrameworks/Radio.framework/Radio
0x38200000 - 0x38280fff SAObjects armv7s  <4e06485d6c523afba3f2ffdb43ccff75> /System/Library/PrivateFrameworks/SAObjects.framework/SAObjects
0x38381000 - 0x383a9fff SpringBoardFoundation armv7s  <5cf83a537bea3247a2ebb5a2e73a1ef7> /System/Library/PrivateFrameworks/SpringBoardFoundation.framework/SpringBoardFoundation
0x383aa000 - 0x383befff SpringBoardServices armv7s  <07b50ddb252a3670ae27c994e345d32d> /System/Library/PrivateFrameworks/SpringBoardServices.framework/SpringBoardServices
0x383bf000 - 0x383d8fff SpringBoardUI armv7s  <6129f1073a913c30a4ffb1d88de9ef07> /System/Library/PrivateFrameworks/SpringBoardUI.framework/SpringBoardUI
0x383d9000 - 0x383f0fff SpringBoardUIServices armv7s  <061ba80c86f031ce99271a2f6b5b6a69> /System/Library/PrivateFrameworks/SpringBoardUIServices.framework/SpringBoardUIServices
0x3844d000 - 0x385d4fff StoreKitUI armv7s  <7b22aa17f5323de990d35957b749f049> /System/Library/PrivateFrameworks/StoreKitUI.framework/StoreKitUI
0x385d5000 - 0x386edfff StoreServices armv7s  <64f930de40553f1b941468839bb35795> /System/Library/PrivateFrameworks/StoreServices.framework/StoreServices
0x386ee000 - 0x386fdfff StreamingZip armv7s  <51f10d7de8d33ac5af35f1dfdbe3be42> /System/Library/PrivateFrameworks/StreamingZip.framework/StreamingZip
0x3879c000 - 0x3879efff TCC armv7s  <b14719f4f9213db6bf035e9dd349691c> /System/Library/PrivateFrameworks/TCC.framework/TCC
0x3879f000 - 0x387e7fff TelephonyUI armv7s  <e1c65c22bf4e35da8f15c332dce09ed8> /System/Library/PrivateFrameworks/TelephonyUI.framework/TelephonyUI
0x387e8000 - 0x38809fff TelephonyUtilities armv7s  <452c156104483fc3aea85ebaf9f5c734> /System/Library/PrivateFrameworks/TelephonyUtilities.framework/TelephonyUtilities
0x3880a000 - 0x38b7bfff KBLayouts_iPhone.dylib armv7s  <2e559cb35cd13b5494b6cb396da52764> /System/Library/PrivateFrameworks/TextInput.framework/KBLayouts_iPhone.dylib
0x38b7c000 - 0x38ba0fff TextInput armv7s  <abdd894319ef3742b7d8c75764e2279c> /System/Library/PrivateFrameworks/TextInput.framework/TextInput
0x38d98000 - 0x38dadfff ToneLibrary armv7s  <8e172e07ec7f3f2b86c20ee6fa3698cb> /System/Library/PrivateFrameworks/ToneLibrary.framework/ToneLibrary
0x38dfb000 - 0x38ebbfff UIFoundation armv7s  <b4d1d18af2023e42b8bc5bf94e134dd1> /System/Library/PrivateFrameworks/UIFoundation.framework/UIFoundation
0x38ebc000 - 0x38ed2fff Ubiquity armv7s  <b898e996d6d637b38398e5345c0bb7d4> /System/Library/PrivateFrameworks/Ubiquity.framework/Ubiquity
0x38ed3000 - 0x38ed6fff UserFS armv7s  <8cadaf260e5c331a98f0cbc94efbc6a6> /System/Library/PrivateFrameworks/UserFS.framework/UserFS
0x392db000 - 0x392f8fff VoiceServices armv7s  <fcde59b5b6f43dd7b5b1b79b29a7b75f> /System/Library/PrivateFrameworks/VoiceServices.framework/VoiceServices
0x3931b000 - 0x39340fff WebBookmarks armv7s  <4d200a2b0c84314f91326a90d439470c> /System/Library/PrivateFrameworks/WebBookmarks.framework/WebBookmarks
0x39356000 - 0x39e04fff WebCore armv7s  <7df88f9af79231758f97431994ad6be8> /System/Library/PrivateFrameworks/WebCore.framework/WebCore
0x39e05000 - 0x39ec5fff WebKit armv7s  <2d9a513d87bd3c2d8de0098df694485c> /System/Library/PrivateFrameworks/WebKit.framework/WebKit
0x3a005000 - 0x3a00bfff XPCKit armv7s  <b8f2a05eb58a3ea9ad4ec860abebacf9> /System/Library/PrivateFrameworks/XPCKit.framework/XPCKit
0x3a00c000 - 0x3a014fff XPCObjects armv7s  <e7759ab9bb643390af3c2ac7ad96619d> /System/Library/PrivateFrameworks/XPCObjects.framework/XPCObjects
0x3a1b8000 - 0x3a1dbfff iCalendar armv7s  <25c772fc08cd33528e38dc8f845d53c4> /System/Library/PrivateFrameworks/iCalendar.framework/iCalendar
0x3a1e0000 - 0x3a221fff iTunesStore armv7s  <889c8d35142a3839b8f9f6fff0c28c42> /System/Library/PrivateFrameworks/iTunesStore.framework/iTunesStore
0x3a222000 - 0x3a3c3fff iTunesStoreUI armv7s  <c26cc33f2d633c72996e33502c3b17c2> /System/Library/PrivateFrameworks/iTunesStoreUI.framework/iTunesStoreUI
0x3ad7c000 - 0x3ad83fff libAccessibility.dylib armv7s  <652dee07b3fe371fb8230aee2c9537b4> /usr/lib/libAccessibility.dylib
0x3af7c000 - 0x3af92fff libCRFSuite.dylib armv7s  <06362cba96bf3a679a91d40f125057cc> /usr/lib/libCRFSuite.dylib
0x3afa6000 - 0x3afa7fff libMobileCheckpoint.dylib armv7s  <fee8931f425f38af8fbde0388890ec52> /usr/lib/libMobileCheckpoint.dylib
0x3afa8000 - 0x3afbdfff libMobileGestalt.dylib armv7s  <7abc89974a6d36558d5efa60184e43c2> /usr/lib/libMobileGestalt.dylib
0x3afbe000 - 0x3afc4fff libMobileGestaltExtensions.dylib armv7s  <2fab5a9933e730b380744f325b384e30> /usr/lib/libMobileGestaltExtensions.dylib
0x3afdb000 - 0x3afdcfff libSystem.B.dylib armv7s  <dba6762caa053e59abb31469e9b41f4b> /usr/lib/libSystem.B.dylib
0x3b047000 - 0x3b073fff libTelephonyUtilDynamic.dylib armv7s  <56f4820a03da3b71bc7ea2114e81060d> /usr/lib/libTelephonyUtilDynamic.dylib
0x3b1bd000 - 0x3b1c9fff libbsm.0.dylib armv7s  <34a4b8ea80e4390ab8a146e0de95b6b1> /usr/lib/libbsm.0.dylib
0x3b1ca000 - 0x3b1d4fff libbz2.1.0.dylib armv7s  <b246a3f7a5243be189afe4f7582042fa> /usr/lib/libbz2.1.0.dylib
0x3b1d5000 - 0x3b220fff libc++.1.dylib armv7s  <18b3a243f7923c39951c97ab416ed3e6> /usr/lib/libc++.1.dylib
0x3b221000 - 0x3b23bfff libc++abi.dylib armv7s  <2e20d75c97d339a297a21de19c6a6d4b> /usr/lib/libc++abi.dylib
0x3b24b000 - 0x3b252fff libcupolicy.dylib armv7s  <c28eabe2a516358f848b7a22379100e7> /usr/lib/libcupolicy.dylib
0x3b299000 - 0x3b386fff libiconv.2.dylib armv7s  <ff50709f8e04318da55e13c9096bba03> /usr/lib/libiconv.2.dylib
0x3b387000 - 0x3b4d8fff libicucore.A.dylib armv7s  <719aeeaa9cc7301e8eb9117644f94b38> /usr/lib/libicucore.A.dylib
0x3b4e0000 - 0x3b4e0fff liblangid.dylib armv7s  <9babf315c8b739ff98c078fb894ba3c4> /usr/lib/liblangid.dylib
0x3b4e1000 - 0x3b4ebfff liblockdown.dylib armv7s  <5623ee432246307eb3ca6b212542d69d> /usr/lib/liblockdown.dylib
0x3b82d000 - 0x3b841fff libmis.dylib armv7s  <10ffee9d35cc3a3aafad5a1f3fe1e3e7> /usr/lib/libmis.dylib
0x3b86a000 - 0x3ba09fff libobjc.A.dylib armv7s  <0cc1bf8b5caa39fd90ca9cfc94e03fcb> /usr/lib/libobjc.A.dylib
0x3bad1000 - 0x3bae6fff libresolv.9.dylib armv7s  <763ddffb38af3444b74501dde37a5949> /usr/lib/libresolv.9.dylib
0x3bb0f000 - 0x3bba6fff libsqlite3.dylib armv7s  <0cd7d6e04761365480a2078daee86959> /usr/lib/libsqlite3.dylib
0x3bba7000 - 0x3bbf4fff libstdc++.6.dylib armv7s  <894bc61807683540a1d475ae8b117140> /usr/lib/libstdc++.6.dylib
0x3bbf5000 - 0x3bc1bfff libtidy.A.dylib armv7s  <9ac4925f9e803e48a846ae28aba6d355> /usr/lib/libtidy.A.dylib
0x3bc1f000 - 0x3bcd2fff libxml2.2.dylib armv7s  <810acee8bebe317492118d752643bde3> /usr/lib/libxml2.2.dylib
0x3bcd3000 - 0x3bcf4fff libxslt.1.dylib armv7s  <e3269cf2460835588f0f9b8f5bed13b2> /usr/lib/libxslt.1.dylib
0x3bcf5000 - 0x3bd01fff libz.1.dylib armv7s  <d14399220e74365cbf13a57859a31782> /usr/lib/libz.1.dylib
0x3bd02000 - 0x3bd06fff libcache.dylib armv7s  <371dad0c805634ac9ad03150a7bb227d> /usr/lib/system/libcache.dylib
0x3bd07000 - 0x3bd0ffff libcommonCrypto.dylib armv7s  <95f921d990c936a2a185363d6d606fae> /usr/lib/system/libcommonCrypto.dylib
0x3bd10000 - 0x3bd14fff libcompiler_rt.dylib armv7s  <d993a2866d6e328aab22e5218075aaff> /usr/lib/system/libcompiler_rt.dylib
0x3bd15000 - 0x3bd1bfff libcopyfile.dylib armv7s  <6e0607b0ba0c3b5297beb5c2291803f3> /usr/lib/system/libcopyfile.dylib
0x3bd1c000 - 0x3bd55fff libcorecrypto.dylib armv7s  <8af5878efc1a3eeb8e3ca9ec454855a8> /usr/lib/system/libcorecrypto.dylib
0x3bd56000 - 0x3bd69fff libdispatch.dylib armv7s  <20e9bf9f001f376bafe977a315d87fd7> /usr/lib/system/libdispatch.dylib
0x3bd6a000 - 0x3bd6bfff libdyld.dylib armv7s  <93c82bcfda94398b997952820e4b22bf> /usr/lib/system/libdyld.dylib
0x3bd6c000 - 0x3bd6cfff libkeymgr.dylib armv7s  <d430920807683cb99757df3fc70cf91a> /usr/lib/system/libkeymgr.dylib
0x3bd6d000 - 0x3bd73fff liblaunch.dylib armv7s  <b176974ad8613f329c4958f5a2d6bd2e> /usr/lib/system/liblaunch.dylib
0x3bd74000 - 0x3bd77fff libmacho.dylib armv7s  <32be9d5e3cf331449dc721918fe68901> /usr/lib/system/libmacho.dylib
0x3bd78000 - 0x3bd79fff libremovefile.dylib armv7s  <f194a68d448b3e169b2009a17af77a80> /usr/lib/system/libremovefile.dylib
0x3bd7a000 - 0x3bd87fff libsystem_asl.dylib armv7s  <466e30f1d8f03803975292042874ed17> /usr/lib/system/libsystem_asl.dylib
0x3bd88000 - 0x3bd88fff libsystem_blocks.dylib armv7s  <cd492afd4dae33e08cc18b6d4bfebe1a> /usr/lib/system/libsystem_blocks.dylib
0x3bd89000 - 0x3bdebfff libsystem_c.dylib armv7s  <bea7785730ad3697abc806bd0e436bf2> /usr/lib/system/libsystem_c.dylib
0x3bdec000 - 0x3bdeefff libsystem_configuration.dylib armv7s  <eea0d8e75c0b3bed962e0fdb654bc4da> /usr/lib/system/libsystem_configuration.dylib
0x3bdef000 - 0x3bdf5fff libsystem_dnssd.dylib armv7s  <d99f9f73749e302f8ee15a37982262c8> /usr/lib/system/libsystem_dnssd.dylib
0x3bdf6000 - 0x3be0efff libsystem_info.dylib armv7s  <3dc1420e94d733cabb8711b2acd45fec> /usr/lib/system/libsystem_info.dylib
0x3be0f000 - 0x3be27fff libsystem_kernel.dylib armv7s  <352b213c6b3e3e4f87f40eeb524bac2a> /usr/lib/system/libsystem_kernel.dylib
0x3be28000 - 0x3be46fff libsystem_m.dylib armv7s  <096ddc81fbf539429dfe0e73afbd894f> /usr/lib/system/libsystem_m.dylib
0x3be47000 - 0x3be58fff libsystem_malloc.dylib armv7s  <56fc79587a40330e9bae6a276e7999fd> /usr/lib/system/libsystem_malloc.dylib
0x3be59000 - 0x3be78fff libsystem_network.dylib armv7s  <18bb09e9a5243a298528743763efdea3> /usr/lib/system/libsystem_network.dylib
0x3be79000 - 0x3be80fff libsystem_notify.dylib armv7s  <1d2d6d25db4b3ce6ba2ff898554c2c6f> /usr/lib/system/libsystem_notify.dylib
0x3be81000 - 0x3be85fff libsystem_platform.dylib armv7s  <544403ae9e5834bfafdef5250aa5deeb> /usr/lib/system/libsystem_platform.dylib
0x3be86000 - 0x3be8bfff libsystem_pthread.dylib armv7s  <3b9209ad7912375c9ba09eaf8d98f987> /usr/lib/system/libsystem_pthread.dylib
0x3be8c000 - 0x3be8dfff libsystem_sandbox.dylib armv7s  <94b38e062c2a3f77bf631ba6eb96af85> /usr/lib/system/libsystem_sandbox.dylib
0x3be8e000 - 0x3be90fff libsystem_stats.dylib armv7s  <cc2124d613d33e3db1a0786a4b196adf> /usr/lib/system/libsystem_stats.dylib
0x3be91000 - 0x3be91fff libunwind.dylib armv7s  <6fdd98b80180359199c8f01ae5272f2a> /usr/lib/system/libunwind.dylib
0x3be92000 - 0x3beacfff libxpc.dylib armv7s  <8ae3aa0d5ebe3f139e7bfb4b32638d1c> /usr/lib/system/libxpc.dylib
