Date/Time:       2013-11-26 13:44:32 -0500
OS Version:      10.9 (Build 13A2093)
Architecture:    x86_64
Report Version:  18

Command:         Chrome
Path:            /Applications/Google Chrome.app/Contents/MacOS/Google Chrome
Version:         33.0.1712.4 (1712.4)
Parent:          launchd [159]

PID:             4045
Event:           hang
Duration:        4.28s
Steps:           43 (100ms sampling interval)

Hardware model:  MacBookPro11,1
Active cpus:     4
Fan speed:       1303 rpm

Free pages:      2098746 pages (-1884)
Pageins:         2 pages
Pageouts:        0 pages
Swapins:         0 pages
Swapouts:        0 pages


Process:         Google Chrome [4045]
Path:            /Applications/Google Chrome.app/Contents/MacOS/Google Chrome
Architecture:    i386
Parent:          launchd [159]
UID:             501
Task size:       34597 pages
CPU Time:        4.194s

  Thread 0x2354e    priority   22-57  
  43 ??? (Google Chrome + 3925) [0x70f55]
    43 main + 24 (Google Chrome) [0x70f78]
      43 ChromeMain + 41 (Google Chrome Framework) [0x7a159]
        43 Framework::Symbol_1() (Google Chrome Framework + 8050864) [Google Chrome Framework:8050864]
          43 Framework::Symbol_2() (Google Chrome Framework + 8053967) [Google Chrome Framework:8053967]
            43 Framework::Symbol_3() (Google Chrome Framework + 8051267) [Google Chrome Framework:8051267]
              43 Framework::Symbol_4() (Google Chrome Framework + 48783704) [Google Chrome Framework:48783704]
                43 Framework::Symbol_5() (Google Chrome Framework + 48806381) [Google Chrome Framework:48806381]
                  43 Framework::Symbol_6() (Google Chrome Framework + 48799186) [Google Chrome Framework:48799186]
                    43 Framework::Symbol_7() (Google Chrome Framework + 1480796) [Google Chrome Framework:1480796]
                      43 Framework::Symbol_8() (Google Chrome Framework + 1260041) [Google Chrome Framework:1260041]
                        43 Framework::Symbol_9() (Google Chrome Framework + 4476833) [Google Chrome Framework:4476833]
                          43 Framework::Symbol_10() (Google Chrome Framework + 4477047) [Google Chrome Framework:4477047]
                            43 Framework::Symbol_11() (Google Chrome Framework + 4497939) [Google Chrome Framework:4497939]
                              43 Framework::Symbol_12() (Google Chrome Framework + 4494146) [Google Chrome Framework:4494146]
                                43 Framework::Symbol_13() (Google Chrome Framework + 4384391) [Google Chrome Framework:4384391]
                                  43 Framework::Symbol_14() (Google Chrome Framework + 4407937) [Google Chrome Framework:4407937]
                                    43 Framework::Symbol_15() (Google Chrome Framework + 4408453) [Google Chrome Framework:4408453]
                                      43 Framework::Symbol_16() (Google Chrome Framework + 4414271) [Google Chrome Framework:4414271]
                                        43 Framework::Symbol_17() (Google Chrome Framework + 3320263) [Google Chrome Framework:3320263]
                                          43 Framework::Symbol_18() (Google Chrome Framework + 8626614) [Google Chrome Framework:8626614]
                                            43 Framework::Symbol_19() (Google Chrome Framework + 8626987) [Google Chrome Framework:8626987]
                                              43 Framework::Symbol_20() (Google Chrome Framework + 8625720) [Google Chrome Framework:8625720]
                                                43 pthread_cond_wait$UNIX2003 + 71 (libsystem_pthread.dylib) [0x98f44bd9]
                                                  43 __psynch_cvwait + 10 (libsystem_kernel.dylib) [0x924217ca]
                                                   *43 psynch_cvcontinue + 0 (pthread) [0xffffff7f80be7940]

  Thread 0x23566    DispatchQueue 2711177900 priority 48        
  43 _dispatch_mgr_thread + 52 (libdispatch.dylib) [0x9ba2e556]
    43 kevent64 + 10 (libsystem_kernel.dylib) [0x92422992]
     *43 ??? (mach_kernel + 3946352) [0xffffff80005c3770]

  Thread 0x23568    priority 46        
  43 thread_start + 34 (libsystem_pthread.dylib) [0x98f45cf2]
    43 _pthread_start + 130 (libsystem_pthread.dylib) [0x98f40485]
      43 _pthread_body + 144 (libsystem_pthread.dylib) [0x98f405fb]
        43 Framework::Symbol_21() (Google Chrome Framework + 8200833) [Google Chrome Framework:8200833]
          43 mach_msg_trap + 10 (libsystem_kernel.dylib) [0x9241cf7a]
           *43 ipc_mqueue_receive_continue + 0 (mach_kernel) [0xffffff80002167c0]

  Thread 0x23574    priority 46        
  43 thread_start + 34 (libsystem_pthread.dylib) [0x98f45cf2]
    43 _pthread_start + 130 (libsystem_pthread.dylib) [0x98f40485]
      43 _pthread_body + 144 (libsystem_pthread.dylib) [0x98f405fb]
        43 Framework::Symbol_22() (Google Chrome Framework + 8642133) [Google Chrome Framework:8642133]
          43 Framework::Symbol_23() (Google Chrome Framework + 8658496) [Google Chrome Framework:8658496]
            43 Framework::Symbol_24() (Google Chrome Framework + 8658273) [Google Chrome Framework:8658273]
              43 Framework::Symbol_25() (Google Chrome Framework + 8480714) [Google Chrome Framework:8480714]
                43 Framework::Symbol_26() (Google Chrome Framework + 8572705) [Google Chrome Framework:8572705]
                  43 Framework::Symbol_27() (Google Chrome Framework + 8481361) [Google Chrome Framework:8481361]
                    43 Framework::Symbol_28() (Google Chrome Framework + 8234396) [Google Chrome Framework:8234396]
                      43 Framework::Symbol_29() (Google Chrome Framework + 8235695) [Google Chrome Framework:8235695]
                        43 -[NSRunLoop(NSRunLoop) runMode:beforeDate:] + 277 (Foundation) [0x93fb7319]
                          43 CFRunLoopRunInMode + 123 (CoreFoundation) [0x93d8abbb]
                            43 CFRunLoopRunSpecific + 394 (CoreFoundation) [0x93d8ad5a]
                              43 __CFRunLoopRun + 1393 (CoreFoundation) [0x93d8b541]
                                43 __CFRunLoopServiceMachPort + 169 (CoreFoundation) [0x93d8bf69]
                                  43 mach_msg_trap + 10 (libsystem_kernel.dylib) [0x9241cf7a]
                                   *43 ipc_mqueue_receive_continue + 0 (mach_kernel) [0xffffff80002167c0]

  Thread 0x23577    priority 46        
  43 thread_start + 34 (libsystem_pthread.dylib) [0x98f45cf2]
    43 _pthread_start + 130 (libsystem_pthread.dylib) [0x98f40485]
      43 _pthread_body + 144 (libsystem_pthread.dylib) [0x98f405fb]
        43 Framework::Symbol_30() (Google Chrome Framework + 8642133) [Google Chrome Framework:8642133]
          43 Framework::Symbol_31() (Google Chrome Framework + 8658496) [Google Chrome Framework:8658496]
            43 Framework::Symbol_32() (Google Chrome Framework + 8658273) [Google Chrome Framework:8658273]
              43 Framework::Symbol_33() (Google Chrome Framework + 8480714) [Google Chrome Framework:8480714]
                43 Framework::Symbol_34() (Google Chrome Framework + 8572705) [Google Chrome Framework:8572705]
                  43 Framework::Symbol_35() (Google Chrome Framework + 8481361) [Google Chrome Framework:8481361]
                    43 Framework::Symbol_36() (Google Chrome Framework + 8230756) [Google Chrome Framework:8230756]
                      43 Framework::Symbol_37() (Google Chrome Framework + 8724617) [Google Chrome Framework:8724617]
                        43 kevent + 10 (libsystem_kernel.dylib) [0x92422976]
                         *43 ??? (mach_kernel + 3946352) [0xffffff80005c3770]

  Thread 0x2357a    priority 46        
  43 thread_start + 34 (libsystem_pthread.dylib) [0x98f45cf2]
    43 _pthread_start + 130 (libsystem_pthread.dylib) [0x98f40485]
      43 _pthread_body + 144 (libsystem_pthread.dylib) [0x98f405fb]
        43 Framework::Symbol_38() (Google Chrome Framework + 8642133) [Google Chrome Framework:8642133]
          30 Framework::Symbol_39() (Google Chrome Framework + 1486739) [Google Chrome Framework:1486739]
            30 Framework::Symbol_40() (Google Chrome Framework + 1487106) [Google Chrome Framework:1487106]
              30 sleep$UNIX2003 + 86 (libsystem_c.dylib) [0x951b7e8f]
                30 sleep$UNIX2003 + 45 (libsystem_c.dylib) [0x951b7e66]
                  30 __semwait_signal + 10 (libsystem_kernel.dylib) [0x92421b76]
                   *30 semaphore_wait_continue + 0 (mach_kernel) [0xffffff800023b550]
          13 __read + 10 (libsystem_kernel.dylib) [0x92422dba]
           *13 hndl_unix_scall + 216 (mach_kernel) [0xffffff80002f32a8]
             *13 unix_syscall + 471 (mach_kernel) [0xffffff800063d317]
               *13 read_nocancel + 127 (mach_kernel) [0xffffff80005eeb3f]
                 *13 ??? (mach_kernel + 4123950) [0xffffff80005eed2e]
                   *13 ??? (mach_kernel + 4141951) [0xffffff80005f337f]
                     *13 msleep + 114 (mach_kernel) [0xffffff80005e0ab2]
                       *13 ??? (mach_kernel + 4065413) [0xffffff80005e0885]
                         *13 lck_mtx_sleep + 78 (mach_kernel) [0xffffff800022d17e]
                           *13 thread_block_reason + 204 (mach_kernel) [0xffffff8000235d4c]
                             *13 ??? (mach_kernel + 223563) [0xffffff800023694b]
                               *13 machine_switch_context + 354 (mach_kernel) [0xffffff80002d7982]

  Thread 0x2357b    priority 46        
  43 thread_start + 34 (libsystem_pthread.dylib) [0x98f45cf2]
    43 _pthread_start + 130 (libsystem_pthread.dylib) [0x98f40485]
      43 _pthread_body + 144 (libsystem_pthread.dylib) [0x98f405fb]
        43 Framework::Symbol_41() (Google Chrome Framework + 8642133) [Google Chrome Framework:8642133]
          43 Framework::Symbol_42() (Google Chrome Framework + 8658496) [Google Chrome Framework:8658496]
            43 Framework::Symbol_43() (Google Chrome Framework + 48855023) [Google Chrome Framework:48855023]
              43 Framework::Symbol_44() (Google Chrome Framework + 8658273) [Google Chrome Framework:8658273]
                43 Framework::Symbol_45() (Google Chrome Framework + 8480714) [Google Chrome Framework:8480714]
                  43 Framework::Symbol_46() (Google Chrome Framework + 8572705) [Google Chrome Framework:8572705]
                    43 Framework::Symbol_47() (Google Chrome Framework + 8481361) [Google Chrome Framework:8481361]
                      43 Framework::Symbol_48() (Google Chrome Framework + 8494119) [Google Chrome Framework:8494119]
                        43 Framework::Symbol_49() (Google Chrome Framework + 8626614) [Google Chrome Framework:8626614]
                          43 Framework::Symbol_50() (Google Chrome Framework + 8626987) [Google Chrome Framework:8626987]
                            43 Framework::Symbol_51() (Google Chrome Framework + 8625720) [Google Chrome Framework:8625720]
                              43 pthread_cond_wait$UNIX2003 + 71 (libsystem_pthread.dylib) [0x98f44bd9]
                                43 __psynch_cvwait + 10 (libsystem_kernel.dylib) [0x924217ca]
                                 *43 psynch_cvcontinue + 0 (pthread) [0xffffff7f80be7940]

  Thread 0x2357c    priority 46        
  43 thread_start + 34 (libsystem_pthread.dylib) [0x98f45cf2]
    43 _pthread_start + 130 (libsystem_pthread.dylib) [0x98f40485]
      43 _pthread_body + 144 (libsystem_pthread.dylib) [0x98f405fb]
        43 Framework::Symbol_52() (Google Chrome Framework + 8642133) [Google Chrome Framework:8642133]
          43 Framework::Symbol_53() (Google Chrome Framework + 8658496) [Google Chrome Framework:8658496]
            43 Framework::Symbol_54() (Google Chrome Framework + 48855087) [Google Chrome Framework:48855087]
              43 Framework::Symbol_55() (Google Chrome Framework + 8658273) [Google Chrome Framework:8658273]
                43 Framework::Symbol_56() (Google Chrome Framework + 8480714) [Google Chrome Framework:8480714]
                  43 Framework::Symbol_57() (Google Chrome Framework + 8572705) [Google Chrome Framework:8572705]
                    43 Framework::Symbol_58() (Google Chrome Framework + 8481361) [Google Chrome Framework:8481361]
                      43 Framework::Symbol_59() (Google Chrome Framework + 8230979) [Google Chrome Framework:8230979]
                        43 Framework::Symbol_60() (Google Chrome Framework + 8724617) [Google Chrome Framework:8724617]
                          43 kevent + 10 (libsystem_kernel.dylib) [0x92422976]
                           *43 ??? (mach_kernel + 3946352) [0xffffff80005c3770]

  Thread 0x2357d    priority 46        
  43 thread_start + 34 (libsystem_pthread.dylib) [0x98f45cf2]
    43 _pthread_start + 130 (libsystem_pthread.dylib) [0x98f40485]
      43 _pthread_body + 144 (libsystem_pthread.dylib) [0x98f405fb]
        43 Framework::Symbol_61() (Google Chrome Framework + 8642133) [Google Chrome Framework:8642133]
          43 Framework::Symbol_62() (Google Chrome Framework + 8658496) [Google Chrome Framework:8658496]
            43 Framework::Symbol_63() (Google Chrome Framework + 48855151) [Google Chrome Framework:48855151]
              43 Framework::Symbol_64() (Google Chrome Framework + 8658273) [Google Chrome Framework:8658273]
                43 Framework::Symbol_65() (Google Chrome Framework + 8480714) [Google Chrome Framework:8480714]
                  43 Framework::Symbol_66() (Google Chrome Framework + 8572705) [Google Chrome Framework:8572705]
                    43 Framework::Symbol_67() (Google Chrome Framework + 8481361) [Google Chrome Framework:8481361]
                      43 Framework::Symbol_68() (Google Chrome Framework + 8494119) [Google Chrome Framework:8494119]
                        43 Framework::Symbol_69() (Google Chrome Framework + 8626614) [Google Chrome Framework:8626614]
                          43 Framework::Symbol_70() (Google Chrome Framework + 8626987) [Google Chrome Framework:8626987]
                            43 Framework::Symbol_71() (Google Chrome Framework + 8625720) [Google Chrome Framework:8625720]
                              43 pthread_cond_wait$UNIX2003 + 71 (libsystem_pthread.dylib) [0x98f44bd9]
                                43 __psynch_cvwait + 10 (libsystem_kernel.dylib) [0x924217ca]
                                 *43 psynch_cvcontinue + 0 (pthread) [0xffffff7f80be7940]

  Thread 0x2357e    priority 46        
  43 thread_start + 34 (libsystem_pthread.dylib) [0x98f45cf2]
    43 _pthread_start + 130 (libsystem_pthread.dylib) [0x98f40485]
      43 _pthread_body + 144 (libsystem_pthread.dylib) [0x98f405fb]
        43 Framework::Symbol_72() (Google Chrome Framework + 8642133) [Google Chrome Framework:8642133]
          43 Framework::Symbol_73() (Google Chrome Framework + 8658496) [Google Chrome Framework:8658496]
            43 Framework::Symbol_74() (Google Chrome Framework + 48855215) [Google Chrome Framework:48855215]
              43 Framework::Symbol_75() (Google Chrome Framework + 8658273) [Google Chrome Framework:8658273]
                43 Framework::Symbol_76() (Google Chrome Framework + 8480714) [Google Chrome Framework:8480714]
                  43 Framework::Symbol_77() (Google Chrome Framework + 8572705) [Google Chrome Framework:8572705]
                    43 Framework::Symbol_78() (Google Chrome Framework + 8481361) [Google Chrome Framework:8481361]
                      43 Framework::Symbol_79() (Google Chrome Framework + 8494119) [Google Chrome Framework:8494119]
                        43 Framework::Symbol_80() (Google Chrome Framework + 8626614) [Google Chrome Framework:8626614]
                          43 Framework::Symbol_81() (Google Chrome Framework + 8626987) [Google Chrome Framework:8626987]
                            43 Framework::Symbol_82() (Google Chrome Framework + 8625720) [Google Chrome Framework:8625720]
                              43 pthread_cond_wait$UNIX2003 + 71 (libsystem_pthread.dylib) [0x98f44bd9]
                                43 __psynch_cvwait + 10 (libsystem_kernel.dylib) [0x924217ca]
                                 *43 psynch_cvcontinue + 0 (pthread) [0xffffff7f80be7940]

  Thread 0x2357f    priority 46        
  43 thread_start + 34 (libsystem_pthread.dylib) [0x98f45cf2]
    43 _pthread_start + 130 (libsystem_pthread.dylib) [0x98f40485]
      43 _pthread_body + 144 (libsystem_pthread.dylib) [0x98f405fb]
        43 Framework::Symbol_83() (Google Chrome Framework + 8642133) [Google Chrome Framework:8642133]
          43 Framework::Symbol_84() (Google Chrome Framework + 8658496) [Google Chrome Framework:8658496]
            43 Framework::Symbol_85() (Google Chrome Framework + 48855279) [Google Chrome Framework:48855279]
              43 Framework::Symbol_86() (Google Chrome Framework + 8658273) [Google Chrome Framework:8658273]
                43 Framework::Symbol_87() (Google Chrome Framework + 8480714) [Google Chrome Framework:8480714]
                  43 Framework::Symbol_88() (Google Chrome Framework + 8572705) [Google Chrome Framework:8572705]
                    43 Framework::Symbol_89() (Google Chrome Framework + 8481361) [Google Chrome Framework:8481361]
                      43 Framework::Symbol_90() (Google Chrome Framework + 8230979) [Google Chrome Framework:8230979]
                        43 Framework::Symbol_91() (Google Chrome Framework + 8724617) [Google Chrome Framework:8724617]
                          43 kevent + 10 (libsystem_kernel.dylib) [0x92422976]
                           *43 ??? (mach_kernel + 3946352) [0xffffff80005c3770]

  Thread 0x23580    priority 46         cpu time   4.194s
  43 thread_start + 34 (libsystem_pthread.dylib) [0x98f45cf2]
    43 _pthread_start + 130 (libsystem_pthread.dylib) [0x98f40485]
      43 _pthread_body + 144 (libsystem_pthread.dylib) [0x98f405fb]
        43 Framework::Symbol_92() (Google Chrome Framework + 8642133) [Google Chrome Framework:8642133]
          43 Framework::Symbol_93() (Google Chrome Framework + 8658496) [Google Chrome Framework:8658496]
            43 Framework::Symbol_94() (Google Chrome Framework + 48855343) [Google Chrome Framework:48855343]
              43 Framework::Symbol_95() (Google Chrome Framework + 8658273) [Google Chrome Framework:8658273]
                43 Framework::Symbol_96() (Google Chrome Framework + 8480714) [Google Chrome Framework:8480714]
                  43 Framework::Symbol_97() (Google Chrome Framework + 8572705) [Google Chrome Framework:8572705]
                    43 Framework::Symbol_98() (Google Chrome Framework + 8481361) [Google Chrome Framework:8481361]
                      43 Framework::Symbol_99() (Google Chrome Framework + 8231050) [Google Chrome Framework:8231050]
                        43 Framework::Symbol_100() (Google Chrome Framework + 8483972) [Google Chrome Framework:8483972]
                          43 Framework::Symbol_101() (Google Chrome Framework + 8482849) [Google Chrome Framework:8482849]
                            43 Framework::Symbol_102() (Google Chrome Framework + 12050561) [Google Chrome Framework:12050561]
                              43 Framework::Symbol_103() (Google Chrome Framework + 12049295) [Google Chrome Framework:12049295]
                                43 Framework::Symbol_104() (Google Chrome Framework + 13429493) [Google Chrome Framework:13429493]
                                  42 Framework::Symbol_105() (Google Chrome Framework + 14219872) [Google Chrome Framework:14219872]
                                    42 <executing in user space>
                                  1 Framework::Symbol_106() (Google Chrome Framework + 14219876) [Google Chrome Framework:14219876]
                                    1  <executing in user space>

  Thread 0x23581    priority 46        
  43 thread_start + 34 (libsystem_pthread.dylib) [0x98f45cf2]
    43 _pthread_start + 130 (libsystem_pthread.dylib) [0x98f40485]
      43 _pthread_body + 144 (libsystem_pthread.dylib) [0x98f405fb]
        43 Framework::Symbol_107() (Google Chrome Framework + 8642133) [Google Chrome Framework:8642133]
          43 Framework::Symbol_108() (Google Chrome Framework + 8658496) [Google Chrome Framework:8658496]
            43 Framework::Symbol_109() (Google Chrome Framework + 8658273) [Google Chrome Framework:8658273]
              43 Framework::Symbol_110() (Google Chrome Framework + 8480714) [Google Chrome Framework:8480714]
                43 Framework::Symbol_111() (Google Chrome Framework + 8572705) [Google Chrome Framework:8572705]
                  43 Framework::Symbol_112() (Google Chrome Framework + 8481361) [Google Chrome Framework:8481361]
                    43 Framework::Symbol_113() (Google Chrome Framework + 8494119) [Google Chrome Framework:8494119]
                      43 Framework::Symbol_114() (Google Chrome Framework + 8626614) [Google Chrome Framework:8626614]
                        43 Framework::Symbol_115() (Google Chrome Framework + 8626987) [Google Chrome Framework:8626987]
                          43 Framework::Symbol_116() (Google Chrome Framework + 8625720) [Google Chrome Framework:8625720]
                            43 pthread_cond_wait$UNIX2003 + 71 (libsystem_pthread.dylib) [0x98f44bd9]
                              43 __psynch_cvwait + 10 (libsystem_kernel.dylib) [0x924217ca]
                               *43 psynch_cvcontinue + 0 (pthread) [0xffffff7f80be7940]

  Thread 0x23582    priority 46        
  43 thread_start + 34 (libsystem_pthread.dylib) [0x98f45cf2]
    43 _pthread_start + 130 (libsystem_pthread.dylib) [0x98f40485]
      43 _pthread_body + 144 (libsystem_pthread.dylib) [0x98f405fb]
        43 Framework::Symbol_117() (Google Chrome Framework + 8642133) [Google Chrome Framework:8642133]
          43 Framework::Symbol_118() (Google Chrome Framework + 8658496) [Google Chrome Framework:8658496]
            43 Framework::Symbol_119() (Google Chrome Framework + 8658273) [Google Chrome Framework:8658273]
              43 Framework::Symbol_120() (Google Chrome Framework + 8480714) [Google Chrome Framework:8480714]
                43 Framework::Symbol_121() (Google Chrome Framework + 8572705) [Google Chrome Framework:8572705]
                  43 Framework::Symbol_122() (Google Chrome Framework + 8481361) [Google Chrome Framework:8481361]
                    43 Framework::Symbol_123() (Google Chrome Framework + 8234396) [Google Chrome Framework:8234396]
                      43 Framework::Symbol_124() (Google Chrome Framework + 8235695) [Google Chrome Framework:8235695]
                        43 -[NSRunLoop(NSRunLoop) runMode:beforeDate:] + 277 (Foundation) [0x93fb7319]
                          43 CFRunLoopRunInMode + 123 (CoreFoundation) [0x93d8abbb]
                            43 CFRunLoopRunSpecific + 394 (CoreFoundation) [0x93d8ad5a]
                              43 __CFRunLoopRun + 1393 (CoreFoundation) [0x93d8b541]
                                43 __CFRunLoopServiceMachPort + 169 (CoreFoundation) [0x93d8bf69]
                                  43 mach_msg_trap + 10 (libsystem_kernel.dylib) [0x9241cf7a]
                                   *43 ipc_mqueue_receive_continue + 0 (mach_kernel) [0xffffff80002167c0]

  Thread 0x23583    priority 46        
  43 thread_start + 34 (libsystem_pthread.dylib) [0x98f45cf2]
    43 _pthread_start + 130 (libsystem_pthread.dylib) [0x98f40485]
      43 _pthread_body + 144 (libsystem_pthread.dylib) [0x98f405fb]
        43 Framework::Symbol_125() (Google Chrome Framework + 8642133) [Google Chrome Framework:8642133]
          43 Framework::Symbol_126() (Google Chrome Framework + 8658496) [Google Chrome Framework:8658496]
            43 Framework::Symbol_127() (Google Chrome Framework + 8658273) [Google Chrome Framework:8658273]
              43 Framework::Symbol_128() (Google Chrome Framework + 8480714) [Google Chrome Framework:8480714]
                43 Framework::Symbol_129() (Google Chrome Framework + 8572705) [Google Chrome Framework:8572705]
                  43 Framework::Symbol_130() (Google Chrome Framework + 8481361) [Google Chrome Framework:8481361]
                    43 Framework::Symbol_131() (Google Chrome Framework + 8494119) [Google Chrome Framework:8494119]
                      43 Framework::Symbol_132() (Google Chrome Framework + 8626614) [Google Chrome Framework:8626614]
                        43 Framework::Symbol_133() (Google Chrome Framework + 8626987) [Google Chrome Framework:8626987]
                          43 Framework::Symbol_134() (Google Chrome Framework + 8625720) [Google Chrome Framework:8625720]
                            43 pthread_cond_wait$UNIX2003 + 71 (libsystem_pthread.dylib) [0x98f44bd9]
                              43 __psynch_cvwait + 10 (libsystem_kernel.dylib) [0x924217ca]
                               *43 psynch_cvcontinue + 0 (pthread) [0xffffff7f80be7940]

  Thread 0x23584    priority 46        
  43 thread_start + 34 (libsystem_pthread.dylib) [0x98f45cf2]
    43 _pthread_start + 130 (libsystem_pthread.dylib) [0x98f40485]
      43 _pthread_body + 144 (libsystem_pthread.dylib) [0x98f405fb]
        43 Framework::Symbol_135() (Google Chrome Framework + 8642133) [Google Chrome Framework:8642133]
          43 Framework::Symbol_136() (Google Chrome Framework + 8658496) [Google Chrome Framework:8658496]
            43 Framework::Symbol_137() (Google Chrome Framework + 8658273) [Google Chrome Framework:8658273]
              43 Framework::Symbol_138() (Google Chrome Framework + 8480714) [Google Chrome Framework:8480714]
                43 Framework::Symbol_139() (Google Chrome Framework + 8572705) [Google Chrome Framework:8572705]
                  43 Framework::Symbol_140() (Google Chrome Framework + 8481361) [Google Chrome Framework:8481361]
                    43 Framework::Symbol_141() (Google Chrome Framework + 8494119) [Google Chrome Framework:8494119]
                      43 Framework::Symbol_142() (Google Chrome Framework + 8626614) [Google Chrome Framework:8626614]
                        43 Framework::Symbol_143() (Google Chrome Framework + 8626987) [Google Chrome Framework:8626987]
                          43 Framework::Symbol_144() (Google Chrome Framework + 8625720) [Google Chrome Framework:8625720]
                            43 pthread_cond_wait$UNIX2003 + 71 (libsystem_pthread.dylib) [0x98f44bd9]
                              43 __psynch_cvwait + 10 (libsystem_kernel.dylib) [0x924217ca]
                               *43 psynch_cvcontinue + 0 (pthread) [0xffffff7f80be7940]

  Thread 0x23585    priority 46        
  43 thread_start + 34 (libsystem_pthread.dylib) [0x98f45cf2]
    43 _pthread_start + 130 (libsystem_pthread.dylib) [0x98f40485]
      43 _pthread_body + 144 (libsystem_pthread.dylib) [0x98f405fb]
        43 Framework::Symbol_145() (Google Chrome Framework + 8642133) [Google Chrome Framework:8642133]
          43 Framework::Symbol_146() (Google Chrome Framework + 8656099) [Google Chrome Framework:8656099]
            43 Framework::Symbol_147() (Google Chrome Framework + 8643675) [Google Chrome Framework:8643675]
              43 Framework::Symbol_148() (Google Chrome Framework + 8647064) [Google Chrome Framework:8647064]
                43 Framework::Symbol_149() (Google Chrome Framework + 8625720) [Google Chrome Framework:8625720]
                  43 pthread_cond_wait$UNIX2003 + 71 (libsystem_pthread.dylib) [0x98f44bd9]
                    43 __psynch_cvwait + 10 (libsystem_kernel.dylib) [0x924217ca]
                     *43 psynch_cvcontinue + 0 (pthread) [0xffffff7f80be7940]

  Thread 0x23586    priority 46        
  43 thread_start + 34 (libsystem_pthread.dylib) [0x98f45cf2]
    43 _pthread_start + 130 (libsystem_pthread.dylib) [0x98f40485]
      43 _pthread_body + 144 (libsystem_pthread.dylib) [0x98f405fb]
        43 Framework::Symbol_150() (Google Chrome Framework + 8642133) [Google Chrome Framework:8642133]
          43 Framework::Symbol_151() (Google Chrome Framework + 8658496) [Google Chrome Framework:8658496]
            43 Framework::Symbol_152() (Google Chrome Framework + 8658273) [Google Chrome Framework:8658273]
              43 Framework::Symbol_153() (Google Chrome Framework + 8480714) [Google Chrome Framework:8480714]
                43 Framework::Symbol_154() (Google Chrome Framework + 8572705) [Google Chrome Framework:8572705]
                  43 Framework::Symbol_155() (Google Chrome Framework + 8481361) [Google Chrome Framework:8481361]
                    43 Framework::Symbol_156() (Google Chrome Framework + 8494119) [Google Chrome Framework:8494119]
                      43 Framework::Symbol_157() (Google Chrome Framework + 8626614) [Google Chrome Framework:8626614]
                        43 Framework::Symbol_158() (Google Chrome Framework + 8626987) [Google Chrome Framework:8626987]
                          43 Framework::Symbol_159() (Google Chrome Framework + 8625720) [Google Chrome Framework:8625720]
                            43 pthread_cond_wait$UNIX2003 + 71 (libsystem_pthread.dylib) [0x98f44bd9]
                              43 __psynch_cvwait + 10 (libsystem_kernel.dylib) [0x924217ca]
                               *43 psynch_cvcontinue + 0 (pthread) [0xffffff7f80be7940]

  Thread 0x23587    priority 46        
  43 thread_start + 34 (libsystem_pthread.dylib) [0x98f45cf2]
    43 _pthread_start + 130 (libsystem_pthread.dylib) [0x98f40485]
      43 _pthread_body + 144 (libsystem_pthread.dylib) [0x98f405fb]
        43 Framework::Symbol_160() (Google Chrome Framework + 8642133) [Google Chrome Framework:8642133]
          43 Framework::Symbol_161() (Google Chrome Framework + 49923168) [Google Chrome Framework:49923168]
            43 mach_msg_trap + 10 (libsystem_kernel.dylib) [0x9241cf7a]
             *43 ipc_mqueue_receive_continue + 0 (mach_kernel) [0xffffff80002167c0]

  Thread 0x23589    priority 46        
  43 thread_start + 34 (libsystem_pthread.dylib) [0x98f45cf2]
    43 _pthread_start + 130 (libsystem_pthread.dylib) [0x98f40485]
      43 _pthread_body + 144 (libsystem_pthread.dylib) [0x98f405fb]
        43 Framework::Symbol_162() (Google Chrome Framework + 8642133) [Google Chrome Framework:8642133]
          43 Framework::Symbol_163() (Google Chrome Framework + 8658496) [Google Chrome Framework:8658496]
            43 Framework::Symbol_164() (Google Chrome Framework + 8658273) [Google Chrome Framework:8658273]
              43 Framework::Symbol_165() (Google Chrome Framework + 8480714) [Google Chrome Framework:8480714]
                43 Framework::Symbol_166() (Google Chrome Framework + 8572705) [Google Chrome Framework:8572705]
                  43 Framework::Symbol_167() (Google Chrome Framework + 8481361) [Google Chrome Framework:8481361]
                    43 Framework::Symbol_168() (Google Chrome Framework + 8234396) [Google Chrome Framework:8234396]
                      43 Framework::Symbol_169() (Google Chrome Framework + 8235695) [Google Chrome Framework:8235695]
                        43 -[NSRunLoop(NSRunLoop) runMode:beforeDate:] + 277 (Foundation) [0x93fb7319]
                          43 CFRunLoopRunInMode + 123 (CoreFoundation) [0x93d8abbb]
                            43 CFRunLoopRunSpecific + 394 (CoreFoundation) [0x93d8ad5a]
                              43 __CFRunLoopRun + 1393 (CoreFoundation) [0x93d8b541]
                                43 __CFRunLoopServiceMachPort + 169 (CoreFoundation) [0x93d8bf69]
                                  43 mach_msg_trap + 10 (libsystem_kernel.dylib) [0x9241cf7a]
                                   *43 ipc_mqueue_receive_continue + 0 (mach_kernel) [0xffffff80002167c0]

  Thread 0x2358a    priority 46        
  43 thread_start + 34 (libsystem_pthread.dylib) [0x98f45cf2]
    43 _pthread_start + 130 (libsystem_pthread.dylib) [0x98f40485]
      43 _pthread_body + 144 (libsystem_pthread.dylib) [0x98f405fb]
        43 Framework::Symbol_170() (Google Chrome Framework + 8642133) [Google Chrome Framework:8642133]
          43 Framework::Symbol_171() (Google Chrome Framework + 8658496) [Google Chrome Framework:8658496]
            43 Framework::Symbol_172() (Google Chrome Framework + 8658273) [Google Chrome Framework:8658273]
              43 Framework::Symbol_173() (Google Chrome Framework + 8480714) [Google Chrome Framework:8480714]
                43 Framework::Symbol_174() (Google Chrome Framework + 8572705) [Google Chrome Framework:8572705]
                  43 Framework::Symbol_175() (Google Chrome Framework + 8481361) [Google Chrome Framework:8481361]
                    43 Framework::Symbol_176() (Google Chrome Framework + 8494119) [Google Chrome Framework:8494119]
                      43 Framework::Symbol_177() (Google Chrome Framework + 8626614) [Google Chrome Framework:8626614]
                        43 Framework::Symbol_178() (Google Chrome Framework + 8626987) [Google Chrome Framework:8626987]
                          43 Framework::Symbol_179() (Google Chrome Framework + 8625720) [Google Chrome Framework:8625720]
                            43 pthread_cond_wait$UNIX2003 + 71 (libsystem_pthread.dylib) [0x98f44bd9]
                              43 __psynch_cvwait + 10 (libsystem_kernel.dylib) [0x924217ca]
                               *43 psynch_cvcontinue + 0 (pthread) [0xffffff7f80be7940]

  Thread 0x2358b    priority 46        
  43 thread_start + 34 (libsystem_pthread.dylib) [0x98f45cf2]
    43 _pthread_start + 130 (libsystem_pthread.dylib) [0x98f40485]
      43 _pthread_body + 144 (libsystem_pthread.dylib) [0x98f405fb]
        43 Framework::Symbol_180() (Google Chrome Framework + 8642133) [Google Chrome Framework:8642133]
          43 Framework::Symbol_181() (Google Chrome Framework + 8658496) [Google Chrome Framework:8658496]
            43 Framework::Symbol_182() (Google Chrome Framework + 8658273) [Google Chrome Framework:8658273]
              43 Framework::Symbol_183() (Google Chrome Framework + 8480714) [Google Chrome Framework:8480714]
                43 Framework::Symbol_184() (Google Chrome Framework + 8572705) [Google Chrome Framework:8572705]
                  43 Framework::Symbol_185() (Google Chrome Framework + 8481361) [Google Chrome Framework:8481361]
                    43 Framework::Symbol_186() (Google Chrome Framework + 8494119) [Google Chrome Framework:8494119]
                      43 Framework::Symbol_187() (Google Chrome Framework + 8626614) [Google Chrome Framework:8626614]
                        43 Framework::Symbol_188() (Google Chrome Framework + 8626987) [Google Chrome Framework:8626987]
                          43 Framework::Symbol_189() (Google Chrome Framework + 8625720) [Google Chrome Framework:8625720]
                            43 pthread_cond_wait$UNIX2003 + 71 (libsystem_pthread.dylib) [0x98f44bd9]
                              43 __psynch_cvwait + 10 (libsystem_kernel.dylib) [0x924217ca]
                               *43 psynch_cvcontinue + 0 (pthread) [0xffffff7f80be7940]

  Thread 0x2358c    priority 46        
  43 thread_start + 34 (libsystem_pthread.dylib) [0x98f45cf2]
    43 _pthread_start + 130 (libsystem_pthread.dylib) [0x98f40485]
      43 _pthread_body + 144 (libsystem_pthread.dylib) [0x98f405fb]
        43 Framework::Symbol_190() (Google Chrome Framework + 8642133) [Google Chrome Framework:8642133]
          43 Framework::Symbol_191() (Google Chrome Framework + 8656099) [Google Chrome Framework:8656099]
            43 Framework::Symbol_192() (Google Chrome Framework + 8643675) [Google Chrome Framework:8643675]
              43 Framework::Symbol_193() (Google Chrome Framework + 8647064) [Google Chrome Framework:8647064]
                43 Framework::Symbol_194() (Google Chrome Framework + 8625720) [Google Chrome Framework:8625720]
                  43 pthread_cond_wait$UNIX2003 + 71 (libsystem_pthread.dylib) [0x98f44bd9]
                    43 __psynch_cvwait + 10 (libsystem_kernel.dylib) [0x924217ca]
                     *43 psynch_cvcontinue + 0 (pthread) [0xffffff7f80be7940]

  Thread 0x235b9    priority 46        
  43 thread_start + 34 (libsystem_pthread.dylib) [0x98f45cf2]
    43 _pthread_start + 130 (libsystem_pthread.dylib) [0x98f40485]
      43 _pthread_body + 144 (libsystem_pthread.dylib) [0x98f405fb]
        43 Framework::Symbol_195() (Google Chrome Framework + 8642133) [Google Chrome Framework:8642133]
          43 Framework::Symbol_196() (Google Chrome Framework + 8656099) [Google Chrome Framework:8656099]
            43 Framework::Symbol_197() (Google Chrome Framework + 8643675) [Google Chrome Framework:8643675]
              43 Framework::Symbol_198() (Google Chrome Framework + 8647064) [Google Chrome Framework:8647064]
                43 Framework::Symbol_199() (Google Chrome Framework + 8625720) [Google Chrome Framework:8625720]
                  43 pthread_cond_wait$UNIX2003 + 71 (libsystem_pthread.dylib) [0x98f44bd9]
                    43 __psynch_cvwait + 10 (libsystem_kernel.dylib) [0x924217ca]
                     *43 psynch_cvcontinue + 0 (pthread) [0xffffff7f80be7940]

  Thread 0x235c8    priority 46        
  43 thread_start + 34 (libsystem_pthread.dylib) [0x98f45cf2]
    43 _pthread_start + 130 (libsystem_pthread.dylib) [0x98f40485]
      43 _pthread_body + 144 (libsystem_pthread.dylib) [0x98f405fb]
        43 _NSEventThread + 283 (AppKit) [0x946e6f18]
          43 CFRunLoopRunInMode + 123 (CoreFoundation) [0x93d8abbb]
            43 CFRunLoopRunSpecific + 394 (CoreFoundation) [0x93d8ad5a]
              43 __CFRunLoopRun + 1393 (CoreFoundation) [0x93d8b541]
                43 __CFRunLoopServiceMachPort + 169 (CoreFoundation) [0x93d8bf69]
                  43 mach_msg_trap + 10 (libsystem_kernel.dylib) [0x9241cf7a]
                   *43 ipc_mqueue_receive_continue + 0 (mach_kernel) [0xffffff80002167c0]

  Thread 0x235d4    priority 46        
  43 thread_start + 34 (libsystem_pthread.dylib) [0x98f45cf2]
    43 _pthread_start + 130 (libsystem_pthread.dylib) [0x98f40485]
      43 _pthread_body + 144 (libsystem_pthread.dylib) [0x98f405fb]
        43 Framework::Symbol_200() (Google Chrome Framework + 8642133) [Google Chrome Framework:8642133]
          43 Framework::Symbol_201() (Google Chrome Framework + 8658496) [Google Chrome Framework:8658496]
            43 Framework::Symbol_202() (Google Chrome Framework + 8658273) [Google Chrome Framework:8658273]
              43 Framework::Symbol_203() (Google Chrome Framework + 8480714) [Google Chrome Framework:8480714]
                43 Framework::Symbol_204() (Google Chrome Framework + 8572705) [Google Chrome Framework:8572705]
                  43 Framework::Symbol_205() (Google Chrome Framework + 8481361) [Google Chrome Framework:8481361]
                    43 Framework::Symbol_206() (Google Chrome Framework + 8494179) [Google Chrome Framework:8494179]
                      43 Framework::Symbol_207() (Google Chrome Framework + 8626952) [Google Chrome Framework:8626952]
                        43 Framework::Symbol_208() (Google Chrome Framework + 8625845) [Google Chrome Framework:8625845]
                          43 pthread_cond_timedwait_relative_np + 47 (libsystem_pthread.dylib) [0x98f43042]
                            43 __psynch_cvwait + 10 (libsystem_kernel.dylib) [0x924217ca]
                             *43 psynch_cvcontinue + 0 (pthread) [0xffffff7f80be7940]

  Thread 0x23609    priority 46        
  43 thread_start + 34 (libsystem_pthread.dylib) [0x98f45cf2]
    43 _pthread_start + 130 (libsystem_pthread.dylib) [0x98f40485]
      43 _pthread_body + 144 (libsystem_pthread.dylib) [0x98f405fb]
        43 Framework::Symbol_209() (Google Chrome Framework + 8642133) [Google Chrome Framework:8642133]
          43 Framework::Symbol_210() (Google Chrome Framework + 8656099) [Google Chrome Framework:8656099]
            43 Framework::Symbol_211() (Google Chrome Framework + 8643675) [Google Chrome Framework:8643675]
              43 Framework::Symbol_212() (Google Chrome Framework + 8647064) [Google Chrome Framework:8647064]
                43 Framework::Symbol_213() (Google Chrome Framework + 8625720) [Google Chrome Framework:8625720]
                  43 pthread_cond_wait$UNIX2003 + 71 (libsystem_pthread.dylib) [0x98f44bd9]
                    43 __psynch_cvwait + 10 (libsystem_kernel.dylib) [0x924217ca]
                     *43 psynch_cvcontinue + 0 (pthread) [0xffffff7f80be7940]

  Thread 0x2362f    priority 46        
  43 thread_start + 34 (libsystem_pthread.dylib) [0x98f45cf2]
    43 _pthread_start + 130 (libsystem_pthread.dylib) [0x98f40485]
      43 _pthread_body + 144 (libsystem_pthread.dylib) [0x98f405fb]
        43 Framework::Symbol_214() (Google Chrome Framework + 8642133) [Google Chrome Framework:8642133]
          43 Framework::Symbol_215() (Google Chrome Framework + 8656099) [Google Chrome Framework:8656099]
            43 Framework::Symbol_216() (Google Chrome Framework + 8643675) [Google Chrome Framework:8643675]
              43 Framework::Symbol_217() (Google Chrome Framework + 8647064) [Google Chrome Framework:8647064]
                43 Framework::Symbol_218() (Google Chrome Framework + 8625720) [Google Chrome Framework:8625720]
                  43 pthread_cond_wait$UNIX2003 + 71 (libsystem_pthread.dylib) [0x98f44bd9]
                    43 __psynch_cvwait + 10 (libsystem_kernel.dylib) [0x924217ca]
                     *43 psynch_cvcontinue + 0 (pthread) [0xffffff7f80be7940]

  Thread 0x23630    priority 46        
  43 thread_start + 34 (libsystem_pthread.dylib) [0x98f45cf2]
    43 _pthread_start + 130 (libsystem_pthread.dylib) [0x98f40485]
      43 _pthread_body + 144 (libsystem_pthread.dylib) [0x98f405fb]
        43 Framework::Symbol_219() (Google Chrome Framework + 8642133) [Google Chrome Framework:8642133]
          43 Framework::Symbol_220() (Google Chrome Framework + 8656099) [Google Chrome Framework:8656099]
            43 Framework::Symbol_221() (Google Chrome Framework + 8643675) [Google Chrome Framework:8643675]
              43 Framework::Symbol_222() (Google Chrome Framework + 8647064) [Google Chrome Framework:8647064]
                43 Framework::Symbol_223() (Google Chrome Framework + 8625720) [Google Chrome Framework:8625720]
                  43 pthread_cond_wait$UNIX2003 + 71 (libsystem_pthread.dylib) [0x98f44bd9]
                    43 __psynch_cvwait + 10 (libsystem_kernel.dylib) [0x924217ca]
                     *43 psynch_cvcontinue + 0 (pthread) [0xffffff7f80be7940]

  Thread 0x2366c    priority 46        
  43 thread_start + 34 (libsystem_pthread.dylib) [0x98f45cf2]
    43 _pthread_start + 130 (libsystem_pthread.dylib) [0x98f40485]
      43 _pthread_body + 144 (libsystem_pthread.dylib) [0x98f405fb]
        43 Framework::Symbol_224() (Google Chrome Framework + 8642133) [Google Chrome Framework:8642133]
          43 Framework::Symbol_225() (Google Chrome Framework + 22039905) [Google Chrome Framework:22039905]
            43 Framework::Symbol_226() (Google Chrome Framework + 22037777) [Google Chrome Framework:22037777]
              43 Framework::Symbol_227() (Google Chrome Framework + 22034056) [Google Chrome Framework:22034056]
                43 Framework::Symbol_228() (Google Chrome Framework + 8625720) [Google Chrome Framework:8625720]
                  43 pthread_cond_wait$UNIX2003 + 71 (libsystem_pthread.dylib) [0x98f44bd9]
                    43 __psynch_cvwait + 10 (libsystem_kernel.dylib) [0x924217ca]
                     *43 psynch_cvcontinue + 0 (pthread) [0xffffff7f80be7940]

  Thread 0x2379c    priority 46        
  43 thread_start + 34 (libsystem_pthread.dylib) [0x98f45cf2]
    43 _pthread_start + 130 (libsystem_pthread.dylib) [0x98f40485]
      43 _pthread_body + 144 (libsystem_pthread.dylib) [0x98f405fb]
        43 Framework::Symbol_229() (Google Chrome Framework + 8642133) [Google Chrome Framework:8642133]
          43 Framework::Symbol_230() (Google Chrome Framework + 8656099) [Google Chrome Framework:8656099]
            43 Framework::Symbol_231() (Google Chrome Framework + 8643675) [Google Chrome Framework:8643675]
              43 Framework::Symbol_232() (Google Chrome Framework + 8647064) [Google Chrome Framework:8647064]
                43 Framework::Symbol_233() (Google Chrome Framework + 8625720) [Google Chrome Framework:8625720]
                  43 pthread_cond_wait$UNIX2003 + 71 (libsystem_pthread.dylib) [0x98f44bd9]
                    43 __psynch_cvwait + 10 (libsystem_kernel.dylib) [0x924217ca]
                     *43 psynch_cvcontinue + 0 (pthread) [0xffffff7f80be7940]

  Thread 0x2379d    priority 46        
  43 thread_start + 34 (libsystem_pthread.dylib) [0x98f45cf2]
    43 _pthread_start + 130 (libsystem_pthread.dylib) [0x98f40485]
      43 _pthread_body + 144 (libsystem_pthread.dylib) [0x98f405fb]
        43 Framework::Symbol_234() (Google Chrome Framework + 8642133) [Google Chrome Framework:8642133]
          43 Framework::Symbol_235() (Google Chrome Framework + 8656099) [Google Chrome Framework:8656099]
            43 Framework::Symbol_236() (Google Chrome Framework + 8643675) [Google Chrome Framework:8643675]
              43 Framework::Symbol_237() (Google Chrome Framework + 8647064) [Google Chrome Framework:8647064]
                43 Framework::Symbol_238() (Google Chrome Framework + 8625720) [Google Chrome Framework:8625720]
                  43 pthread_cond_wait$UNIX2003 + 71 (libsystem_pthread.dylib) [0x98f44bd9]
                    43 __psynch_cvwait + 10 (libsystem_kernel.dylib) [0x924217ca]
                     *43 psynch_cvcontinue + 0 (pthread) [0xffffff7f80be7940]

  Thread 0x2ac74    priority 46        
  43 thread_start + 34 (libsystem_pthread.dylib) [0x98f45cf2]
    43 _pthread_start + 130 (libsystem_pthread.dylib) [0x98f40485]
      43 _pthread_body + 144 (libsystem_pthread.dylib) [0x98f405fb]
        43 Framework::Symbol_239() (Google Chrome Framework + 8642133) [Google Chrome Framework:8642133]
          43 Framework::Symbol_240() (Google Chrome Framework + 8658496) [Google Chrome Framework:8658496]
            43 Framework::Symbol_241() (Google Chrome Framework + 8658273) [Google Chrome Framework:8658273]
              43 Framework::Symbol_242() (Google Chrome Framework + 8480714) [Google Chrome Framework:8480714]
                43 Framework::Symbol_243() (Google Chrome Framework + 8572705) [Google Chrome Framework:8572705]
                  43 Framework::Symbol_244() (Google Chrome Framework + 8481361) [Google Chrome Framework:8481361]
                    43 Framework::Symbol_245() (Google Chrome Framework + 8494119) [Google Chrome Framework:8494119]
                      43 Framework::Symbol_246() (Google Chrome Framework + 8626614) [Google Chrome Framework:8626614]
                        43 Framework::Symbol_247() (Google Chrome Framework + 8626987) [Google Chrome Framework:8626987]
                          43 Framework::Symbol_248() (Google Chrome Framework + 8625720) [Google Chrome Framework:8625720]
                            43 pthread_cond_wait$UNIX2003 + 71 (libsystem_pthread.dylib) [0x98f44bd9]
                              43 __psynch_cvwait + 10 (libsystem_kernel.dylib) [0x924217ca]
                               *43 psynch_cvcontinue + 0 (pthread) [0xffffff7f80be7940]

  Thread 0x2c180    priority 46        
  43 thread_start + 34 (libsystem_pthread.dylib) [0x98f45cf2]
    43 _pthread_start + 130 (libsystem_pthread.dylib) [0x98f40485]
      43 _pthread_body + 144 (libsystem_pthread.dylib) [0x98f405fb]
        43 Framework::Symbol_249() (Google Chrome Framework + 8642133) [Google Chrome Framework:8642133]
          43 Framework::Symbol_250() (Google Chrome Framework + 8669712) [Google Chrome Framework:8669712]
            43 Framework::Symbol_251() (Google Chrome Framework + 8668401) [Google Chrome Framework:8668401]
              43 Framework::Symbol_252() (Google Chrome Framework + 8625845) [Google Chrome Framework:8625845]
                43 pthread_cond_timedwait_relative_np + 47 (libsystem_pthread.dylib) [0x98f43042]
                  43 __psynch_cvwait + 10 (libsystem_kernel.dylib) [0x924217ca]
                   *43 psynch_cvcontinue + 0 (pthread) [0xffffff7f80be7940]

  Thread 0x2c3fb    priority 46        
  43 thread_start + 34 (libsystem_pthread.dylib) [0x98f45cf2]
    43 _pthread_start + 130 (libsystem_pthread.dylib) [0x98f40485]
      43 _pthread_body + 144 (libsystem_pthread.dylib) [0x98f405fb]
        43 Framework::Symbol_253() (Google Chrome Framework + 8642133) [Google Chrome Framework:8642133]
          43 Framework::Symbol_254() (Google Chrome Framework + 8665972) [Google Chrome Framework:8665972]
            43 Framework::Symbol_255() (Google Chrome Framework + 8625845) [Google Chrome Framework:8625845]
              43 pthread_cond_timedwait_relative_np + 47 (libsystem_pthread.dylib) [0x98f43042]
                43 __psynch_cvwait + 10 (libsystem_kernel.dylib) [0x924217ca]
                 *43 psynch_cvcontinue + 0 (pthread) [0xffffff7f80be7940]

  Binary Images:
             0x70000 -            0x70ff3  com.google.Chrome 33.0.1712.4 (1712.4) <17371B1A-E89B-3919-B041-87437218B3C5> /Applications/Google Chrome.app/Contents/MacOS/Google Chrome
             0x77000 -          0x490ff7f  com.google.Chrome.framework 33.0.1712.4 (1712.4) <C34E2034-F47E-3B03-A075-E6E86A76A1AA> /Applications/Google Chrome.app/Contents/Versions/33.0.1712.4/Google Chrome Framework.framework/Google Chrome Framework
          0x9240a000 -         0x92427ff4  libsystem_kernel.dylib (2422.50.20) <6633A9B6-4A75-3C99-AEA1-7A26DF8EC650> /usr/lib/system/libsystem_kernel.dylib
          0x93d15000 -         0x93f17ff7  com.apple.CoreFoundation 6.9 (855.11) <50F70E07-043A-3A2F-87EF-A36BA6C5C9D9> /System/Library/Frameworks/CoreFoundation.framework/Versions/A/CoreFoundation
          0x93f48000 -         0x94273ff6  com.apple.Foundation 6.9 (1056) <3DD053D8-0C87-3469-B39B-7B96D539006F> /System/Library/Frameworks/Foundation.framework/Versions/C/Foundation
          0x94516000 -         0x95131ff3  com.apple.AppKit 6.9 (1265) <B32497D2-385F-37CF-98DC-03029EC5D9C4> /System/Library/Frameworks/AppKit.framework/Versions/C/AppKit
          0x9513c000 -         0x951ceffe  libsystem_c.dylib (997.1.1) <67FA81D1-8612-3E99-A7CE-7F9973C8F723> /usr/lib/system/libsystem_c.dylib
          0x98f3f000 -         0x98f46ffb  libsystem_pthread.dylib (53.1.4) <951ABDE1-7276-3ACC-BFCE-E3BDAC557202> /usr/lib/system/libsystem_pthread.dylib
          0x9ba2b000 -         0x9ba43ffd  libdispatch.dylib (339.1.9) <C54B94A7-63C4-3B2C-8C65-D6E034AB4C64> /usr/lib/system/libdispatch.dylib
 *0xffffff7f80be2000 - 0xffffff7f80be9fff  com.apple.kec.pthread 1.0 (1) <619F6A5D-FFA2-3B59-9993-958FD7154B83> /System/Library/Extensions/pthread.kext/Contents/MacOS/pthread
 *0xffffff8000200000 - 0xffffff80007a3d4a  mach_kernel (2422.50.20) <6841EFD8-7B62-3A03-B875-7D208717617C> /mach_kernel
