Thread 0
0	 [libSystem.B.dylib	 +	 0x67030]
1	 [libSystem.B.dylib	 +	 0x4d00]
2	 [Google Chrome Framework	 -	 Google Chrome Framework:11141523] Google_Chrome_Framework::Symbol_1()
3	 [libSystem.B.dylib	 +	 0x4ba7]
4	 [libSystem.B.dylib	 +	 0x2c77]
5	 [libstdc++.6.dylib	 -	 libstdc++.6.dylib:304662] libstdc++.6.dylib::Symbol_1()
6	 [Google Chrome Framework	 -	 Google Chrome Framework:11189221] Google_Chrome_Framework::Symbol_2()
7	 [Google Chrome Framework	 -	 Google Chrome Framework:11191443] Google_Chrome_Framework::Symbol_3()
8	 [Google Chrome Framework	 -	 Google Chrome Framework:11271639] Google_Chrome_Framework::Symbol_4()
9	 [Google Chrome Framework	 -	 Google Chrome Framework:11273268] Google_Chrome_Framework::Symbol_5()
10	 [Google Chrome Framework	 -	 Google Chrome Framework:11049059] Google_Chrome_Framework::Symbol_6()
11	 [Google Chrome Framework	 -	 Google Chrome Framework:11049614] Google_Chrome_Framework::Symbol_7()
12	 [Google Chrome Framework	 -	 Google Chrome Framework:11049614] Google_Chrome_Framework::Symbol_8()
13	 [Google Chrome Framework	 -	 Google Chrome Framework:11049614] Google_Chrome_Framework::Symbol_9()
14	 [Google Chrome Framework	 -	 Google Chrome Framework:11050421] Google_Chrome_Framework::Symbol_10()
15	 [Google Chrome Framework	 -	 Google Chrome Framework:11050421] Google_Chrome_Framework::Symbol_11()
16	 [Google Chrome Framework	 -	 Google Chrome Framework:11048491] Google_Chrome_Framework::Symbol_12()
17	 [Google Chrome Framework	 -	 Google Chrome Framework:11048056] Google_Chrome_Framework::Symbol_13()
18	 [Google Chrome Framework	 -	 Google Chrome Framework:873956] Google_Chrome_Framework::Symbol_14()
19	 [Google Chrome Framework	 -	 Google Chrome Framework:874026] Google_Chrome_Framework::Symbol_15()
20	 [Google Chrome Framework	 -	 Google Chrome Framework:869326] Google_Chrome_Framework::Symbol_16()
21	 [Google Chrome Framework	 -	 Google Chrome Framework:873358] Google_Chrome_Framework::Symbol_17()
22	 [Google Chrome Framework	 -	 Google Chrome Framework:873216] Google_Chrome_Framework::Symbol_18()
23	 [Google Chrome Framework	 -	 Google Chrome Framework:7888215] Google_Chrome_Framework::Symbol_19()
24	 [Google Chrome Framework	 -	 Google Chrome Framework:7888000] Google_Chrome_Framework::Symbol_20()
25	 [Google Chrome Framework	 -	 Google Chrome Framework:8171983] Google_Chrome_Framework::Symbol_21()
26	 [Google Chrome Framework	 -	 Google Chrome Framework:8171264] Google_Chrome_Framework::Symbol_22()
27	 [Google Chrome Framework	 -	 Google Chrome Framework:8154130] Google_Chrome_Framework::Symbol_23()
28	 [Google Chrome Framework	 -	 Google Chrome Framework:8246946] Google_Chrome_Framework::Symbol_24()
29	 [Google Chrome Framework	 -	 Google Chrome Framework:8249980] Google_Chrome_Framework::Symbol_25()
30	 [Google Chrome Framework	 -	 Google Chrome Framework:8232694] Google_Chrome_Framework::Symbol_26()
31	 [Google Chrome Framework	 -	 Google Chrome Framework:8232528] Google_Chrome_Framework::Symbol_27()
32	 [Google Chrome Framework	 -	 Google Chrome Framework:3096400] Google_Chrome_Framework::Symbol_28()
33	 [Google Chrome Framework	 -	 Google Chrome Framework:3367587] Google_Chrome_Framework::Symbol_29()
34	 [Google Chrome Framework	 -	 Google Chrome Framework:41852871] Google_Chrome_Framework::Symbol_30()
35	 [Google Chrome Framework	 -	 Google Chrome Framework:41854373] Google_Chrome_Framework::Symbol_31()
36	 [Google Chrome Framework	 -	 Google Chrome Framework:41848522] Google_Chrome_Framework::Symbol_32()
37	 [Google Chrome Framework	 -	 Google Chrome Framework:10465178] Google_Chrome_Framework::Symbol_33()
38	 [Google Chrome Framework	 -	 Google Chrome Framework:10461871] Google_Chrome_Framework::Symbol_34()
39	 [Google Chrome Framework	 -	 Google Chrome Framework:7224] Google_Chrome_Framework::Symbol_35()
40	 [Google Chrome	 -	 Google Chrome:3959] Google_Chrome::Symbol_1()
41	 [Google Chrome	 -	 Google Chrome:3924] Google_Chrome::Symbol_2()
42	 [	 +	 0x1]
43	 [Google Chrome Framework	 -	 Google Chrome Framework:46536558] Google_Chrome_Framework::Symbol_36()
44	 [Google Chrome Framework	 -	 Google Chrome Framework:12254510] Google_Chrome_Framework::Symbol_37()
45	 [Google Chrome Framework	 -	 Google Chrome Framework:46604145] Google_Chrome_Framework::Symbol_38()
46	 [Google Chrome Framework	 -	 Google Chrome Framework:46536558] Google_Chrome_Framework::Symbol_39()
47	 [Google Chrome Framework	 -	 Google Chrome Framework:12254510] Google_Chrome_Framework::Symbol_40()
48	 [Google Chrome Framework	 -	 Google Chrome Framework:46604145] Google_Chrome_Framework::Symbol_41()
49	 [Google Chrome Framework	 -	 Google Chrome Framework:59318880] Google_Chrome_Framework::Symbol_42()
50	 [Google Chrome Framework	 -	 Google Chrome Framework:46013550] Google_Chrome_Framework::Symbol_43()

Thread 1
0	 [libSystem.B.dylib	 +	 0x27382]
1	 [libSystem.B.dylib	 +	 0x26f58]
2	 [libSystem.B.dylib	 +	 0x26cfd]
3	 [libSystem.B.dylib	 +	 0x26780]
4	 [libSystem.B.dylib	 +	 0x265c5]

Thread 2
0	 [libSystem.B.dylib	 +	 0xafa]
1	 [CoreFoundation	 -	 CoreFoundation:250590] CoreFoundation::Symbol_1()
2	 [CoreFoundation	 -	 CoreFoundation:246723] CoreFoundation::Symbol_2()
3	 [CoreFoundation	 -	 CoreFoundation:246256] CoreFoundation::Symbol_3()
4	 [Foundation	 -	 Foundation:328114] Foundation::Symbol_1()
5	 [Google Chrome Framework	 -	 Google Chrome Framework:10903598] Google_Chrome_Framework::Symbol_44()
6	 [Google Chrome Framework	 -	 Google Chrome Framework:10902779] Google_Chrome_Framework::Symbol_45()
7	 [Google Chrome Framework	 -	 Google Chrome Framework:11081215] Google_Chrome_Framework::Symbol_46()
8	 [Google Chrome Framework	 -	 Google Chrome Framework:11154400] Google_Chrome_Framework::Symbol_47()
9	 [Google Chrome Framework	 -	 Google Chrome Framework:11080569] Google_Chrome_Framework::Symbol_48()
10	 [Google Chrome Framework	 -	 Google Chrome Framework:11243024] Google_Chrome_Framework::Symbol_49()
11	 [Google Chrome Framework	 -	 Google Chrome Framework:11243162] Google_Chrome_Framework::Symbol_50()
12	 [Google Chrome Framework	 -	 Google Chrome Framework:11229416] Google_Chrome_Framework::Symbol_51()
13	 [libSystem.B.dylib	 +	 0x2e258]
14	 [libSystem.B.dylib	 +	 0x2e0dd]

Thread 3
0	 [libSystem.B.dylib	 +	 0x27382]
1	 [Google Chrome Framework	 -	 Google Chrome Framework:11298408] Google_Chrome_Framework::Symbol_52()
2	 [Google Chrome Framework	 -	 Google Chrome Framework:10900171] Google_Chrome_Framework::Symbol_53()
3	 [Google Chrome Framework	 -	 Google Chrome Framework:11081215] Google_Chrome_Framework::Symbol_54()
4	 [Google Chrome Framework	 -	 Google Chrome Framework:11154400] Google_Chrome_Framework::Symbol_55()
5	 [Google Chrome Framework	 -	 Google Chrome Framework:11080569] Google_Chrome_Framework::Symbol_56()
6	 [Google Chrome Framework	 -	 Google Chrome Framework:11243024] Google_Chrome_Framework::Symbol_57()
7	 [Google Chrome Framework	 -	 Google Chrome Framework:11243162] Google_Chrome_Framework::Symbol_58()
8	 [Google Chrome Framework	 -	 Google Chrome Framework:11229416] Google_Chrome_Framework::Symbol_59()
9	 [libSystem.B.dylib	 +	 0x2e258]
10	 [libSystem.B.dylib	 +	 0x2e0dd]

Thread 4
0	 [libSystem.B.dylib	 +	 0x2eaa2]
1	 [libSystem.B.dylib	 +	 0x303f7]
2	 [Google Chrome Framework	 -	 Google Chrome Framework:11198375] Google_Chrome_Framework::Symbol_60()
3	 [Google Chrome Framework	 -	 Google Chrome Framework:11199578] Google_Chrome_Framework::Symbol_61()
4	 [Google Chrome Framework	 -	 Google Chrome Framework:11199317] Google_Chrome_Framework::Symbol_62()
5	 [Google Chrome Framework	 -	 Google Chrome Framework:11093717] Google_Chrome_Framework::Symbol_63()
6	 [Google Chrome Framework	 -	 Google Chrome Framework:11081215] Google_Chrome_Framework::Symbol_64()
7	 [Google Chrome Framework	 -	 Google Chrome Framework:11154400] Google_Chrome_Framework::Symbol_65()
8	 [Google Chrome Framework	 -	 Google Chrome Framework:11080569] Google_Chrome_Framework::Symbol_66()
9	 [Google Chrome Framework	 -	 Google Chrome Framework:11243024] Google_Chrome_Framework::Symbol_67()
10	 [Google Chrome Framework	 -	 Google Chrome Framework:11243162] Google_Chrome_Framework::Symbol_68()
11	 [Google Chrome Framework	 -	 Google Chrome Framework:11229416] Google_Chrome_Framework::Symbol_69()
12	 [libSystem.B.dylib	 +	 0x2e258]
13	 [libSystem.B.dylib	 +	 0x2e0dd]

Thread 5
0	 [libSystem.B.dylib	 +	 0xbe5e]
1	 [Google Chrome Framework	 -	 Google Chrome Framework:11229416] Google_Chrome_Framework::Symbol_70()
2	 [libSystem.B.dylib	 +	 0x2e258]
3	 [libSystem.B.dylib	 +	 0x2e0dd]

Thread 6
0	 [libSystem.B.dylib	 +	 0x2eaa2]
1	 [libSystem.B.dylib	 +	 0x2e2b0]
2	 [Google Chrome Framework	 -	 Google Chrome Framework:11198598] Google_Chrome_Framework::Symbol_71()
3	 [Google Chrome Framework	 -	 Google Chrome Framework:11199631] Google_Chrome_Framework::Symbol_72()
4	 [Google Chrome Framework	 -	 Google Chrome Framework:11093775] Google_Chrome_Framework::Symbol_73()
5	 [Google Chrome Framework	 -	 Google Chrome Framework:11081215] Google_Chrome_Framework::Symbol_74()
6	 [Google Chrome Framework	 -	 Google Chrome Framework:11154400] Google_Chrome_Framework::Symbol_75()
7	 [Google Chrome Framework	 -	 Google Chrome Framework:11080569] Google_Chrome_Framework::Symbol_76()
8	 [Google Chrome Framework	 -	 Google Chrome Framework:11243024] Google_Chrome_Framework::Symbol_77()
9	 [Google Chrome Framework	 -	 Google Chrome Framework:41862462] Google_Chrome_Framework::Symbol_78()
10	 [Google Chrome Framework	 -	 Google Chrome Framework:11243162] Google_Chrome_Framework::Symbol_79()
11	 [Google Chrome Framework	 -	 Google Chrome Framework:11229416] Google_Chrome_Framework::Symbol_80()
12	 [libSystem.B.dylib	 +	 0x2e258]
13	 [libSystem.B.dylib	 +	 0x2e0dd]

Thread 7
0	 [libSystem.B.dylib	 +	 0x2eaa2]
1	 [libSystem.B.dylib	 +	 0x303f7]
2	 [Google Chrome Framework	 -	 Google Chrome Framework:11198375] Google_Chrome_Framework::Symbol_81()
3	 [Google Chrome Framework	 -	 Google Chrome Framework:11199578] Google_Chrome_Framework::Symbol_82()
4	 [Google Chrome Framework	 -	 Google Chrome Framework:11199317] Google_Chrome_Framework::Symbol_83()
5	 [Google Chrome Framework	 -	 Google Chrome Framework:11093717] Google_Chrome_Framework::Symbol_84()
6	 [Google Chrome Framework	 -	 Google Chrome Framework:11081215] Google_Chrome_Framework::Symbol_85()
7	 [Google Chrome Framework	 -	 Google Chrome Framework:11154400] Google_Chrome_Framework::Symbol_86()
8	 [Google Chrome Framework	 -	 Google Chrome Framework:11080569] Google_Chrome_Framework::Symbol_87()
9	 [Google Chrome Framework	 -	 Google Chrome Framework:11243024] Google_Chrome_Framework::Symbol_88()
10	 [Google Chrome Framework	 -	 Google Chrome Framework:41862510] Google_Chrome_Framework::Symbol_89()
11	 [Google Chrome Framework	 -	 Google Chrome Framework:11243162] Google_Chrome_Framework::Symbol_90()
12	 [Google Chrome Framework	 -	 Google Chrome Framework:11229416] Google_Chrome_Framework::Symbol_91()
13	 [libSystem.B.dylib	 +	 0x2e258]
14	 [libSystem.B.dylib	 +	 0x2e0dd]

Thread 8
0	 [libSystem.B.dylib	 +	 0x27382]
1	 [Google Chrome Framework	 -	 Google Chrome Framework:11298408] Google_Chrome_Framework::Symbol_92()
2	 [Google Chrome Framework	 -	 Google Chrome Framework:10900367] Google_Chrome_Framework::Symbol_93()
3	 [Google Chrome Framework	 -	 Google Chrome Framework:11081215] Google_Chrome_Framework::Symbol_94()
4	 [Google Chrome Framework	 -	 Google Chrome Framework:11154400] Google_Chrome_Framework::Symbol_95()
5	 [Google Chrome Framework	 -	 Google Chrome Framework:11080569] Google_Chrome_Framework::Symbol_96()
6	 [Google Chrome Framework	 -	 Google Chrome Framework:11243024] Google_Chrome_Framework::Symbol_97()
7	 [Google Chrome Framework	 -	 Google Chrome Framework:41862558] Google_Chrome_Framework::Symbol_98()
8	 [Google Chrome Framework	 -	 Google Chrome Framework:11243162] Google_Chrome_Framework::Symbol_99()
9	 [Google Chrome Framework	 -	 Google Chrome Framework:11229416] Google_Chrome_Framework::Symbol_100()
10	 [libSystem.B.dylib	 +	 0x2e258]
11	 [libSystem.B.dylib	 +	 0x2e0dd]

Thread 9
0	 [libSystem.B.dylib	 +	 0x2eaa2]
1	 [libSystem.B.dylib	 +	 0x303f7]
2	 [Google Chrome Framework	 -	 Google Chrome Framework:11198375] Google_Chrome_Framework::Symbol_101()
3	 [Google Chrome Framework	 -	 Google Chrome Framework:11199578] Google_Chrome_Framework::Symbol_102()
4	 [Google Chrome Framework	 -	 Google Chrome Framework:11199317] Google_Chrome_Framework::Symbol_103()
5	 [Google Chrome Framework	 -	 Google Chrome Framework:11093717] Google_Chrome_Framework::Symbol_104()
6	 [Google Chrome Framework	 -	 Google Chrome Framework:11081215] Google_Chrome_Framework::Symbol_105()
7	 [Google Chrome Framework	 -	 Google Chrome Framework:11154400] Google_Chrome_Framework::Symbol_106()
8	 [Google Chrome Framework	 -	 Google Chrome Framework:11080569] Google_Chrome_Framework::Symbol_107()
9	 [Google Chrome Framework	 -	 Google Chrome Framework:11243024] Google_Chrome_Framework::Symbol_108()
10	 [Google Chrome Framework	 -	 Google Chrome Framework:41862606] Google_Chrome_Framework::Symbol_109()
11	 [Google Chrome Framework	 -	 Google Chrome Framework:11243162] Google_Chrome_Framework::Symbol_110()
12	 [Google Chrome Framework	 -	 Google Chrome Framework:11229416] Google_Chrome_Framework::Symbol_111()
13	 [libSystem.B.dylib	 +	 0x2e258]
14	 [libSystem.B.dylib	 +	 0x2e0dd]

Thread 10
0	 [libSystem.B.dylib	 +	 0x2eaa2]
1	 [libSystem.B.dylib	 +	 0x303f7]
2	 [Google Chrome Framework	 -	 Google Chrome Framework:11198375] Google_Chrome_Framework::Symbol_112()
3	 [Google Chrome Framework	 -	 Google Chrome Framework:11199578] Google_Chrome_Framework::Symbol_113()
4	 [Google Chrome Framework	 -	 Google Chrome Framework:11199317] Google_Chrome_Framework::Symbol_114()
5	 [Google Chrome Framework	 -	 Google Chrome Framework:11093717] Google_Chrome_Framework::Symbol_115()
6	 [Google Chrome Framework	 -	 Google Chrome Framework:11081215] Google_Chrome_Framework::Symbol_116()
7	 [Google Chrome Framework	 -	 Google Chrome Framework:11154400] Google_Chrome_Framework::Symbol_117()
8	 [Google Chrome Framework	 -	 Google Chrome Framework:11080569] Google_Chrome_Framework::Symbol_118()
9	 [Google Chrome Framework	 -	 Google Chrome Framework:11243024] Google_Chrome_Framework::Symbol_119()
10	 [Google Chrome Framework	 -	 Google Chrome Framework:41862654] Google_Chrome_Framework::Symbol_120()
11	 [Google Chrome Framework	 -	 Google Chrome Framework:11243162] Google_Chrome_Framework::Symbol_121()
12	 [Google Chrome Framework	 -	 Google Chrome Framework:11229416] Google_Chrome_Framework::Symbol_122()
13	 [libSystem.B.dylib	 +	 0x2e258]
14	 [libSystem.B.dylib	 +	 0x2e0dd]

Thread 11
0	 [libSystem.B.dylib	 +	 0x27382]
1	 [Google Chrome Framework	 -	 Google Chrome Framework:11298408] Google_Chrome_Framework::Symbol_123()
2	 [Google Chrome Framework	 -	 Google Chrome Framework:10900367] Google_Chrome_Framework::Symbol_124()
3	 [Google Chrome Framework	 -	 Google Chrome Framework:11081215] Google_Chrome_Framework::Symbol_125()
4	 [Google Chrome Framework	 -	 Google Chrome Framework:11154400] Google_Chrome_Framework::Symbol_126()
5	 [Google Chrome Framework	 -	 Google Chrome Framework:11080569] Google_Chrome_Framework::Symbol_127()
6	 [Google Chrome Framework	 -	 Google Chrome Framework:11243024] Google_Chrome_Framework::Symbol_128()
7	 [Google Chrome Framework	 -	 Google Chrome Framework:41862702] Google_Chrome_Framework::Symbol_129()
8	 [Google Chrome Framework	 -	 Google Chrome Framework:11243162] Google_Chrome_Framework::Symbol_130()
9	 [Google Chrome Framework	 -	 Google Chrome Framework:11229416] Google_Chrome_Framework::Symbol_131()
10	 [libSystem.B.dylib	 +	 0x2e258]
11	 [libSystem.B.dylib	 +	 0x2e0dd]

Thread 12 ( * CRASHED * EXC_BREAKPOINT / EXC_I386_BPT @ 0x634dbf67 )
0	 [Google Chrome Framework	 -	 Google Chrome Framework:10973031] Google_Chrome_Framework::Symbol_132()
1	 [Google Chrome Framework	 -	 Google Chrome Framework:15677066] Google_Chrome_Framework::Symbol_133()
2	 [Google Chrome Framework	 -	 Google Chrome Framework:8216682] Google_Chrome_Framework::Symbol_134()
3	 [Google Chrome Framework	 -	 Google Chrome Framework:8181808] Google_Chrome_Framework::Symbol_135()
4	 [Google Chrome Framework	 -	 Google Chrome Framework:11086081] Google_Chrome_Framework::Symbol_136()
5	 [Google Chrome Framework	 -	 Google Chrome Framework:11082549] Google_Chrome_Framework::Symbol_137()
6	 [Google Chrome Framework	 -	 Google Chrome Framework:11083548] Google_Chrome_Framework::Symbol_138()
7	 [Google Chrome Framework	 -	 Google Chrome Framework:10900017] Google_Chrome_Framework::Symbol_139()
8	 [Google Chrome Framework	 -	 Google Chrome Framework:11081215] Google_Chrome_Framework::Symbol_140()
9	 [Google Chrome Framework	 -	 Google Chrome Framework:11154400] Google_Chrome_Framework::Symbol_141()
10	 [Google Chrome Framework	 -	 Google Chrome Framework:11080569] Google_Chrome_Framework::Symbol_142()
11	 [Google Chrome Framework	 -	 Google Chrome Framework:11243024] Google_Chrome_Framework::Symbol_143()
12	 [Google Chrome Framework	 -	 Google Chrome Framework:41862750] Google_Chrome_Framework::Symbol_144()
13	 [Google Chrome Framework	 -	 Google Chrome Framework:11243162] Google_Chrome_Framework::Symbol_145()
14	 [Google Chrome Framework	 -	 Google Chrome Framework:11229416] Google_Chrome_Framework::Symbol_146()
15	 [libSystem.B.dylib	 +	 0x2e258]
16	 [libSystem.B.dylib	 +	 0x2e0dd]

Thread 13
0	 [libSystem.B.dylib	 +	 0xafa]
1	 [CoreFoundation	 -	 CoreFoundation:250590] CoreFoundation::Symbol_4()
2	 [CoreFoundation	 -	 CoreFoundation:246723] CoreFoundation::Symbol_5()
3	 [CoreFoundation	 -	 CoreFoundation:246256] CoreFoundation::Symbol_6()
4	 [Foundation	 -	 Foundation:328114] Foundation::Symbol_2()
5	 [Google Chrome Framework	 -	 Google Chrome Framework:10903598] Google_Chrome_Framework::Symbol_147()
6	 [Google Chrome Framework	 -	 Google Chrome Framework:10902779] Google_Chrome_Framework::Symbol_148()
7	 [Google Chrome Framework	 -	 Google Chrome Framework:11081215] Google_Chrome_Framework::Symbol_149()
8	 [Google Chrome Framework	 -	 Google Chrome Framework:11154400] Google_Chrome_Framework::Symbol_150()
9	 [Google Chrome Framework	 -	 Google Chrome Framework:11080569] Google_Chrome_Framework::Symbol_151()
10	 [Google Chrome Framework	 -	 Google Chrome Framework:11243024] Google_Chrome_Framework::Symbol_152()
11	 [Google Chrome Framework	 -	 Google Chrome Framework:11243162] Google_Chrome_Framework::Symbol_153()
12	 [Google Chrome Framework	 -	 Google Chrome Framework:11229416] Google_Chrome_Framework::Symbol_154()
13	 [libSystem.B.dylib	 +	 0x2e258]
14	 [libSystem.B.dylib	 +	 0x2e0dd]

Thread 14
0	 [libSystem.B.dylib	 +	 0x2eaa2]
1	 [libSystem.B.dylib	 +	 0x2e2b0]
2	 [Google Chrome Framework	 -	 Google Chrome Framework:11198598] Google_Chrome_Framework::Symbol_155()
3	 [Google Chrome Framework	 -	 Google Chrome Framework:11199631] Google_Chrome_Framework::Symbol_156()
4	 [Google Chrome Framework	 -	 Google Chrome Framework:11093775] Google_Chrome_Framework::Symbol_157()
5	 [Google Chrome Framework	 -	 Google Chrome Framework:11081215] Google_Chrome_Framework::Symbol_158()
6	 [Google Chrome Framework	 -	 Google Chrome Framework:11154400] Google_Chrome_Framework::Symbol_159()
7	 [Google Chrome Framework	 -	 Google Chrome Framework:11080569] Google_Chrome_Framework::Symbol_160()
8	 [Google Chrome Framework	 -	 Google Chrome Framework:11243024] Google_Chrome_Framework::Symbol_161()
9	 [Google Chrome Framework	 -	 Google Chrome Framework:11243162] Google_Chrome_Framework::Symbol_162()
10	 [Google Chrome Framework	 -	 Google Chrome Framework:11229416] Google_Chrome_Framework::Symbol_163()
11	 [libSystem.B.dylib	 +	 0x2e258]
12	 [libSystem.B.dylib	 +	 0x2e0dd]

Thread 15
0	 [libSystem.B.dylib	 +	 0xafa]
1	 [CoreFoundation	 -	 CoreFoundation:250590] CoreFoundation::Symbol_7()
2	 [CoreFoundation	 -	 CoreFoundation:246723] CoreFoundation::Symbol_8()
3	 [CoreFoundation	 -	 CoreFoundation:246256] CoreFoundation::Symbol_9()
4	 [Foundation	 -	 Foundation:328114] Foundation::Symbol_3()
5	 [Google Chrome Framework	 -	 Google Chrome Framework:10903598] Google_Chrome_Framework::Symbol_164()
6	 [Google Chrome Framework	 -	 Google Chrome Framework:10902779] Google_Chrome_Framework::Symbol_165()
7	 [Google Chrome Framework	 -	 Google Chrome Framework:11081215] Google_Chrome_Framework::Symbol_166()
8	 [Google Chrome Framework	 -	 Google Chrome Framework:11154400] Google_Chrome_Framework::Symbol_167()
9	 [Google Chrome Framework	 -	 Google Chrome Framework:11080569] Google_Chrome_Framework::Symbol_168()
10	 [Google Chrome Framework	 -	 Google Chrome Framework:11243024] Google_Chrome_Framework::Symbol_169()
11	 [Google Chrome Framework	 -	 Google Chrome Framework:11243162] Google_Chrome_Framework::Symbol_170()
12	 [Google Chrome Framework	 -	 Google Chrome Framework:11229416] Google_Chrome_Framework::Symbol_171()
13	 [libSystem.B.dylib	 +	 0x2e258]
14	 [libSystem.B.dylib	 +	 0x2e0dd]

Thread 16
0	 [libSystem.B.dylib	 +	 0x2eaa2]
1	 [libSystem.B.dylib	 +	 0x303f7]
2	 [Google Chrome Framework	 -	 Google Chrome Framework:11198375] Google_Chrome_Framework::Symbol_172()
3	 [Google Chrome Framework	 -	 Google Chrome Framework:11233126] Google_Chrome_Framework::Symbol_173()
4	 [Google Chrome Framework	 -	 Google Chrome Framework:11230780] Google_Chrome_Framework::Symbol_174()
5	 [Google Chrome Framework	 -	 Google Chrome Framework:11241113] Google_Chrome_Framework::Symbol_175()
6	 [Google Chrome Framework	 -	 Google Chrome Framework:11229416] Google_Chrome_Framework::Symbol_176()
7	 [libSystem.B.dylib	 +	 0x2e258]
8	 [libSystem.B.dylib	 +	 0x2e0dd]

Thread 17
0	 [libSystem.B.dylib	 +	 0xafa]
1	 [Google Chrome Framework	 -	 Google Chrome Framework:11073566] Google_Chrome_Framework::Symbol_177()
2	 [Google Chrome Framework	 -	 Google Chrome Framework:42413211] Google_Chrome_Framework::Symbol_178()
3	 [Google Chrome Framework	 -	 Google Chrome Framework:11229416] Google_Chrome_Framework::Symbol_179()
4	 [libSystem.B.dylib	 +	 0x2e258]
5	 [libSystem.B.dylib	 +	 0x2e0dd]

Thread 18
0	 [libSystem.B.dylib	 +	 0x2eaa2]
1	 [libSystem.B.dylib	 +	 0x303f7]
2	 [Google Chrome Framework	 -	 Google Chrome Framework:11198375] Google_Chrome_Framework::Symbol_180()
3	 [Google Chrome Framework	 -	 Google Chrome Framework:11233126] Google_Chrome_Framework::Symbol_181()
4	 [Google Chrome Framework	 -	 Google Chrome Framework:11230780] Google_Chrome_Framework::Symbol_182()
5	 [Google Chrome Framework	 -	 Google Chrome Framework:11241113] Google_Chrome_Framework::Symbol_183()
6	 [Google Chrome Framework	 -	 Google Chrome Framework:11229416] Google_Chrome_Framework::Symbol_184()
7	 [libSystem.B.dylib	 +	 0x2e258]
8	 [libSystem.B.dylib	 +	 0x2e0dd]

Thread 19
0	 [libSystem.B.dylib	 +	 0x2eaa2]
1	 [libSystem.B.dylib	 +	 0x303f7]
2	 [Google Chrome Framework	 -	 Google Chrome Framework:11198375] Google_Chrome_Framework::Symbol_185()
3	 [Google Chrome Framework	 -	 Google Chrome Framework:11233126] Google_Chrome_Framework::Symbol_186()
4	 [Google Chrome Framework	 -	 Google Chrome Framework:11230780] Google_Chrome_Framework::Symbol_187()
5	 [Google Chrome Framework	 -	 Google Chrome Framework:11241113] Google_Chrome_Framework::Symbol_188()
6	 [Google Chrome Framework	 -	 Google Chrome Framework:11229416] Google_Chrome_Framework::Symbol_189()
7	 [libSystem.B.dylib	 +	 0x2e258]
8	 [libSystem.B.dylib	 +	 0x2e0dd]

Thread 20
0	 [libSystem.B.dylib	 +	 0x2eaa2]
1	 [libSystem.B.dylib	 +	 0x2e2b0]
2	 [Google Chrome Framework	 -	 Google Chrome Framework:11198598] Google_Chrome_Framework::Symbol_190()
3	 [Google Chrome Framework	 -	 Google Chrome Framework:11247390] Google_Chrome_Framework::Symbol_191()
4	 [Google Chrome Framework	 -	 Google Chrome Framework:11248560] Google_Chrome_Framework::Symbol_192()
5	 [Google Chrome Framework	 -	 Google Chrome Framework:11229416] Google_Chrome_Framework::Symbol_193()
6	 [libSystem.B.dylib	 +	 0x2e258]
7	 [libSystem.B.dylib	 +	 0x2e0dd]

Thread 21
0	 [libSystem.B.dylib	 +	 0x2eaa2]
1	 [libSystem.B.dylib	 +	 0x2e2b0]
2	 [Google Chrome Framework	 -	 Google Chrome Framework:11198598] Google_Chrome_Framework::Symbol_194()
3	 [Google Chrome Framework	 -	 Google Chrome Framework:11247390] Google_Chrome_Framework::Symbol_195()
4	 [Google Chrome Framework	 -	 Google Chrome Framework:11248560] Google_Chrome_Framework::Symbol_196()
5	 [Google Chrome Framework	 -	 Google Chrome Framework:11229416] Google_Chrome_Framework::Symbol_197()
6	 [libSystem.B.dylib	 +	 0x2e258]
7	 [libSystem.B.dylib	 +	 0x2e0dd]

Thread 22
0	 [libSystem.B.dylib	 +	 0x2eaa2]
1	 [libSystem.B.dylib	 +	 0x2e2b0]
2	 [Google Chrome Framework	 -	 Google Chrome Framework:11198598] Google_Chrome_Framework::Symbol_198()
3	 [Google Chrome Framework	 -	 Google Chrome Framework:11247390] Google_Chrome_Framework::Symbol_199()
4	 [Google Chrome Framework	 -	 Google Chrome Framework:11248560] Google_Chrome_Framework::Symbol_200()
5	 [Google Chrome Framework	 -	 Google Chrome Framework:11229416] Google_Chrome_Framework::Symbol_201()
6	 [libSystem.B.dylib	 +	 0x2e258]
7	 [libSystem.B.dylib	 +	 0x2e0dd]

Thread 23
0	 [libSystem.B.dylib	 +	 0x26412]
1	 [libSystem.B.dylib	 +	 0x265c5]

Thread 24
0	 [libSystem.B.dylib	 +	 0x2eaa2]
1	 [libSystem.B.dylib	 +	 0x2e2b0]
2	 [Google Chrome Framework	 -	 Google Chrome Framework:11198598] Google_Chrome_Framework::Symbol_202()
3	 [Google Chrome Framework	 -	 Google Chrome Framework:11244771] Google_Chrome_Framework::Symbol_203()
4	 [Google Chrome Framework	 -	 Google Chrome Framework:11229416] Google_Chrome_Framework::Symbol_204()
5	 [libSystem.B.dylib	 +	 0x2e258]
6	 [libSystem.B.dylib	 +	 0x2e0dd]
